Component: Arm Compiler for Embedded 6.18 Tool: armlink [5e4cc100]

==============================================================================

Section Cross References

    startup_stm32g030xx.o(STACK) refers (Special) to heapauxi.o(.text) for __use_two_region_memory
    startup_stm32g030xx.o(HEAP) refers (Special) to heapauxi.o(.text) for __use_two_region_memory
    startup_stm32g030xx.o(RESET) refers (Special) to heapauxi.o(.text) for __use_two_region_memory
    startup_stm32g030xx.o(RESET) refers to startup_stm32g030xx.o(STACK) for __initial_sp
    startup_stm32g030xx.o(RESET) refers to startup_stm32g030xx.o(.text) for Reset_Handler
    startup_stm32g030xx.o(RESET) refers to stm32g0xx_it.o(.text.NMI_Handler) for NMI_Handler
    startup_stm32g030xx.o(RESET) refers to stm32g0xx_it.o(.text.HardFault_Handler) for HardFault_Handler
    startup_stm32g030xx.o(RESET) refers to stm32g0xx_it.o(.text.SVC_Handler) for SVC_Handler
    startup_stm32g030xx.o(RESET) refers to stm32g0xx_it.o(.text.PendSV_Handler) for PendSV_Handler
    startup_stm32g030xx.o(RESET) refers to stm32g0xx_it.o(.text.SysTick_Handler) for SysTick_Handler
    startup_stm32g030xx.o(.text) refers (Special) to heapauxi.o(.text) for __use_two_region_memory
    startup_stm32g030xx.o(.text) refers to system_stm32g0xx.o(.text.SystemInit) for SystemInit
    startup_stm32g030xx.o(.text) refers to __main.o(!!!main) for __main
    startup_stm32g030xx.o(.text) refers to startup_stm32g030xx.o(HEAP) for Heap_Mem
    startup_stm32g030xx.o(.text) refers to startup_stm32g030xx.o(STACK) for Stack_Mem
    aht10.o(.ARM.exidx.text.reverse) refers to aht10.o(.text.reverse) for [Anonymous Symbol]
    aht10.o(.text.intToStr) refers to aeabi_sdivfast.o(.text_divfast) for __aeabi_idiv
    aht10.o(.text.intToStr) refers to aeabi_sdivfast.o(.text) for __aeabi_idivmod
    aht10.o(.text.intToStr) refers to aeabi_memset.o(.text) for __aeabi_memset
    aht10.o(.ARM.exidx.text.intToStr) refers to aht10.o(.text.intToStr) for [Anonymous Symbol]
    aht10.o(.text.ftoa) refers to ffixi.o(.text) for __aeabi_f2iz
    aht10.o(.text.ftoa) refers to aeabi_sdivfast.o(.text_divfast) for __aeabi_idiv
    aht10.o(.text.ftoa) refers to fflti.o(.text) for __aeabi_i2f
    aht10.o(.text.ftoa) refers to faddsub.o(x$fpl$fsub) for __aeabi_fsub
    aht10.o(.text.ftoa) refers to f2d.o(.text) for __aeabi_f2d
    aht10.o(.text.ftoa) refers to dflti.o(.text) for __aeabi_i2d
    aht10.o(.text.ftoa) refers to pow.o(i.pow) for pow
    aht10.o(.text.ftoa) refers to dmul.o(.text) for __aeabi_dmul
    aht10.o(.text.ftoa) refers to d2f.o(.text) for __aeabi_d2f
    aht10.o(.text.ftoa) refers to aeabi_sdivfast.o(.text) for __aeabi_idivmod
    aht10.o(.text.ftoa) refers to aeabi_memset.o(.text) for __aeabi_memset
    aht10.o(.ARM.exidx.text.ftoa) refers to aht10.o(.text.ftoa) for [Anonymous Symbol]
    aht10.o(.text.write_trigger) refers to stm32g0xx_hal_i2c.o(.text.HAL_I2C_Master_Transmit) for HAL_I2C_Master_Transmit
    aht10.o(.text.write_trigger) refers to stm32g0xx_hal.o(.text.HAL_Delay) for HAL_Delay
    aht10.o(.text.write_trigger) refers to i2c.o(.bss.hi2c2) for hi2c2
    aht10.o(.ARM.exidx.text.write_trigger) refers to aht10.o(.text.write_trigger) for [Anonymous Symbol]
    aht10.o(.text.read_data) refers to stm32g0xx_hal_i2c.o(.text.HAL_I2C_Master_Receive) for HAL_I2C_Master_Receive
    aht10.o(.text.read_data) refers to i2c.o(.bss.hi2c2) for hi2c2
    aht10.o(.ARM.exidx.text.read_data) refers to aht10.o(.text.read_data) for [Anonymous Symbol]
    aht10.o(.text.aht10_read_data) refers to stm32g0xx_hal_i2c.o(.text.HAL_I2C_Master_Transmit) for HAL_I2C_Master_Transmit
    aht10.o(.text.aht10_read_data) refers to stm32g0xx_hal.o(.text.HAL_Delay) for HAL_Delay
    aht10.o(.text.aht10_read_data) refers to stm32g0xx_hal_i2c.o(.text.HAL_I2C_Master_Receive) for HAL_I2C_Master_Receive
    aht10.o(.text.aht10_read_data) refers to fflti.o(.text) for __aeabi_i2f
    aht10.o(.text.aht10_read_data) refers to fmul.o(x$fpl$fmul) for __aeabi_fmul
    aht10.o(.text.aht10_read_data) refers to faddsub.o(x$fpl$fadd) for __aeabi_fadd
    aht10.o(.text.aht10_read_data) refers to aht10.o(.text.ftoa) for ftoa
    aht10.o(.text.aht10_read_data) refers to i2c.o(.bss.hi2c2) for hi2c2
    aht10.o(.ARM.exidx.text.aht10_read_data) refers to aht10.o(.text.aht10_read_data) for [Anonymous Symbol]
    lora.o(.text.lora_read_reg) refers to stm32g0xx_hal_gpio.o(.text.HAL_GPIO_WritePin) for HAL_GPIO_WritePin
    lora.o(.text.lora_read_reg) refers to stm32g0xx_hal_spi.o(.text.HAL_SPI_Transmit) for HAL_SPI_Transmit
    lora.o(.text.lora_read_reg) refers to stm32g0xx_hal_spi.o(.text.HAL_SPI_GetState) for HAL_SPI_GetState
    lora.o(.text.lora_read_reg) refers to stm32g0xx_hal_spi.o(.text.HAL_SPI_Receive) for HAL_SPI_Receive
    lora.o(.ARM.exidx.text.lora_read_reg) refers to lora.o(.text.lora_read_reg) for [Anonymous Symbol]
[...]
    __arm_cp.4_6                             0x080025fc   Number         4  stm32g0xx_hal_i2c.o(.text.HAL_I2C_Master_Transmit)
    [Anonymous Symbol]                       0x08002600   Section        0  i2c.o(.text.HAL_I2C_MspInit)
    __arm_cp.1_0                             0x08002654   Number         4  i2c.o(.text.HAL_I2C_MspInit)
    __arm_cp.1_1                             0x08002658   Number         4  i2c.o(.text.HAL_I2C_MspInit)
    __arm_cp.1_2                             0x0800265c   Number         4  i2c.o(.text.HAL_I2C_MspInit)
    [Anonymous Symbol]                       0x08002660   Section        0  stm32g0xx_hal.o(.text.HAL_IncTick)
    __arm_cp.5_1                             0x08002670   Number         4  stm32g0xx_hal.o(.text.HAL_IncTick)
    [Anonymous Symbol]                       0x08002674   Section        0  stm32g0xx_hal.o(.text.HAL_Init)
    __arm_cp.0_0                             0x0800269c   Number         4  stm32g0xx_hal.o(.text.HAL_Init)
    [Anonymous Symbol]                       0x080026a0   Section        0  stm32g0xx_hal.o(.text.HAL_InitTick)
    __arm_cp.1_0                             0x080026e0   Number         4  stm32g0xx_hal.o(.text.HAL_InitTick)
    [Anonymous Symbol]                       0x080026e4   Section        0  stm32g0xx_hal_msp.o(.text.HAL_MspInit)
    __arm_cp.0_0                             0x0800270c   Number         4  stm32g0xx_hal_msp.o(.text.HAL_MspInit)
    [Anonymous Symbol]                       0x08002710   Section        0  stm32g0xx_hal_cortex.o(.text.HAL_NVIC_SetPriority)
    __arm_cp.0_0                             0x08002748   Number         4  stm32g0xx_hal_cortex.o(.text.HAL_NVIC_SetPriority)
    __arm_cp.0_1                             0x0800274c   Number         4  stm32g0xx_hal_cortex.o(.text.HAL_NVIC_SetPriority)
    [Anonymous Symbol]                       0x08002750   Section        0  stm32g0xx_hal_pwr_ex.o(.text.HAL_PWREx_ControlVoltageScaling)
    __arm_cp.13_0                            0x080027c4   Number         4  stm32g0xx_hal_pwr_ex.o(.text.HAL_PWREx_ControlVoltageScaling)
    __arm_cp.13_1                            0x080027c8   Number         4  stm32g0xx_hal_pwr_ex.o(.text.HAL_PWREx_ControlVoltageScaling)
    __arm_cp.13_2                            0x080027cc   Number         4  stm32g0xx_hal_pwr_ex.o(.text.HAL_PWREx_ControlVoltageScaling)
    [Anonymous Symbol]                       0x080027d0   Section        0  stm32g0xx_hal_rcc_ex.o(.text.HAL_RCCEx_PeriphCLKConfig)
    __arm_cp.0_0                             0x0800293c   Number         4  stm32g0xx_hal_rcc_ex.o(.text.HAL_RCCEx_PeriphCLKConfig)
    __arm_cp.0_1                             0x08002940   Number         4  stm32g0xx_hal_rcc_ex.o(.text.HAL_RCCEx_PeriphCLKConfig)
    __arm_cp.0_2                             0x08002944   Number         4  stm32g0xx_hal_rcc_ex.o(.text.HAL_RCCEx_PeriphCLKConfig)
    __arm_cp.0_4                             0x08002948   Number         4  stm32g0xx_hal_rcc_ex.o(.text.HAL_RCCEx_PeriphCLKConfig)
    [Anonymous Symbol]                       0x0800294c   Section        0  stm32g0xx_hal_rcc.o(.text.HAL_RCC_ClockConfig)
    __arm_cp.2_0                             0x08002b34   Number         4  stm32g0xx_hal_rcc.o(.text.HAL_RCC_ClockConfig)
    __arm_cp.2_1                             0x08002b38   Number         4  stm32g0xx_hal_rcc.o(.text.HAL_RCC_ClockConfig)
    __arm_cp.2_5                             0x08002b3c   Number         4  stm32g0xx_hal_rcc.o(.text.HAL_RCC_ClockConfig)
    __arm_cp.2_6                             0x08002b40   Number         4  stm32g0xx_hal_rcc.o(.text.HAL_RCC_ClockConfig)
    __arm_cp.2_7                             0x08002b44   Number         4  stm32g0xx_hal_rcc.o(.text.HAL_RCC_ClockConfig)
    [Anonymous Symbol]                       0x08002b48   Section        0  stm32g0xx_hal_rcc.o(.text.HAL_RCC_GetPCLK1Freq)
    __arm_cp.6_0                             0x08002b64   Number         4  stm32g0xx_hal_rcc.o(.text.HAL_RCC_GetPCLK1Freq)
    __arm_cp.6_2                             0x08002b68   Number         4  stm32g0xx_hal_rcc.o(.text.HAL_RCC_GetPCLK1Freq)
    [Anonymous Symbol]                       0x08002b6c   Section        0  stm32g0xx_hal_rcc.o(.text.HAL_RCC_GetSysClockFreq)
    __arm_cp.3_0                             0x08002be8   Number         4  stm32g0xx_hal_rcc.o(.text.HAL_RCC_GetSysClockFreq)
    __arm_cp.3_1                             0x08002bec   Number         4  stm32g0xx_hal_rcc.o(.text.HAL_RCC_GetSysClockFreq)
    __arm_cp.3_2                             0x08002bf0   Number         4  stm32g0xx_hal_rcc.o(.text.HAL_RCC_GetSysClockFreq)
    [Anonymous Symbol]                       0x08002bf4   Section        0  stm32g0xx_hal_rcc.o(.text.HAL_RCC_OscConfig)
    __arm_cp.1_0                             0x08002ff0   Number         4  stm32g0xx_hal_rcc.o(.text.HAL_RCC_OscConfig)
    __arm_cp.1_1                             0x08002ff4   Number         4  stm32g0xx_hal_rcc.o(.text.HAL_RCC_OscConfig)
    __arm_cp.1_2                             0x08002ff8   Number         4  stm32g0xx_hal_rcc.o(.text.HAL_RCC_OscConfig)
    __arm_cp.1_3                             0x08002ffc   Number         4  stm32g0xx_hal_rcc.o(.text.HAL_RCC_OscConfig)
    __arm_cp.1_4                             0x08003000   Number         4  stm32g0xx_hal_rcc.o(.text.HAL_RCC_OscConfig)
    __arm_cp.1_5                             0x08003004   Number         4  stm32g0xx_hal_rcc.o(.text.HAL_RCC_OscConfig)
    __arm_cp.1_6                             0x08003008   Number         4  stm32g0xx_hal_rcc.o(.text.HAL_RCC_OscConfig)
    __arm_cp.1_7                             0x0800300c   Number         4  stm32g0xx_hal_rcc.o(.text.HAL_RCC_OscConfig)
    [Anonymous Symbol]                       0x08003010   Section        0  stm32g0xx_hal_spi.o(.text.HAL_SPI_GetState)
    [Anonymous Symbol]                       0x08003018   Section        0  stm32g0xx_hal_spi.o(.text.HAL_SPI_Init)
    __arm_cp.0_0                             0x08003110   Number         4  stm32g0xx_hal_spi.o(.text.HAL_SPI_Init)
    [Anonymous Symbol]                       0x08003114   Section        0  spi.o(.text.HAL_SPI_MspInit)
    __arm_cp.1_0                             0x08003164   Number         4  spi.o(.text.HAL_SPI_MspInit)
    __arm_cp.1_1                             0x08003168   Number         4  spi.o(.text.HAL_SPI_MspInit)
    [Anonymous Symbol]                       0x0800316c   Section        0  stm32g0xx_hal_spi.o(.text.HAL_SPI_Receive)
    [Anonymous Symbol]                       0x08003388   Section        0  stm32g0xx_hal_spi.o(.text.HAL_SPI_Transmit)
    __arm_cp.4_0                             0x08003598   Number         4  stm32g0xx_hal_spi.o(.text.HAL_SPI_Transmit)
    [Anonymous Symbol]                       0x0800359c   Section        0  stm32g0xx_hal_spi.o(.text.HAL_SPI_TransmitReceive)
    __arm_cp.6_0                             0x08003878   Number         4  stm32g0xx_hal_spi.o(.text.HAL_SPI_TransmitReceive)
    [Anonymous Symbol]                       0x0800387c   Section        0  stm32g0xx_hal_cortex.o(.text.HAL_SYSTICK_Config)
    __arm_cp.4_0                             0x080038a4   Number         4  stm32g0xx_hal_cortex.o(.text.HAL_SYSTICK_Config)
    __arm_cp.4_1                             0x080038a8   Number         4  stm32g0xx_hal_cortex.o(.text.HAL_SYSTICK_Config)
    __arm_cp.4_2                             0x080038ac   Number         4  stm32g0xx_hal_cortex.o(.text.HAL_SYSTICK_Config)
    [Anonymous Symbol]                       0x080038b0   Section        0  stm32g0xx_hal_uart_ex.o(.text.HAL_UARTEx_DisableFifoMode)
    [Anonymous Symbol]                       0x080038e8   Section        0  stm32g0xx_hal_uart_ex.o(.text.HAL_UARTEx_SetRxFifoThreshold)
    [Anonymous Symbol]                       0x08003960   Section        0  stm32g0xx_hal_uart_ex.o(.text.HAL_UARTEx_SetTxFifoThreshold)
    __arm_cp.10_0                            0x080039d8   Number         4  stm32g0xx_hal_uart_ex.o(.text.HAL_UARTEx_SetTxFifoThreshold)
    __arm_cp.10_1                            0x080039dc   Number         4  stm32g0xx_hal_uart_ex.o(.text.HAL_UARTEx_SetTxFifoThreshold)
    [Anonymous Symbol]                       0x080039e0   Section        0  stm32g0xx_hal_uart.o(.text.HAL_UART_Init)
    __arm_cp.0_0                             0x08003aa8   Number         4  stm32g0xx_hal_uart.o(.text.HAL_UART_Init)
    [Anonymous Symbol]                       0x08003aac   Section        0  usart.o(.text.HAL_UART_MspInit)
    __arm_cp.1_0                             0x08003b00   Number         4  usart.o(.text.HAL_UART_MspInit)
    __arm_cp.1_1                             0x08003b04   Number         4  usart.o(.text.HAL_UART_MspInit)
    [Anonymous Symbol]                       0x08003b08   Section        0  stm32g0xx_hal_uart.o(.text.HAL_UART_Transmit)
    __arm_cp.10_0                            0x08003c0c   Number         4  stm32g0xx_hal_uart.o(.text.HAL_UART_Transmit)
    [Anonymous Symbol]                       0x08003c10   Section        0  stm32g0xx_it.o(.text.HardFault_Handler)
    I2C_IsErrorOccurred                      0x08003c15   Thumb Code   348  stm32g0xx_hal_i2c.o(.text.I2C_IsErrorOccurred)
    [Anonymous Symbol]                       0x08003c14   Section        0  stm32g0xx_hal_i2c.o(.text.I2C_IsErrorOccurred)
    I2C_WaitOnRXNEFlagUntilTimeout           0x08003d71   Thumb Code   176  stm32g0xx_hal_i2c.o(.text.I2C_WaitOnRXNEFlagUntilTimeout)
    [Anonymous Symbol]                       0x08003d70   Section        0  stm32g0xx_hal_i2c.o(.text.I2C_WaitOnRXNEFlagUntilTimeout)
    __arm_cp.9_0                             0x08003e20   Number         4  stm32g0xx_hal_i2c.o(.text.I2C_WaitOnRXNEFlagUntilTimeout)
    I2C_WaitOnTXISFlagUntilTimeout           0x08003e25   Thumb Code   146  stm32g0xx_hal_i2c.o(.text.I2C_WaitOnTXISFlagUntilTimeout)
    [Anonymous Symbol]                       0x08003e24   Section        0  stm32g0xx_hal_i2c.o(.text.I2C_WaitOnTXISFlagUntilTimeout)
    [Anonymous Symbol]                       0x08003eb8   Section        0  gpio.o(.text.MX_GPIO_Init)
    __arm_cp.0_0                             0x08003f64   Number         4  gpio.o(.text.MX_GPIO_Init)
    __arm_cp.0_1                             0x08003f68   Number         4  gpio.o(.text.MX_GPIO_Init)
    [Anonymous Symbol]                       0x08003f6c   Section        0  i2c.o(.text.MX_I2C2_Init)
    __arm_cp.0_0                             0x08003fb8   Number         4  i2c.o(.text.MX_I2C2_Init)
    __arm_cp.0_1                             0x08003fbc   Number         4  i2c.o(.text.MX_I2C2_Init)
    __arm_cp.0_2                             0x08003fc0   Number         4  i2c.o(.text.MX_I2C2_Init)
    [Anonymous Symbol]                       0x08003fc4   Section        0  spi.o(.text.MX_SPI1_Init)
    __arm_cp.0_0                             0x08004004   Number         4  spi.o(.text.MX_SPI1_Init)
    __arm_cp.0_1                             0x08004008   Number         4  spi.o(.text.MX_SPI1_Init)
    [Anonymous Symbol]                       0x0800400c   Section        0  usart.o(.text.MX_USART1_UART_Init)
    __arm_cp.0_0                             0x0800406c   Number         4  usart.o(.text.MX_USART1_UART_Init)
    __arm_cp.0_1                             0x08004070   Number         4  usart.o(.text.MX_USART1_UART_Init)
    [Anonymous Symbol]                       0x08004074   Section        0  stm32g0xx_it.o(.text.NMI_Handler)
    [Anonymous Symbol]                       0x08004076   Section        0  stm32g0xx_it.o(.text.PendSV_Handler)
    SPI_WaitFifoStateUntilTimeout            0x08004079   Thumb Code   352  stm32g0xx_hal_spi.o(.text.SPI_WaitFifoStateUntilTimeout)
    [Anonymous Symbol]                       0x08004078   Section        0  stm32g0xx_hal_spi.o(.text.SPI_WaitFifoStateUntilTimeout)
    SPI_WaitFlagStateUntilTimeout            0x080041d9   Thumb Code   204  stm32g0xx_hal_spi.o(.text.SPI_WaitFlagStateUntilTimeout)
    [Anonymous Symbol]                       0x080041d8   Section        0  stm32g0xx_hal_spi.o(.text.SPI_WaitFlagStateUntilTimeout)
    __arm_cp.32_0                            0x080042a4   Number         4  stm32g0xx_hal_spi.o(.text.SPI_WaitFlagStateUntilTimeout)
    [Anonymous Symbol]                       0x080042a8   Section        0  stm32g0xx_it.o(.text.SVC_Handler)
    [Anonymous Symbol]                       0x080042aa   Section        0  stm32g0xx_it.o(.text.SysTick_Handler)
    [Anonymous Symbol]                       0x080042b2   Section        0  main.o(.text.SystemClock_Config)
    [Anonymous Symbol]                       0x08004342   Section        0  system_stm32g0xx.o(.text.SystemInit)
    [Anonymous Symbol]                       0x08004344   Section        0  stm32g0xx_hal_uart.o(.text.UART_AdvFeatureConfig)
    [Anonymous Symbol]                       0x08004418   Section        0  stm32g0xx_hal_uart.o(.text.UART_SetConfig)
    __arm_cp.2_0                             0x08004550   Number         4  stm32g0xx_hal_uart.o(.text.UART_SetConfig)
    __arm_cp.2_1                             0x08004554   Number         4  stm32g0xx_hal_uart.o(.text.UART_SetConfig)
    __arm_cp.2_2                             0x08004558   Number         4  stm32g0xx_hal_uart.o(.text.UART_SetConfig)
    __arm_cp.2_3                             0x0800455c   Number         4  stm32g0xx_hal_uart.o(.text.UART_SetConfig)
    __arm_cp.2_4                             0x08004560   Number         4  stm32g0xx_hal_uart.o(.text.UART_SetConfig)
    __arm_cp.2_6                             0x08004574   Number         4  stm32g0xx_hal_uart.o(.text.UART_SetConfig)
    __arm_cp.2_7                             0x08004578   Number         4  stm32g0xx_hal_uart.o(.text.UART_SetConfig)
    __arm_cp.2_8                             0x0800457c   Number         4  stm32g0xx_hal_uart.o(.text.UART_SetConfig)
    __arm_cp.2_9                             0x08004580   Number         4  stm32g0xx_hal_uart.o(.text.UART_SetConfig)
    [Anonymous Symbol]                       0x08004584   Section        0  stm32g0xx_hal_uart.o(.text.UART_WaitOnFlagUntilTimeout)
    [Anonymous Symbol]                       0x080046bc   Section        0  aht10.o(.text.aht10_read_data)
    __arm_cp.5_0                             0x08004764   Number         4  aht10.o(.text.aht10_read_data)
    __arm_cp.5_2                             0x08004768   Number         4  aht10.o(.text.aht10_read_data)
    __arm_cp.5_3                             0x0800476c   Number         4  aht10.o(.text.aht10_read_data)
    __arm_cp.5_4                             0x08004770   Number         4  aht10.o(.text.aht10_read_data)
    [Anonymous Symbol]                       0x08004774   Section        0  ccs811.o(.text.ccs811_get_data)
    [Anonymous Symbol]                       0x080047c0   Section        0  ccs811.o(.text.ccs811_get_reg)
    [Anonymous Symbol]                       0x08004810   Section        0  ccs811.o(.text.ccs811_get_status)
    [Anonymous Symbol]                       0x08004848   Section        0  ccs811.o(.text.ccs811_init)
    __arm_cp.9_0                             0x08004970   Number         4  ccs811.o(.text.ccs811_init)
    __arm_cp.9_1                             0x08004974   Number         4  ccs811.o(.text.ccs811_init)
    __arm_cp.9_2                             0x08004978   Number         4  ccs811.o(.text.ccs811_init)
    __arm_cp.9_3                             0x0800497c   Number         4  ccs811.o(.text.ccs811_init)
    [Anonymous Symbol]                       0x080049a0   Section        0  aht10.o(.text.ftoa)
    __arm_cp.2_0                             0x08004bd4   Number         4  aht10.o(.text.ftoa)
    __arm_cp.2_1                             0x08004bd8   Number         4  aht10.o(.text.ftoa)
    [Anonymous Symbol]                       0x08004bdc   Section        0  lora.o(.text.lora_available)
    [Anonymous Symbol]                       0x08004bf0   Section        0  lora.o(.text.lora_begin_packet)
    [Anonymous Symbol]                       0x08004c32   Section        0  lora.o(.text.lora_end_packet)
    [Anonymous Symbol]                       0x08004c6c   Section        0  lora.o(.text.lora_init)
    __arm_cp.2_0                             0x08004d44   Number         4  lora.o(.text.lora_init)
    __arm_cp.2_1                             0x08004d48   Number         4  lora.o(.text.lora_init)
    [Anonymous Symbol]                       0x08004d4c   Section        0  lora.o(.text.lora_prasePacket)
    [Anonymous Symbol]                       0x08004de0   Section        0  lora.o(.text.lora_read)
    __arm_cp.6_0                             0x08004e04   Number         4  lora.o(.text.lora_read)
    [Anonymous Symbol]                       0x08004e08   Section        0  lora.o(.text.lora_read_reg)
    [Anonymous Symbol]                       0x08004e72   Section        0  lora.o(.text.lora_tx)
    [Anonymous Symbol]                       0x08004eb4   Section        0  lora.o(.text.lora_write_reg)
    [Anonymous Symbol]                       0x08004f1c   Section        0  main.o(.text.main)
    __arm_cp.2_0                             0x080052ec   Number         4  main.o(.text.main)
    __arm_cp.2_1                             0x080052f0   Number         4  main.o(.text.main)
    __arm_cp.2_3                             0x08005310   Number         4  main.o(.text.main)
    __arm_cp.2_4                             0x08005314   Number         4  main.o(.text.main)
    __arm_cp.2_5                             0x08005318   Number         4  main.o(.text.main)
    __arm_cp.2_6                             0x0800531c   Number         4  main.o(.text.main)
    __arm_cp.2_8                             0x08005334   Number         4  main.o(.text.main)
    __arm_cp.2_9                             0x08005338   Number         4  main.o(.text.main)
    __arm_cp.2_10                            0x0800533c   Number         4  main.o(.text.main)
    __arm_cp.2_12                            0x08005344   Number         4  main.o(.text.main)
    __arm_cp.2_13                            0x08005348   Number         4  main.o(.text.main)
    __arm_cp.2_14                            0x0800534c   Number         4  main.o(.text.main)
    __arm_cp.2_17                            0x08005378   Number         4  main.o(.text.main)
    .text_divfast                            0x080053b8   Section      502  aeabi_sdivfast.o(.text_divfast)
    i.__ARM_fpclassify                       0x080055b0   Section        0  fpclassify.o(i.__ARM_fpclassify)
    i.__kernel_poly                          0x080055dc   Section        0  poly.o(i.__kernel_poly)
    i.__mathlib_dbl_divzero                  0x08005688   Section        0  dunder.o(i.__mathlib_dbl_divzero)
    i.__mathlib_dbl_infnan2                  0x0800569c   Section        0  dunder.o(i.__mathlib_dbl_infnan2)
    i.__mathlib_dbl_invalid                  0x080056a4   Section        0  dunder.o(i.__mathlib_dbl_invalid)
    i.__mathlib_dbl_overflow                 0x080056b4   Section        0  dunder.o(i.__mathlib_dbl_overflow)
    i.__mathlib_dbl_underflow                0x080056c8   Section        0  dunder.o(i.__mathlib_dbl_underflow)
    i._is_digit                              0x080056dc   Section        0  __printf_wp.o(i._is_digit)
    i.pow                                    0x080056ec   Section        0  pow.o(i.pow)
    i.sqrt                                   0x080060c0   Section        0  sqrt.o(i.sqrt)
    locale$$code                             0x08006108   Section       44  lc_ctype_c.o(locale$$code)
    x$fpl$drleqf                             0x08006134   Section      104  drlef.o(x$fpl$drleqf)
    x$fpl$fadd                               0x0800619c   Section      140  faddsub.o(x$fpl$fadd)
    _fadd1                                   0x080061a9   Thumb Code     0  faddsub.o(x$fpl$fadd)
    x$fpl$fmul                               0x08006228   Section      176  fmul.o(x$fpl$fmul)
    x$fpl$fsub                               0x080062d8   Section      208  faddsub.o(x$fpl$fsub)
    _fsub1                                   0x080062e5   Thumb Code     0  faddsub.o(x$fpl$fsub)
    uc_hextab                                0x080063a8   Data          20  _printf_hex_int.o(.constdata)
    .constdata                               0x080063a8   Section       40  _printf_hex_int.o(.constdata)
    x$fpl$usenofp                            0x080063a8   Section        0  usenofp.o(x$fpl$usenofp)
    lc_hextab                                0x080063bc   Data          20  _printf_hex_int.o(.constdata)
    maptable                                 0x080063d0   Data          17  __printf_flags_wp.o(.constdata)
    .constdata                               0x080063d0   Section       17  __printf_flags_wp.o(.constdata)
    bp                                       0x080063e8   Data          16  pow.o(.constdata)
    .constdata                               0x080063e8   Section      136  pow.o(.constdata)
    dp_h                                     0x080063f8   Data          16  pow.o(.constdata)
    dp_l                                     0x08006408   Data          16  pow.o(.constdata)
    L                                        0x08006418   Data          48  pow.o(.constdata)
    P                                        0x08006448   Data          40  pow.o(.constdata)
    ddiv_reciptbl                            0x08006470   Data         128  ddiv.o(.constdata)
    .constdata                               0x08006470   Section      128  ddiv.o(.constdata)
    .constdata                               0x080064f0   Section        8  qnan.o(.constdata)
    FREQUENCY                                0x08006570   Data          32  lora.o(.rodata.cst32)
    [Anonymous Symbol]                       0x08006570   Section        0  lora.o(.rodata.cst32)
    UARTEx_SetNbDataToProcess.numerator      0x08006590   Data           8  stm32g0xx_hal_uart_ex.o(.rodata.cst8)
    [Anonymous Symbol]                       0x08006590   Section        0  stm32g0xx_hal_uart_ex.o(.rodata.cst8)
    UARTEx_SetNbDataToProcess.denominator    0x08006598   Data           8  stm32g0xx_hal_uart_ex.o(.rodata.cst8)
    [Anonymous Symbol]                       0x080065a0   Section        0  ccs811.o(.rodata.str1.1)
    [Anonymous Symbol]                       0x080065af   Section        0  main.o(.rodata.str1.1)
    locale$$data                             0x080065f4   Section      272  lc_ctype_c.o(locale$$data)
    __lcctype_c_name                         0x080065f8   Data           2  lc_ctype_c.o(locale$$data)
    __lcctype_c_start                        0x08006600   Data           0  lc_ctype_c.o(locale$$data)
    __lcctype_c_end                          0x08006704   Data           0  lc_ctype_c.o(locale$$data)
    [Anonymous Symbol]                       0x20000000   Section        0  stm32g0xx_hal.o(.data..L_MergedGlobals)
    .bss                                     0x20000038   Section       96  libspace.o(.bss)
    [Anonymous Symbol]                       0x20000098   Section        0  main.o(.bss..L_MergedGlobals)
    msg                                      0x200001fc   Data         100  ccs811.o(.bss.msg)
    [Anonymous Symbol]                       0x200001fc   Section        0  ccs811.o(.bss.msg)
    Heap_Mem                                 0x20000268   Data         512  startup_stm32g030xx.o(HEAP)
    HEAP                                     0x20000268   Section      512  startup_stm32g030xx.o(HEAP)
    Stack_Mem                                0x20000468   Data        1024  startup_stm32g030xx.o(STACK)
    STACK                                    0x20000468   Section     1024  startup_stm32g030xx.o(STACK)
    __initial_sp                             0x20000868   Data           0  startup_stm32g030xx.o(STACK)

    Global Symbols

    Symbol Name                              Value     Ov Type        Size  Object(Section)

    BuildAttributes$$THM_ISAv3M$S$PE$A:L22$X:L11$S22$IEEE1$IW$~IW$USESV6$~STKCKD$USESV7$~SHL$OTIME$ROPI$IEEEX$EBA8$UX$STANDARDLIB$REQ8$PRES8$EABIv2 0x00000000   Number         0  anon$$obj.o ABSOLUTE
    _printf_flags                            0x00000000   Number         0  printf_stubs.o ABSOLUTE
    _printf_return_value                     0x00000000   Number         0  printf_stubs.o ABSOLUTE
    _printf_sizespec                         0x00000000   Number         0  printf_stubs.o ABSOLUTE
    _printf_widthprec                        0x00000000   Number         0  printf_stubs.o ABSOLUTE
    __ARM_exceptions_init                     - Undefined Weak Reference
    __alloca_initialize                       - Undefined Weak Reference
    __arm_preinit_                            - Undefined Weak Reference
    __arm_relocate_pie_                       - Undefined Weak Reference
    __cpp_initialize__aeabi_                  - Undefined Weak Reference
    __cxa_finalize                            - Undefined Weak Reference
    __sigvec_lookup                           - Undefined Weak Reference
    __user_heap_extent                        - Undefined Weak Reference
    _atexit_init                              - Undefined Weak Reference
    _call_atexit_fns                          - Undefined Weak Reference
    _clock_init                               - Undefined Weak Reference
    _fp_trap_init                             - Undefined Weak Reference
    _fp_trap_shutdown                         - Undefined Weak Reference
    _get_lc_collate                           - Undefined Weak Reference
    _get_lc_monetary                          - Undefined Weak Reference
    _get_lc_numeric                           - Undefined Weak Reference
    _get_lc_time                              - Undefined Weak Reference
    _getenv_init                              - Undefined Weak Reference
    _handle_redirection                       - Undefined Weak Reference
    _initio                                   - Undefined Weak Reference
    _mutex_acquire                            - Undefined Weak Reference
    _mutex_free                               - Undefined Weak Reference
    _mutex_release                            - Undefined Weak Reference
    _printf_mbtowc                            - Undefined Weak Reference
    _printf_truncate_signed                   - Undefined Weak Reference
    _printf_truncate_unsigned                 - Undefined Weak Reference
    _rand_init                                - Undefined Weak Reference
    _scanf_int                                - Undefined Weak Reference
    _scanf_longlong                           - Undefined Weak Reference
    _scanf_mbtowc                             - Undefined Weak Reference
    _scanf_real                               - Undefined Weak Reference
    _scanf_wctomb                             - Undefined Weak Reference
    _scanf_wstring                            - Undefined Weak Reference
    _signal_finish                            - Undefined Weak Reference
    _signal_init                              - Undefined Weak Reference
    _terminateio                              - Undefined Weak Reference
    __Vectors_Size                           0x000000c0   Number         0  startup_stm32g030xx.o ABSOLUTE
    __Vectors                                0x08000000   Data           4  startup_stm32g030xx.o(RESET)
    __Vectors_End                            0x080000c0   Data           0  startup_stm32g030xx.o(RESET)
    __main                                   0x080000c1   Thumb Code     8  __main.o(!!!main)
    __scatterload                            0x080000c9   Thumb Code     0  __scatter.o(!!!scatter)
    __scatterload_rt2                        0x080000c9   Thumb Code    52  __scatter.o(!!!scatter)
    __scatterload_rt2_thumb_only             0x080000c9   Thumb Code     0  __scatter.o(!!!scatter)
    __scatterload_null                       0x080000d9   Thumb Code     0  __scatter.o(!!!scatter)
    __scatterload_copy                       0x08000105   Thumb Code    26  __scatter_copy.o(!!handler_copy)
    __scatterload_zeroinit                   0x08000121   Thumb Code    28  __scatter_zi.o(!!handler_zi)
    _printf_percent                          0x0800013d   Thumb Code     0  _printf_percent.o(.ARM.Collect$$_printf_percent$$00000000)
    _printf_d                                0x0800013f   Thumb Code     0  _printf_d.o(.ARM.Collect$$_printf_percent$$00000009)
    _printf_x                                0x08000149   Thumb Code     0  _printf_x.o(.ARM.Collect$$_printf_percent$$0000000C)
    _printf_s                                0x08000153   Thumb Code     0  _printf_s.o(.ARM.Collect$$_printf_percent$$00000014)
    _printf_percent_end                      0x0800015d   Thumb Code     0  _printf_percent_end.o(.ARM.Collect$$_printf_percent$$00000017)
    __rt_lib_init                            0x08000161   Thumb Code     0  libinit.o(.ARM.Collect$$libinit$$00000000)
    __rt_lib_init_fp_1                       0x08000163   Thumb Code     0  libinit2.o(.ARM.Collect$$libinit$$00000002)
    __rt_lib_init_heap_1                     0x08000163   Thumb Code     0  libinit2.o(.ARM.Collect$$libinit$$0000000C)
    __rt_lib_init_lc_common                  0x08000163   Thumb Code     0  libinit2.o(.ARM.Collect$$libinit$$00000011)
    __rt_lib_init_preinit_1                  0x08000163   Thumb Code     0  libinit2.o(.ARM.Collect$$libinit$$00000006)
    __rt_lib_init_rand_1                     0x08000163   Thumb Code     0  libinit2.o(.ARM.Collect$$libinit$$00000010)
    __rt_lib_init_relocate_pie_1             0x08000163   Thumb Code     0  libinit2.o(.ARM.Collect$$libinit$$00000004)
    __rt_lib_init_user_alloc_1               0x08000163   Thumb Code     0  libinit2.o(.ARM.Collect$$libinit$$0000000E)
    __rt_lib_init_lc_collate_1               0x08000169   Thumb Code     0  libinit2.o(.ARM.Collect$$libinit$$00000013)
    __rt_lib_init_lc_ctype_2                 0x08000169   Thumb Code     0  libinit2.o(.ARM.Collect$$libinit$$00000014)
    __rt_lib_init_alloca_1                   0x08000175   Thumb Code     0  libinit2.o(.ARM.Collect$$libinit$$00000030)
    __rt_lib_init_argv_1                     0x08000175   Thumb Code     0  libinit2.o(.ARM.Collect$$libinit$$0000002E)
    __rt_lib_init_atexit_1                   0x08000175   Thumb Code     0  libinit2.o(.ARM.Collect$$libinit$$0000001D)
    __rt_lib_init_clock_1                    0x08000175   Thumb Code     0  libinit2.o(.ARM.Collect$$libinit$$00000023)
    __rt_lib_init_cpp_1                      0x08000175   Thumb Code     0  libinit2.o(.ARM.Collect$$libinit$$00000034)
    __rt_lib_init_exceptions_1               0x08000175   Thumb Code     0  libinit2.o(.ARM.Collect$$libinit$$00000032)
    __rt_lib_init_fp_trap_1                  0x08000175   Thumb Code     0  libinit2.o(.ARM.Collect$$libinit$$00000021)
    __rt_lib_init_getenv_1                   0x08000175   Thumb Code     0  libinit2.o(.ARM.Collect$$libinit$$00000025)
    __rt_lib_init_lc_ctype_1                 0x08000175   Thumb Code     0  libinit2.o(.ARM.Collect$$libinit$$00000015)
    __rt_lib_init_lc_monetary_1              0x08000175   Thumb Code     0  libinit2.o(.ARM.Collect$$libinit$$00000017)
    __rt_lib_init_lc_numeric_1               0x08000175   Thumb Code     0  libinit2.o(.ARM.Collect$$libinit$$00000019)
    __rt_lib_init_lc_time_1                  0x08000175   Thumb Code     0  libinit2.o(.ARM.Collect$$libinit$$0000001B)
    __rt_lib_init_return                     0x08000175   Thumb Code     0  libinit2.o(.ARM.Collect$$libinit$$00000035)
    __rt_lib_init_signal_1                   0x08000175   Thumb Code     0  libinit2.o(.ARM.Collect$$libinit$$0000001F)
    __rt_lib_init_stdio_1                    0x08000175   Thumb Code     0  libinit2.o(.ARM.Collect$$libinit$$00000027)
    __rt_lib_shutdown                        0x08000177   Thumb Code     0  libshutdown.o(.ARM.Collect$$libshutdown$$00000000)
    __rt_lib_shutdown_cpp_1                  0x08000179   Thumb Code     0  libshutdown2.o(.ARM.Collect$$libshutdown$$00000002)
    __rt_lib_shutdown_fp_trap_1              0x08000179   Thumb Code     0  libshutdown2.o(.ARM.Collect$$libshutdown$$00000007)
    __rt_lib_shutdown_heap_1                 0x08000179   Thumb Code     0  libshutdown2.o(.ARM.Collect$$libshutdown$$0000000F)
    __rt_lib_shutdown_return                 0x08000179   Thumb Code     0  libshutdown2.o(.ARM.Collect$$libshutdown$$00000010)
    __rt_lib_shutdown_signal_1               0x08000179   Thumb Code     0  libshutdown2.o(.ARM.Collect$$libshutdown$$0000000A)
    __rt_lib_shutdown_stdio_1                0x08000179   Thumb Code     0  libshutdown2.o(.ARM.Collect$$libshutdown$$00000004)
    __rt_lib_shutdown_user_alloc_1           0x08000179   Thumb Code     0  libshutdown2.o(.ARM.Collect$$libshutdown$$0000000C)
    __rt_entry                               0x0800017b   Thumb Code     0  __rtentry.o(.ARM.Collect$$rtentry$$00000000)
    __rt_entry_presh_1                       0x0800017b   Thumb Code     0  __rtentry2.o(.ARM.Collect$$rtentry$$00000002)
    __rt_entry_sh                            0x0800017b   Thumb Code     0  __rtentry4.o(.ARM.Collect$$rtentry$$00000004)
    __rt_entry_li                            0x08000181   Thumb Code     0  __rtentry2.o(.ARM.Collect$$rtentry$$0000000A)
    __rt_entry_postsh_1                      0x08000181   Thumb Code     0  __rtentry2.o(.ARM.Collect$$rtentry$$00000009)
    __rt_entry_main                          0x08000185   Thumb Code     0  __rtentry2.o(.ARM.Collect$$rtentry$$0000000D)
    __rt_entry_postli_1                      0x08000185   Thumb Code     0  __rtentry2.o(.ARM.Collect$$rtentry$$0000000C)
    __rt_exit                                0x0800018d   Thumb Code     0  rtexit.o(.ARM.Collect$$rtexit$$00000000)
    __rt_exit_ls                             0x0800018f   Thumb Code     0  rtexit2.o(.ARM.Collect$$rtexit$$00000003)
    __rt_exit_prels_1                        0x0800018f   Thumb Code     0  rtexit2.o(.ARM.Collect$$rtexit$$00000002)
    __rt_exit_exit                           0x08000193   Thumb Code     0  rtexit2.o(.ARM.Collect$$rtexit$$00000004)
    Reset_Handler                            0x08000199   Thumb Code     8  startup_stm32g030xx.o(.text)
    ADC1_IRQHandler                          0x080001ab   Thumb Code     0  startup_stm32g030xx.o(.text)
    DMA1_Ch4_5_DMAMUX1_OVR_IRQHandler        0x080001ab   Thumb Code     0  startup_stm32g030xx.o(.text)
    DMA1_Channel1_IRQHandler                 0x080001ab   Thumb Code     0  startup_stm32g030xx.o(.text)
    DMA1_Channel2_3_IRQHandler               0x080001ab   Thumb Code     0  startup_stm32g030xx.o(.text)
    EXTI0_1_IRQHandler                       0x080001ab   Thumb Code     0  startup_stm32g030xx.o(.text)
    EXTI2_3_IRQHandler                       0x080001ab   Thumb Code     0  startup_stm32g030xx.o(.text)
    EXTI4_15_IRQHandler                      0x080001ab   Thumb Code     0  startup_stm32g030xx.o(.text)
    FLASH_IRQHandler                         0x080001ab   Thumb Code     0  startup_stm32g030xx.o(.text)
    I2C1_IRQHandler                          0x080001ab   Thumb Code     0  startup_stm32g030xx.o(.text)
    I2C2_IRQHandler                          0x080001ab   Thumb Code     0  startup_stm32g030xx.o(.text)
    RCC_IRQHandler                           0x080001ab   Thumb Code     0  startup_stm32g030xx.o(.text)
    RTC_TAMP_IRQHandler                      0x080001ab   Thumb Code     0  startup_stm32g030xx.o(.text)
    SPI1_IRQHandler                          0x080001ab   Thumb Code     0  startup_stm32g030xx.o(.text)
    SPI2_IRQHandler                          0x080001ab   Thumb Code     0  startup_stm32g030xx.o(.text)
    TIM14_IRQHandler                         0x080001ab   Thumb Code     0  startup_stm32g030xx.o(.text)
    TIM16_IRQHandler                         0x080001ab   Thumb Code     0  startup_stm32g030xx.o(.text)
    TIM17_IRQHandler                         0x080001ab   Thumb Code     0  startup_stm32g030xx.o(.text)
    TIM1_BRK_UP_TRG_COM_IRQHandler           0x080001ab   Thumb Code     0  startup_stm32g030xx.o(.text)
    TIM1_CC_IRQHandler                       0x080001ab   Thumb Code     0  startup_stm32g030xx.o(.text)
    TIM3_IRQHandler                          0x080001ab   Thumb Code     0  startup_stm32g030xx.o(.text)
    USART1_IRQHandler                        0x080001ab   Thumb Code     0  startup_stm32g030xx.o(.text)
    USART2_IRQHandler                        0x080001ab   Thumb Code     0  startup_stm32g030xx.o(.text)
    WWDG_IRQHandler                          0x080001ab   Thumb Code     0  startup_stm32g030xx.o(.text)
    __user_initial_stackheap                 0x080001ad   Thumb Code     0  startup_stm32g030xx.o(.text)
    __aeabi_uldivmod                         0x080001d1   Thumb Code   272  lludiv.o(.text)
    _ll_udiv                                 0x080001d1   Thumb Code     0  lludiv.o(.text)
    __2sprintf                               0x080002e1   Thumb Code    36  noretval__2sprintf.o(.text)
    _printf_pre_padding                      0x08000309   Thumb Code    44  _printf_pad.o(.text)
    _printf_post_padding                     0x08000335   Thumb Code    34  _printf_pad.o(.text)
    _printf_str                              0x08000357   Thumb Code    82  _printf_str.o(.text)
    _printf_int_dec                          0x080003a9   Thumb Code    90  _printf_dec.o(.text)
    _printf_int_hex                          0x08000415   Thumb Code    84  _printf_hex_int.o(.text)
    _printf_longlong_hex                     0x08000415   Thumb Code     0  _printf_hex_int.o(.text)
    __printf                                 0x0800046d   Thumb Code   306  __printf_flags_wp.o(.text)
    __0sscanf                                0x080005a5   Thumb Code    54  __0sscanf.o(.text)
    _scanf_string                            0x080005e5   Thumb Code   232  _scanf_str.o(.text)
    strstr                                   0x080006cd   Thumb Code    40  strstr.o(.text)
    strcpy                                   0x080006f5   Thumb Code    70  strcpy.o(.text)
    strlen                                   0x08000741   Thumb Code    62  strlen.o(.text)
    __aeabi_memset                           0x08000785   Thumb Code    18  aeabi_memset.o(.text)
    _memset_w                                0x08000797   Thumb Code    26  rt_memclr.o(.text)
    _memset                                  0x080007b1   Thumb Code    30  rt_memclr.o(.text)
    __aeabi_memclr                           0x080007cf   Thumb Code     4  rt_memclr.o(.text)
    __rt_memclr                              0x080007cf   Thumb Code     0  rt_memclr.o(.text)
    __aeabi_memclr4                          0x080007d3   Thumb Code     0  rt_memclr.o(.text)
    __aeabi_memclr8                          0x080007d3   Thumb Code     0  rt_memclr.o(.text)
    __rt_memclr_w                            0x080007d3   Thumb Code     4  rt_memclr.o(.text)
    __aeabi_uidivmod                         0x080007d9   Thumb Code    28  aeabi_sdivfast.o(.text)
    __aeabi_idivmod                          0x080007f5   Thumb Code   472  aeabi_sdivfast.o(.text)
    __use_two_region_memory                  0x080009d1   Thumb Code     2  heapauxi.o(.text)
    __rt_heap_escrow                         0x080009d3   Thumb Code     2  heapauxi.o(.text)
    __rt_heap_expand                         0x080009d5   Thumb Code     2  heapauxi.o(.text)
    __aeabi_d2f                              0x080009d9   Thumb Code     0  d2f.o(.text)
    _d2f                                     0x080009d9   Thumb Code   120  d2f.o(.text)
    __aeabi_i2d_normalise                    0x08000a55   Thumb Code    66  dflti.o(.text)
    __aeabi_i2d                              0x08000a97   Thumb Code    16  dflti.o(.text)
    _dflt                                    0x08000a97   Thumb Code     0  dflti.o(.text)
    __aeabi_ui2d                             0x08000aa7   Thumb Code     6  dflti.o(.text)
    _dfltu                                   0x08000aa7   Thumb Code     0  dflti.o(.text)
    __aeabi_dmul                             0x08000aad   Thumb Code     0  dmul.o(.text)
    _dmul                                    0x08000aad   Thumb Code   558  dmul.o(.text)
    __aeabi_f2d                              0x08000cf5   Thumb Code     0  f2d.o(.text)
    _f2d                                     0x08000cf5   Thumb Code    80  f2d.o(.text)
    __aeabi_f2iz                             0x08000d49   Thumb Code     0  ffixi.o(.text)
    _ffix                                    0x08000d49   Thumb Code    76  ffixi.o(.text)
    __aeabi_i2f_normalise                    0x08000d95   Thumb Code    72  fflti.o(.text)
    __aeabi_i2f                              0x08000ddd   Thumb Code    16  fflti.o(.text)
    _fflt                                    0x08000ddd   Thumb Code     0  fflti.o(.text)
    __aeabi_ui2f                             0x08000ded   Thumb Code     6  fflti.o(.text)
    _ffltu                                   0x08000ded   Thumb Code     0  fflti.o(.text)
    __read_errno                             0x08000df3   Thumb Code    10  _rserrno.o(.text)
    __set_errno                              0x08000dfd   Thumb Code    12  _rserrno.o(.text)
    _printf_int_common                       0x08000e09   Thumb Code   176  _printf_intcommon.o(.text)
    _printf_char_common                      0x08000ec3   Thumb Code    32  _printf_char_common.o(.text)
    _sputc                                   0x08000ee9   Thumb Code    10  _sputc.o(.text)
    _printf_cs_common                        0x08000ef3   Thumb Code    22  _printf_char.o(.text)
    _printf_char                             0x08000f09   Thumb Code    16  _printf_char.o(.text)
    _printf_string                           0x08000f19   Thumb Code     8  _printf_char.o(.text)
    __vfscanf_char                           0x08000f2d   Thumb Code    28  scanf_char.o(.text)
    _sgetc                                   0x08000f51   Thumb Code    32  _sgetc.o(.text)
    _sbackspace                              0x08000f71   Thumb Code    36  _sgetc.o(.text)
    __rt_udiv10                              0x08000f95   Thumb Code    40  rtudiv10.o(.text)
    __aeabi_dadd                             0x080012b5   Thumb Code     0  daddsub.o(.text)
    _dadd                                    0x080012b5   Thumb Code    26  daddsub.o(.text)
    __aeabi_dsub                             0x080012cf   Thumb Code     0  daddsub.o(.text)
    _dsub                                    0x080012cf   Thumb Code    22  daddsub.o(.text)
    __aeabi_drsub                            0x080012e5   Thumb Code     0  daddsub.o(.text)
    _drsb                                    0x080012e5   Thumb Code    28  daddsub.o(.text)
    __aeabi_ddiv                             0x08001315   Thumb Code     0  ddiv.o(.text)
    _ddiv                                    0x08001315   Thumb Code  1072  ddiv.o(.text)
    _drdiv                                   0x08001745   Thumb Code    20  ddiv.o(.text)
    __ARM_scalbn                             0x0800175d   Thumb Code    84  dscalbn.o(.text)
    __user_libspace                          0x080017bd   Thumb Code     8  libspace.o(.text)
    __user_perproc_libspace                  0x080017bd   Thumb Code     0  libspace.o(.text)
    __user_perthread_libspace                0x080017bd   Thumb Code     0  libspace.o(.text)
    __aeabi_errno_addr                       0x080017c5   Thumb Code     8  rt_errno_addr_intlibspace.o(.text)
    __errno$intlibspace                      0x080017c5   Thumb Code     0  rt_errno_addr_intlibspace.o(.text)
    __rt_errno_addr$intlibspace              0x080017c5   Thumb Code     0  rt_errno_addr_intlibspace.o(.text)
    isspace                                  0x080017cd   Thumb Code    18  isspace.o(.text)
    __vfscanf                                0x080017e1   Thumb Code   880  _scanf.o(.text)
    __fpl_dcmp_InfNaN                        0x08001b61   Thumb Code   154  dcmpin.o(.text)
    _dsqrt                                   0x08001c01   Thumb Code   248  dsqrt.o(.text)
    __user_setup_stackheap                   0x08001d01   Thumb Code    62  sys_stackheap_outer.o(.text)
    __rt_ctype_table                         0x08001d41   Thumb Code    16  rt_ctype_table.o(.text)
    exit                                     0x08001d51   Thumb Code    16  exit.o(.text)
    __fpl_cmpreturn                          0x08001d61   Thumb Code    46  cmpret.o(.text)
    __fpl_dcheck_NaN2                        0x08001d91   Thumb Code    14  dnan2.o(.text)
    _sys_exit                                0x08001da5   Thumb Code     8  sys_exit.o(.text)
    __I$use$semihosting                      0x08001db1   Thumb Code     0  use_no_semi.o(.text)
    __use_no_semihosting_swi                 0x08001db1   Thumb Code     2  use_no_semi.o(.text)
    __semihosting_library_function           0x08001db3   Thumb Code     0  indicate_semi.o(.text)
    __rt_locale                              0x08001db5   Thumb Code     8  rt_locale_intlibspace.o(.text)
    __fpl_return_NaN                         0x08001dbd   Thumb Code    94  retnan.o(.text)
    strcmp                                   0x08001e1d   Thumb Code   176  strcmpv6m.o(.text)
    Error_Handler                            0x08001ecd   Thumb Code     8  main.o(.text.Error_Handler)
    HAL_Delay                                0x08001ed5   Thumb Code    32  stm32g0xx_hal.o(.text.HAL_Delay)
    HAL_GPIO_Init                            0x08001ef9   Thumb Code   432  stm32g0xx_hal_gpio.o(.text.HAL_GPIO_Init)
    HAL_GPIO_WritePin                        0x080020bd   Thumb Code    16  stm32g0xx_hal_gpio.o(.text.HAL_GPIO_WritePin)
    HAL_GetTick                              0x080020cd   Thumb Code     8  stm32g0xx_hal.o(.text.HAL_GetTick)
    HAL_I2CEx_ConfigAnalogFilter             0x080020d9   Thumb Code    68  stm32g0xx_hal_i2c_ex.o(.text.HAL_I2CEx_ConfigAnalogFilter)
    HAL_I2CEx_ConfigDigitalFilter            0x0800211d   Thumb Code    68  stm32g0xx_hal_i2c_ex.o(.text.HAL_I2CEx_ConfigDigitalFilter)
    HAL_I2C_Init                             0x08002161   Thumb Code   160  stm32g0xx_hal_i2c.o(.text.HAL_I2C_Init)
    HAL_I2C_Master_Receive                   0x08002209   Thumb Code   484  stm32g0xx_hal_i2c.o(.text.HAL_I2C_Master_Receive)
    HAL_I2C_Master_Transmit                  0x080023f5   Thumb Code   496  stm32g0xx_hal_i2c.o(.text.HAL_I2C_Master_Transmit)
    HAL_I2C_MspInit                          0x08002601   Thumb Code    84  i2c.o(.text.HAL_I2C_MspInit)
    HAL_IncTick                              0x08002661   Thumb Code    16  stm32g0xx_hal.o(.text.HAL_IncTick)
    HAL_Init                                 0x08002675   Thumb Code    40  stm32g0xx_hal.o(.text.HAL_Init)
    HAL_InitTick                             0x080026a1   Thumb Code    64  stm32g0xx_hal.o(.text.HAL_InitTick)
    HAL_MspInit                              0x080026e5   Thumb Code    40  stm32g0xx_hal_msp.o(.text.HAL_MspInit)
    HAL_NVIC_SetPriority                     0x08002711   Thumb Code    56  stm32g0xx_hal_cortex.o(.text.HAL_NVIC_SetPriority)
    HAL_PWREx_ControlVoltageScaling          0x08002751   Thumb Code   116  stm32g0xx_hal_pwr_ex.o(.text.HAL_PWREx_ControlVoltageScaling)
    HAL_RCCEx_PeriphCLKConfig                0x080027d1   Thumb Code   364  stm32g0xx_hal_rcc_ex.o(.text.HAL_RCCEx_PeriphCLKConfig)
    HAL_RCC_ClockConfig                      0x0800294d   Thumb Code   488  stm32g0xx_hal_rcc.o(.text.HAL_RCC_ClockConfig)
    HAL_RCC_GetPCLK1Freq                     0x08002b49   Thumb Code    28  stm32g0xx_hal_rcc.o(.text.HAL_RCC_GetPCLK1Freq)
    HAL_RCC_GetSysClockFreq                  0x08002b6d   Thumb Code   124  stm32g0xx_hal_rcc.o(.text.HAL_RCC_GetSysClockFreq)
    HAL_RCC_OscConfig                        0x08002bf5   Thumb Code  1020  stm32g0xx_hal_rcc.o(.text.HAL_RCC_OscConfig)
    HAL_SPI_GetState                         0x08003011   Thumb Code     6  stm32g0xx_hal_spi.o(.text.HAL_SPI_GetState)
    HAL_SPI_Init                             0x08003019   Thumb Code   248  stm32g0xx_hal_spi.o(.text.HAL_SPI_Init)
    HAL_SPI_MspInit                          0x08003115   Thumb Code    80  spi.o(.text.HAL_SPI_MspInit)
    HAL_SPI_Receive                          0x0800316d   Thumb Code   540  stm32g0xx_hal_spi.o(.text.HAL_SPI_Receive)
    HAL_SPI_Transmit                         0x08003389   Thumb Code   528  stm32g0xx_hal_spi.o(.text.HAL_SPI_Transmit)
    HAL_SPI_TransmitReceive                  0x0800359d   Thumb Code   732  stm32g0xx_hal_spi.o(.text.HAL_SPI_TransmitReceive)
    HAL_SYSTICK_Config                       0x0800387d   Thumb Code    40  stm32g0xx_hal_cortex.o(.text.HAL_SYSTICK_Config)
    HAL_UARTEx_DisableFifoMode               0x080038b1   Thumb Code    54  stm32g0xx_hal_uart_ex.o(.text.HAL_UARTEx_DisableFifoMode)
    HAL_UARTEx_SetRxFifoThreshold            0x080038e9   Thumb Code   120  stm32g0xx_hal_uart_ex.o(.text.HAL_UARTEx_SetRxFifoThreshold)
    HAL_UARTEx_SetTxFifoThreshold            0x08003961   Thumb Code   120  stm32g0xx_hal_uart_ex.o(.text.HAL_UARTEx_SetTxFifoThreshold)
    HAL_UART_Init                            0x080039e1   Thumb Code   200  stm32g0xx_hal_uart.o(.text.HAL_UART_Init)
    HAL_UART_MspInit                         0x08003aad   Thumb Code    84  usart.o(.text.HAL_UART_MspInit)
    HAL_UART_Transmit                        0x08003b09   Thumb Code   260  stm32g0xx_hal_uart.o(.text.HAL_UART_Transmit)
    HardFault_Handler                        0x08003c11   Thumb Code     2  stm32g0xx_it.o(.text.HardFault_Handler)
    MX_GPIO_Init                             0x08003eb9   Thumb Code   172  gpio.o(.text.MX_GPIO_Init)
    MX_I2C2_Init                             0x08003f6d   Thumb Code    76  i2c.o(.text.MX_I2C2_Init)
    MX_SPI1_Init                             0x08003fc5   Thumb Code    64  spi.o(.text.MX_SPI1_Init)
    MX_USART1_UART_Init                      0x0800400d   Thumb Code    96  usart.o(.text.MX_USART1_UART_Init)
    NMI_Handler                              0x08004075   Thumb Code     2  stm32g0xx_it.o(.text.NMI_Handler)
    PendSV_Handler                           0x08004077   Thumb Code     2  stm32g0xx_it.o(.text.PendSV_Handler)
    SVC_Handler                              0x080042a9   Thumb Code     2  stm32g0xx_it.o(.text.SVC_Handler)
    SysTick_Handler                          0x080042ab   Thumb Code     8  stm32g0xx_it.o(.text.SysTick_Handler)
    SystemClock_Config                       0x080042b3   Thumb Code   144  main.o(.text.SystemClock_Config)
    SystemInit                               0x08004343   Thumb Code     2  system_stm32g0xx.o(.text.SystemInit)
    UART_AdvFeatureConfig                    0x08004345   Thumb Code   210  stm32g0xx_hal_uart.o(.text.UART_AdvFeatureConfig)
    UART_SetConfig                           0x08004419   Thumb Code   312  stm32g0xx_hal_uart.o(.text.UART_SetConfig)
    UART_WaitOnFlagUntilTimeout              0x08004585   Thumb Code   312  stm32g0xx_hal_uart.o(.text.UART_WaitOnFlagUntilTimeout)
    aht10_read_data                          0x080046bd   Thumb Code   168  aht10.o(.text.aht10_read_data)
    ccs811_get_data                          0x08004775   Thumb Code    76  ccs811.o(.text.ccs811_get_data)
    ccs811_get_reg                           0x080047c1   Thumb Code    80  ccs811.o(.text.ccs811_get_reg)
    ccs811_get_status                        0x08004811   Thumb Code    56  ccs811.o(.text.ccs811_get_status)
    ccs811_init                              0x08004849   Thumb Code   296  ccs811.o(.text.ccs811_init)
    ftoa                                     0x080049a1   Thumb Code   564  aht10.o(.text.ftoa)
    lora_available                           0x08004bdd   Thumb Code    20  lora.o(.text.lora_available)
    lora_begin_packet                        0x08004bf1   Thumb Code    66  lora.o(.text.lora_begin_packet)
    lora_end_packet                          0x08004c33   Thumb Code    58  lora.o(.text.lora_end_packet)
    lora_init                                0x08004c6d   Thumb Code   216  lora.o(.text.lora_init)
    lora_prasePacket                         0x08004d4d   Thumb Code   148  lora.o(.text.lora_prasePacket)
    lora_read                                0x08004de1   Thumb Code    36  lora.o(.text.lora_read)
    lora_read_reg                            0x08004e09   Thumb Code   106  lora.o(.text.lora_read_reg)
    lora_tx                                  0x08004e73   Thumb Code    66  lora.o(.text.lora_tx)
    lora_write_reg                           0x08004eb5   Thumb Code   102  lora.o(.text.lora_write_reg)
    main                                     0x08004f1d   Thumb Code   976  main.o(.text.main)
    __aeabi_uidiv                            0x080053b9   Thumb Code    68  aeabi_sdivfast.o(.text_divfast)
    __aeabi_idiv                             0x080053fd   Thumb Code   434  aeabi_sdivfast.o(.text_divfast)
    __ARM_fpclassify                         0x080055b1   Thumb Code    40  fpclassify.o(i.__ARM_fpclassify)
    __kernel_poly                            0x080055dd   Thumb Code   172  poly.o(i.__kernel_poly)
    __mathlib_dbl_divzero                    0x08005689   Thumb Code    16  dunder.o(i.__mathlib_dbl_divzero)
    __mathlib_dbl_infnan2                    0x0800569d   Thumb Code     8  dunder.o(i.__mathlib_dbl_infnan2)
    __mathlib_dbl_invalid                    0x080056a5   Thumb Code    16  dunder.o(i.__mathlib_dbl_invalid)
    __mathlib_dbl_overflow                   0x080056b5   Thumb Code    16  dunder.o(i.__mathlib_dbl_overflow)
    __mathlib_dbl_underflow                  0x080056c9   Thumb Code    14  dunder.o(i.__mathlib_dbl_underflow)
    _is_digit                                0x080056dd   Thumb Code    14  __printf_wp.o(i._is_digit)
    pow                                      0x080056ed   Thumb Code  2506  pow.o(i.pow)
    sqrt                                     0x080060c1   Thumb Code    66  sqrt.o(i.sqrt)
    _get_lc_ctype                            0x08006109   Thumb Code    44  lc_ctype_c.o(locale$$code)
    __aeabi_cdrcmple                         0x08006135   Thumb Code     0  drlef.o(x$fpl$drleqf)
    _drcmple                                 0x08006135   Thumb Code   100  drlef.o(x$fpl$drleqf)
    __aeabi_fadd                             0x0800619d   Thumb Code     0  faddsub.o(x$fpl$fadd)
    _fadd                                    0x0800619d   Thumb Code   134  faddsub.o(x$fpl$fadd)
    __aeabi_fmul                             0x08006229   Thumb Code     0  fmul.o(x$fpl$fmul)
    _fmul                                    0x08006229   Thumb Code   172  fmul.o(x$fpl$fmul)
    __aeabi_fsub                             0x080062d9   Thumb Code     0  faddsub.o(x$fpl$fsub)
    _fsub                                    0x080062d9   Thumb Code   204  faddsub.o(x$fpl$fsub)
    __I$use$fp                               0x080063a8   Number         0  usenofp.o(x$fpl$usenofp)
    __mathlib_zero                           0x080064f0   Data           8  qnan.o(.constdata)
    AHBPrescTable                            0x080064f8   Data          64  system_stm32g0xx.o(.rodata.AHBPrescTable)
    APBPrescTable                            0x08006538   Data          32  system_stm32g0xx.o(.rodata.APBPrescTable)
    UARTPrescTable                           0x08006558   Data          24  stm32g0xx_hal_uart.o(.rodata.UARTPrescTable)
    Region$$Table$$Base                      0x080065d4   Number         0  anon$$obj.o(Region$$Table)
    Region$$Table$$Limit                     0x080065f4   Number         0  anon$$obj.o(Region$$Table)
    __ctype                                  0x08006601   Data           0  lc_ctype_c.o(locale$$data)
    uwTickFreq                               0x20000000   Data           1  stm32g0xx_hal.o(.data..L_MergedGlobals)
    uwTickPrio                               0x20000004   Data           4  stm32g0xx_hal.o(.data..L_MergedGlobals)
    SystemCoreClock                          0x20000008   Data           4  system_stm32g0xx.o(.data.SystemCoreClock)
    node_id                                  0x2000000c   Data          40  main.o(.data.node_id)
    __libspace_start                         0x20000038   Data          96  libspace.o(.bss)
    __temporary_stack_top$libspace           0x20000098   Data           0  libspace.o(.bss)
    lora                                     0x20000098   Data           8  main.o(.bss..L_MergedGlobals)
    lora_pins                                0x200000a0   Data          28  main.o(.bss..L_MergedGlobals)
    hi2c2                                    0x200000bc   Data          76  i2c.o(.bss.hi2c2)
    hspi1                                    0x20000108   Data         100  spi.o(.bss.hspi1)
    huart1                                   0x2000016c   Data         144  usart.o(.bss.huart1)
    packetIndex                              0x20000260   Data           1  lora.o(.bss.packetIndex)
    uwTick                                   0x20000264   Data           4  stm32g0xx_hal.o(.bss.uwTick)



==============================================================================

Memory Map of the image

  Image Entry point : 0x080000c1

  Load Region LR_IROM1 (Base: 0x08000000, Size: 0x00006740, Max: 0x00010000, ABSOLUTE)

    Execution Region ER_IROM1 (Exec base: 0x08000000, Load base: 0x08000000, Size: 0x00006704, Max: 0x00010000, ABSOLUTE)

    Exec Addr    Load Addr    Size         Type   Attr      Idx    E Section Name        Object

    0x08000000   0x08000000   0x000000c0   Data   RO            3    RESET               startup_stm32g030xx.o
    0x080000c0   0x080000c0   0x00000008   Code   RO         1235  * !!!main             c_p.l(__main.o)
    0x080000c8   0x080000c8   0x0000003c   Code   RO         1576    !!!scatter          c_p.l(__scatter.o)
    0x08000104   0x08000104   0x0000001a   Code   RO         1578    !!handler_copy      c_p.l(__scatter_copy.o)
    0x0800011e   0x0800011e   0x00000002   PAD
    0x08000120   0x08000120   0x0000001c   Code   RO         1580    !!handler_zi        c_p.l(__scatter_zi.o)
    0x0800013c   0x0800013c   0x00000002   Code   RO         1210    .ARM.Collect$$_printf_percent$$00000000  c_p.l(_printf_percent.o)
    0x0800013e   0x0800013e   0x0000000a   Code   RO         1209    .ARM.Collect$$_printf_percent$$00000009  c_p.l(_printf_d.o)
    0x08000148   0x08000148   0x0000000a   Code   RO         1208    .ARM.Collect$$_printf_percent$$0000000C  c_p.l(_printf_x.o)
    0x08000152   0x08000152   0x0000000a   Code   RO         1207    .ARM.Collect$$_printf_percent$$00000014  c_p.l(_printf_s.o)
    0x0800015c   0x0800015c   0x00000004   Code   RO         1308    .ARM.Collect$$_printf_percent$$00000017  c_p.l(_printf_percent_end.o)
    0x08000160   0x08000160   0x00000002   Code   RO         1485    .ARM.Collect$$libinit$$00000000  c_p.l(libinit.o)
    0x08000162   0x08000162   0x00000000   Code   RO         1403    .ARM.Collect$$libinit$$00000002  c_p.l(libinit2.o)
    0x08000162   0x08000162   0x00000000   Code   RO         1405    .ARM.Collect$$libinit$$00000004  c_p.l(libinit2.o)
    0x08000162   0x08000162   0x00000000   Code   RO         1407    .ARM.Collect$$libinit$$00000006  c_p.l(libinit2.o)
    0x08000162   0x08000162   0x00000000   Code   RO         1410    .ARM.Collect$$libinit$$0000000C  c_p.l(libinit2.o)
    0x08000162   0x08000162   0x00000000   Code   RO         1412    .ARM.Collect$$libinit$$0000000E  c_p.l(libinit2.o)
    0x08000162   0x08000162   0x00000000   Code   RO         1414    .ARM.Collect$$libinit$$00000010  c_p.l(libinit2.o)
    0x08000162   0x08000162   0x00000006   Code   RO         1415    .ARM.Collect$$libinit$$00000011  c_p.l(libinit2.o)
    0x08000168   0x08000168   0x00000000   Code   RO         1417    .ARM.Collect$$libinit$$00000013  c_p.l(libinit2.o)
    0x08000168   0x08000168   0x0000000c   Code   RO         1418    .ARM.Collect$$libinit$$00000014  c_p.l(libinit2.o)
    0x08000174   0x08000174   0x00000000   Code   RO         1419    .ARM.Collect$$libinit$$00000015  c_p.l(libinit2.o)
    0x08000174   0x08000174   0x00000000   Code   RO         1421    .ARM.Collect$$libinit$$00000017  c_p.l(libinit2.o)
    0x08000174   0x08000174   0x00000000   Code   RO         1423    .ARM.Collect$$libinit$$00000019  c_p.l(libinit2.o)
    0x08000174   0x08000174   0x00000000   Code   RO         1425    .ARM.Collect$$libinit$$0000001B  c_p.l(libinit2.o)
    0x08000174   0x08000174   0x00000000   Code   RO         1427    .ARM.Collect$$libinit$$0000001D  c_p.l(libinit2.o)
    0x08000174   0x08000174   0x00000000   Code   RO         1429    .ARM.Collect$$libinit$$0000001F  c_p.l(libinit2.o)
    0x08000174   0x08000174   0x00000000   Code   RO         1431    .ARM.Collect$$libinit$$00000021  c_p.l(libinit2.o)
    0x08000174   0x08000174   0x00000000   Code   RO         1433    .ARM.Collect$$libinit$$00000023  c_p.l(libinit2.o)
    0x08000174   0x08000174   0x00000000   Code   RO         1435    .ARM.Collect$$libinit$$00000025  c_p.l(libinit2.o)
    0x08000174   0x08000174   0x00000000   Code   RO         1437    .ARM.Collect$$libinit$$00000027  c_p.l(libinit2.o)
    0x08000174   0x08000174   0x00000000   Code   RO         1441    .ARM.Collect$$libinit$$0000002E  c_p.l(libinit2.o)
    0x08000174   0x08000174   0x00000000   Code   RO         1443    .ARM.Collect$$libinit$$00000030  c_p.l(libinit2.o)
    0x08000174   0x08000174   0x00000000   Code   RO         1445    .ARM.Collect$$libinit$$00000032  c_p.l(libinit2.o)
    0x08000174   0x08000174   0x00000000   Code   RO         1447    .ARM.Collect$$libinit$$00000034  c_p.l(libinit2.o)
    0x08000174   0x08000174   0x00000002   Code   RO         1448    .ARM.Collect$$libinit$$00000035  c_p.l(libinit2.o)
    0x08000176   0x08000176   0x00000002   Code   RO         1573    .ARM.Collect$$libshutdown$$00000000  c_p.l(libshutdown.o)
    0x08000178   0x08000178   0x00000000   Code   RO         1525    .ARM.Collect$$libshutdown$$00000002  c_p.l(libshutdown2.o)
    0x08000178   0x08000178   0x00000000   Code   RO         1527    .ARM.Collect$$libshutdown$$00000004  c_p.l(libshutdown2.o)
    0x08000178   0x08000178   0x00000000   Code   RO         1530    .ARM.Collect$$libshutdown$$00000007  c_p.l(libshutdown2.o)
    0x08000178   0x08000178   0x00000000   Code   RO         1533    .ARM.Collect$$libshutdown$$0000000A  c_p.l(libshutdown2.o)
    0x08000178   0x08000178   0x00000000   Code   RO         1535    .ARM.Collect$$libshutdown$$0000000C  c_p.l(libshutdown2.o)
    0x08000178   0x08000178   0x00000000   Code   RO         1538    .ARM.Collect$$libshutdown$$0000000F  c_p.l(libshutdown2.o)
    0x08000178   0x08000178   0x00000002   Code   RO         1539    .ARM.Collect$$libshutdown$$00000010  c_p.l(libshutdown2.o)
    0x0800017a   0x0800017a   0x00000000   Code   RO         1264    .ARM.Collect$$rtentry$$00000000  c_p.l(__rtentry.o)
    0x0800017a   0x0800017a   0x00000000   Code   RO         1356    .ARM.Collect$$rtentry$$00000002  c_p.l(__rtentry2.o)
    0x0800017a   0x0800017a   0x00000006   Code   RO         1368    .ARM.Collect$$rtentry$$00000004  c_p.l(__rtentry4.o)
    0x08000180   0x08000180   0x00000000   Code   RO         1358    .ARM.Collect$$rtentry$$00000009  c_p.l(__rtentry2.o)
    0x08000180   0x08000180   0x00000004   Code   RO         1359    .ARM.Collect$$rtentry$$0000000A  c_p.l(__rtentry2.o)
    0x08000184   0x08000184   0x00000000   Code   RO         1361    .ARM.Collect$$rtentry$$0000000C  c_p.l(__rtentry2.o)
    0x08000184   0x08000184   0x00000008   Code   RO         1362    .ARM.Collect$$rtentry$$0000000D  c_p.l(__rtentry2.o)
    0x0800018c   0x0800018c   0x00000002   Code   RO         1500    .ARM.Collect$$rtexit$$00000000  c_p.l(rtexit.o)
    0x0800018e   0x0800018e   0x00000000   Code   RO         1547    .ARM.Collect$$rtexit$$00000002  c_p.l(rtexit2.o)
    0x0800018e   0x0800018e   0x00000004   Code   RO         1548    .ARM.Collect$$rtexit$$00000003  c_p.l(rtexit2.o)
    0x08000192   0x08000192   0x00000006   Code   RO         1549    .ARM.Collect$$rtexit$$00000004  c_p.l(rtexit2.o)
    0x08000198   0x08000198   0x00000038   Code   RO            4    .text               startup_stm32g030xx.o
    0x080001d0   0x080001d0   0x00000110   Code   RO         1152    .text               c_p.l(lludiv.o)
    0x080002e0   0x080002e0   0x00000028   Code   RO         1156    .text               c_p.l(noretval__2sprintf.o)
    0x08000308   0x08000308   0x0000004e   Code   RO         1160    .text               c_p.l(_printf_pad.o)
    0x08000356   0x08000356   0x00000052   Code   RO         1162    .text               c_p.l(_printf_str.o)
    0x080003a8   0x080003a8   0x0000006c   Code   RO         1164    .text               c_p.l(_printf_dec.o)
    0x08000414   0x08000414   0x00000058   Code   RO         1169    .text               c_p.l(_printf_hex_int.o)
    0x0800046c   0x0800046c   0x00000138   Code   RO         1199    .text               c_p.l(__printf_flags_wp.o)
    0x080005a4   0x080005a4   0x00000040   Code   RO         1211    .text               c_p.l(__0sscanf.o)
    0x080005e4   0x080005e4   0x000000e8   Code   RO         1213    .text               c_p.l(_scanf_str.o)
    0x080006cc   0x080006cc   0x00000028   Code   RO         1215    .text               c_p.l(strstr.o)
    0x080006f4   0x080006f4   0x0000004c   Code   RO         1217    .text               c_p.l(strcpy.o)
    0x08000740   0x08000740   0x00000044   Code   RO         1219    .text               c_p.l(strlen.o)
    0x08000784   0x08000784   0x00000012   Code   RO         1221    .text               c_p.l(aeabi_memset.o)
    0x08000796   0x08000796   0x00000040   Code   RO         1223    .text               c_p.l(rt_memclr.o)
    0x080007d6   0x080007d6   0x00000002   PAD
    0x080007d8   0x080007d8   0x000001f8   Code   RO         1225    .text               c_p.l(aeabi_sdivfast.o)
    0x080009d0   0x080009d0   0x00000006   Code   RO         1233    .text               c_p.l(heapauxi.o)
    0x080009d6   0x080009d6   0x00000002   PAD
    0x080009d8   0x080009d8   0x0000007c   Code   RO         1237    .text               fz_ps.l(d2f.o)
    0x08000a54   0x08000a54   0x00000058   Code   RO         1239    .text               fz_ps.l(dflti.o)
    0x08000aac   0x08000aac   0x00000248   Code   RO         1241    .text               fz_ps.l(dmul.o)
    0x08000cf4   0x08000cf4   0x00000054   Code   RO         1243    .text               fz_ps.l(f2d.o)
    0x08000d48   0x08000d48   0x0000004c   Code   RO         1251    .text               fz_ps.l(ffixi.o)
    0x08000d94   0x08000d94   0x0000005e   Code   RO         1253    .text               fz_ps.l(fflti.o)
    0x08000df2   0x08000df2   0x00000016   Code   RO         1298    .text               c_p.l(_rserrno.o)
    0x08000e08   0x08000e08   0x000000b0   Code   RO         1300    .text               c_p.l(_printf_intcommon.o)
    0x08000eb8   0x08000eb8   0x00000030   Code   RO         1302    .text               c_p.l(_printf_char_common.o)
    0x08000ee8   0x08000ee8   0x0000000a   Code   RO         1304    .text               c_p.l(_sputc.o)
    0x08000ef2   0x08000ef2   0x0000002e   Code   RO         1306    .text               c_p.l(_printf_char.o)
    0x08000f20   0x08000f20   0x00000030   Code   RO         1309    .text               c_p.l(scanf_char.o)
    0x08000f50   0x08000f50   0x00000044   Code   RO         1311    .text               c_p.l(_sgetc.o)
    0x08000f94   0x08000f94   0x00000028   Code   RO         1317    .text               c_p.l(rtudiv10.o)
    0x08000fbc   0x08000fbc   0x00000358   Code   RO         1319    .text               fz_ps.l(daddsub.o)
    0x08001314   0x08001314   0x00000448   Code   RO         1321    .text               fz_ps.l(ddiv.o)
    0x0800175c   0x0800175c   0x00000060   Code   RO         1326    .text               fz_ps.l(dscalbn.o)
    0x080017bc   0x080017bc   0x00000008   Code   RO         1352    .text               c_p.l(libspace.o)
    0x080017c4   0x080017c4   0x00000008   Code   RO         1375    .text               c_p.l(rt_errno_addr_intlibspace.o)
    0x080017cc   0x080017cc   0x00000012   Code   RO         1387    .text               c_p.l(isspace.o)
    0x080017de   0x080017de   0x00000002   PAD
    0x080017e0   0x080017e0   0x00000380   Code   RO         1391    .text               c_p.l(_scanf.o)
    0x08001b60   0x08001b60   0x000000a0   Code   RO         1449    .text               fz_ps.l(dcmpin.o)
    0x08001c00   0x08001c00   0x00000100   Code   RO         1451    .text               fz_ps.l(dsqrt.o)
    0x08001d00   0x08001d00   0x0000003e   Code   RO         1457    .text               c_p.l(sys_stackheap_outer.o)
    0x08001d3e   0x08001d3e   0x00000002   PAD
    0x08001d40   0x08001d40   0x00000010   Code   RO         1460    .text               c_p.l(rt_ctype_table.o)
    0x08001d50   0x08001d50   0x00000010   Code   RO         1468    .text               c_p.l(exit.o)
    0x08001d60   0x08001d60   0x0000002e   Code   RO         1486    .text               fz_ps.l(cmpret.o)
    0x08001d8e   0x08001d8e   0x00000002   PAD
    0x08001d90   0x08001d90   0x00000014   Code   RO         1488    .text               fz_ps.l(dnan2.o)
    0x08001da4   0x08001da4   0x0000000c   Code   RO         1492    .text               c_p.l(sys_exit.o)
    0x08001db0   0x08001db0   0x00000002   Code   RO         1496    .text               c_p.l(use_no_semi.o)
    0x08001db2   0x08001db2   0x00000000   Code   RO         1498    .text               c_p.l(indicate_semi.o)
    0x08001db2   0x08001db2   0x00000002   PAD
    0x08001db4   0x08001db4   0x00000008   Code   RO         1505    .text               c_p.l(rt_locale_intlibspace.o)
    0x08001dbc   0x08001dbc   0x0000005e   Code   RO         1540    .text               fz_ps.l(retnan.o)
    0x08001e1a   0x08001e1a   0x00000002   PAD
    0x08001e1c   0x08001e1c   0x000000b0   Code   RO         1555    .text               c_p.l(strcmpv6m.o)
    0x08001ecc   0x08001ecc   0x00000008   Code   RO          105    .text.Error_Handler  main.o
    0x08001ed4   0x08001ed4   0x00000024   Code   RO          693    .text.HAL_Delay     stm32g0xx_hal.o
    0x08001ef8   0x08001ef8   0x000001c4   Code   RO          486    .text.HAL_GPIO_Init  stm32g0xx_hal_gpio.o
    0x080020bc   0x080020bc   0x00000010   Code   RO          492    .text.HAL_GPIO_WritePin  stm32g0xx_hal_gpio.o
    0x080020cc   0x080020cc   0x0000000c   Code   RO          685    .text.HAL_GetTick   stm32g0xx_hal.o
    0x080020d8   0x080020d8   0x00000044   Code   RO          350    .text.HAL_I2CEx_ConfigAnalogFilter  stm32g0xx_hal_i2c_ex.o
    0x0800211c   0x0800211c   0x00000044   Code   RO          352    .text.HAL_I2CEx_ConfigDigitalFilter  stm32g0xx_hal_i2c_ex.o
    0x08002160   0x08002160   0x000000a8   Code   RO          198    .text.HAL_I2C_Init  stm32g0xx_hal_i2c.o
    0x08002208   0x08002208   0x000001ec   Code   RO          214    .text.HAL_I2C_Master_Receive  stm32g0xx_hal_i2c.o
    0x080023f4   0x080023f4   0x0000020c   Code   RO          206    .text.HAL_I2C_Master_Transmit  stm32g0xx_hal_i2c.o
    0x08002600   0x08002600   0x00000060   Code   RO          130    .text.HAL_I2C_MspInit  i2c.o
    0x08002660   0x08002660   0x00000014   Code   RO          683    .text.HAL_IncTick   stm32g0xx_hal.o
    0x08002674   0x08002674   0x0000002c   Code   RO          673    .text.HAL_Init      stm32g0xx_hal.o
    0x080026a0   0x080026a0   0x00000044   Code   RO          675    .text.HAL_InitTick  stm32g0xx_hal.o
    0x080026e4   0x080026e4   0x0000002c   Code   RO          190    .text.HAL_MspInit   stm32g0xx_hal_msp.o
    0x08002710   0x08002710   0x00000040   Code   RO          635    .text.HAL_NVIC_SetPriority  stm32g0xx_hal_cortex.o
    0x08002750   0x08002750   0x00000080   Code   RO          621    .text.HAL_PWREx_ControlVoltageScaling  stm32g0xx_hal_pwr_ex.o
    0x080027d0   0x080027d0   0x0000017c   Code   RO          410    .text.HAL_RCCEx_PeriphCLKConfig  stm32g0xx_hal_rcc_ex.o
    0x0800294c   0x0800294c   0x000001fc   Code   RO          374    .text.HAL_RCC_ClockConfig  stm32g0xx_hal_rcc.o
    0x08002b48   0x08002b48   0x00000024   Code   RO          382    .text.HAL_RCC_GetPCLK1Freq  stm32g0xx_hal_rcc.o
    0x08002b6c   0x08002b6c   0x00000088   Code   RO          376    .text.HAL_RCC_GetSysClockFreq  stm32g0xx_hal_rcc.o
    0x08002bf4   0x08002bf4   0x0000041c   Code   RO          372    .text.HAL_RCC_OscConfig  stm32g0xx_hal_rcc.o
    0x08003010   0x08003010   0x00000006   Code   RO          865    .text.HAL_SPI_GetState  stm32g0xx_hal_spi.o
    0x08003016   0x08003016   0x00000002   PAD
    0x08003018   0x08003018   0x000000fc   Code   RO          767    .text.HAL_SPI_Init  stm32g0xx_hal_spi.o
    0x08003114   0x08003114   0x00000058   Code   RO          145    .text.HAL_SPI_MspInit  spi.o
    0x0800316c   0x0800316c   0x0000021c   Code   RO          777    .text.HAL_SPI_Receive  stm32g0xx_hal_spi.o
    0x08003388   0x08003388   0x00000214   Code   RO          775    .text.HAL_SPI_Transmit  stm32g0xx_hal_spi.o
    0x0800359c   0x0800359c   0x000002e0   Code   RO          779    .text.HAL_SPI_TransmitReceive  stm32g0xx_hal_spi.o
    0x0800387c   0x0800387c   0x00000034   Code   RO          643    .text.HAL_SYSTICK_Config  stm32g0xx_hal_cortex.o
    0x080038b0   0x080038b0   0x00000036   Code   RO         1055    .text.HAL_UARTEx_DisableFifoMode  stm32g0xx_hal_uart_ex.o
    0x080038e6   0x080038e6   0x00000002   PAD
    0x080038e8   0x080038e8   0x00000078   Code   RO         1059    .text.HAL_UARTEx_SetRxFifoThreshold  stm32g0xx_hal_uart_ex.o
    0x08003960   0x08003960   0x00000080   Code   RO         1057    .text.HAL_UARTEx_SetTxFifoThreshold  stm32g0xx_hal_uart_ex.o
    0x080039e0   0x080039e0   0x000000cc   Code   RO          894    .text.HAL_UART_Init  stm32g0xx_hal_uart.o
    0x08003aac   0x08003aac   0x0000005c   Code   RO          160    .text.HAL_UART_MspInit  usart.o
    0x08003b08   0x08003b08   0x00000108   Code   RO          914    .text.HAL_UART_Transmit  stm32g0xx_hal_uart.o
    0x08003c10   0x08003c10   0x00000002   Code   RO          175    .text.HardFault_Handler  stm32g0xx_it.o
    0x08003c12   0x08003c12   0x00000002   PAD
    0x08003c14   0x08003c14   0x0000015c   Code   RO          340    .text.I2C_IsErrorOccurred  stm32g0xx_hal_i2c.o
    0x08003d70   0x08003d70   0x000000b4   Code   RO          216    .text.I2C_WaitOnRXNEFlagUntilTimeout  stm32g0xx_hal_i2c.o
    0x08003e24   0x08003e24   0x00000092   Code   RO          210    .text.I2C_WaitOnTXISFlagUntilTimeout  stm32g0xx_hal_i2c.o
    0x08003eb6   0x08003eb6   0x00000002   PAD
    0x08003eb8   0x08003eb8   0x000000b4   Code   RO          120    .text.MX_GPIO_Init  gpio.o
    0x08003f6c   0x08003f6c   0x00000058   Code   RO          128    .text.MX_I2C2_Init  i2c.o
    0x08003fc4   0x08003fc4   0x00000048   Code   RO          143    .text.MX_SPI1_Init  spi.o
    0x0800400c   0x0800400c   0x00000068   Code   RO          158    .text.MX_USART1_UART_Init  usart.o
    0x08004074   0x08004074   0x00000002   Code   RO          173    .text.NMI_Handler   stm32g0xx_it.o
    0x08004076   0x08004076   0x00000002   Code   RO          179    .text.PendSV_Handler  stm32g0xx_it.o
    0x08004078   0x08004078   0x00000160   Code   RO          829    .text.SPI_WaitFifoStateUntilTimeout  stm32g0xx_hal_spi.o
    0x080041d8   0x080041d8   0x000000d0   Code   RO          831    .text.SPI_WaitFlagStateUntilTimeout  stm32g0xx_hal_spi.o
    0x080042a8   0x080042a8   0x00000002   Code   RO          177    .text.SVC_Handler   stm32g0xx_it.o
    0x080042aa   0x080042aa   0x00000008   Code   RO          181    .text.SysTick_Handler  stm32g0xx_it.o
    0x080042b2   0x080042b2   0x00000090   Code   RO          103    .text.SystemClock_Config  main.o
    0x08004342   0x08004342   0x00000002   Code   RO         1076    .text.SystemInit    system_stm32g0xx.o
    0x08004344   0x08004344   0x000000d2   Code   RO          900    .text.UART_AdvFeatureConfig  stm32g0xx_hal_uart.o
    0x08004416   0x08004416   0x00000002   PAD
    0x08004418   0x08004418   0x0000016c   Code   RO          898    .text.UART_SetConfig  stm32g0xx_hal_uart.o
    0x08004584   0x08004584   0x00000138   Code   RO          916    .text.UART_WaitOnFlagUntilTimeout  stm32g0xx_hal_uart.o
    0x080046bc   0x080046bc   0x000000b8   Code   RO           21    .text.aht10_read_data  aht10.o
    0x08004774   0x08004774   0x0000004c   Code   RO           83    .text.ccs811_get_data  ccs811.o
    0x080047c0   0x080047c0   0x00000050   Code   RO           71    .text.ccs811_get_reg  ccs811.o
    0x08004810   0x08004810   0x00000038   Code   RO           73    .text.ccs811_get_status  ccs811.o
    0x08004848   0x08004848   0x00000158   Code   RO           79    .text.ccs811_init   ccs811.o
    0x080049a0   0x080049a0   0x0000023c   Code   RO           15    .text.ftoa          aht10.o
    0x08004bdc   0x08004bdc   0x00000014   Code   RO           41    .text.lora_available  lora.o
    0x08004bf0   0x08004bf0   0x00000042   Code   RO           45    .text.lora_begin_packet  lora.o
    0x08004c32   0x08004c32   0x0000003a   Code   RO           49    .text.lora_end_packet  lora.o
    0x08004c6c   0x08004c6c   0x000000e0   Code   RO           35    .text.lora_init     lora.o
    0x08004d4c   0x08004d4c   0x00000094   Code   RO           39    .text.lora_prasePacket  lora.o
    0x08004de0   0x08004de0   0x00000028   Code   RO           43    .text.lora_read     lora.o
    0x08004e08   0x08004e08   0x0000006a   Code   RO           31    .text.lora_read_reg  lora.o
    0x08004e72   0x08004e72   0x00000042   Code   RO           47    .text.lora_tx       lora.o
    0x08004eb4   0x08004eb4   0x00000066   Code   RO           33    .text.lora_write_reg  lora.o
    0x08004f1a   0x08004f1a   0x00000002   PAD
    0x08004f1c   0x08004f1c   0x0000049c   Code   RO          101    .text.main          main.o
    0x080053b8   0x080053b8   0x000001f6   Code   RO         1226    .text_divfast       c_p.l(aeabi_sdivfast.o)
    0x080055ae   0x080055ae   0x00000002   PAD
    0x080055b0   0x080055b0   0x0000002c   Code   RO         1343    i.__ARM_fpclassify  m_ps.l(fpclassify.o)
    0x080055dc   0x080055dc   0x000000ac   Code   RO         1345    i.__kernel_poly     m_ps.l(poly.o)
    0x08005688   0x08005688   0x00000014   Code   RO         1329    i.__mathlib_dbl_divzero  m_ps.l(dunder.o)
    0x0800569c   0x0800569c   0x00000008   Code   RO         1331    i.__mathlib_dbl_infnan2  m_ps.l(dunder.o)
    0x080056a4   0x080056a4   0x00000010   Code   RO         1332    i.__mathlib_dbl_invalid  m_ps.l(dunder.o)
    0x080056b4   0x080056b4   0x00000014   Code   RO         1333    i.__mathlib_dbl_overflow  m_ps.l(dunder.o)
    0x080056c8   0x080056c8   0x00000014   Code   RO         1335    i.__mathlib_dbl_underflow  m_ps.l(dunder.o)
    0x080056dc   0x080056dc   0x0000000e   Code   RO         1197    i._is_digit         c_p.l(__printf_wp.o)
    0x080056ea   0x080056ea   0x00000002   PAD
    0x080056ec   0x080056ec   0x000009d4   Code   RO         1258    i.pow               m_ps.l(pow.o)
    0x080060c0   0x080060c0   0x00000048   Code   RO         1349    i.sqrt              m_ps.l(sqrt.o)
    0x08006108   0x08006108   0x0000002c   Code   RO         1512    locale$$code        c_p.l(lc_ctype_c.o)
    0x08006134   0x08006134   0x00000068   Code   RO         1324    x$fpl$drleqf        fz_ps.l(drlef.o)
    0x0800619c   0x0800619c   0x0000008c   Code   RO         1245    x$fpl$fadd          fz_ps.l(faddsub.o)
    0x08006228   0x08006228   0x000000b0   Code   RO         1255    x$fpl$fmul          fz_ps.l(fmul.o)
    0x080062d8   0x080062d8   0x000000d0   Code   RO         1247    x$fpl$fsub          fz_ps.l(faddsub.o)
    0x080063a8   0x080063a8   0x00000000   Code   RO         1328    x$fpl$usenofp       fz_ps.l(usenofp.o)
    0x080063a8   0x080063a8   0x00000028   Data   RO         1170    .constdata          c_p.l(_printf_hex_int.o)
    0x080063d0   0x080063d0   0x00000011   Data   RO         1200    .constdata          c_p.l(__printf_flags_wp.o)
    0x080063e1   0x080063e1   0x00000007   PAD
    0x080063e8   0x080063e8   0x00000088   Data   RO         1259    .constdata          m_ps.l(pow.o)
    0x08006470   0x08006470   0x00000080   Data   RO         1322    .constdata          fz_ps.l(ddiv.o)
    0x080064f0   0x080064f0   0x00000008   Data   RO         1347    .constdata          m_ps.l(qnan.o)
    0x080064f8   0x080064f8   0x00000040   Data   RO         1081    .rodata.AHBPrescTable  system_stm32g0xx.o
    0x08006538   0x08006538   0x00000020   Data   RO         1082    .rodata.APBPrescTable  system_stm32g0xx.o
    0x08006558   0x08006558   0x00000018   Data   RO         1028    .rodata.UARTPrescTable  stm32g0xx_hal_uart.o
    0x08006570   0x08006570   0x00000020   Data   RO           51    .rodata.cst32       lora.o
    0x08006590   0x08006590   0x00000010   Data   RO         1067    .rodata.cst8        stm32g0xx_hal_uart_ex.o
    0x080065a0   0x080065a0   0x0000000f   Data   RO           88    .rodata.str1.1      ccs811.o
    0x080065af   0x080065af   0x00000022   Data   RO          107    .rodata.str1.1      main.o
    0x080065d1   0x080065d1   0x00000003   PAD
    0x080065d4   0x080065d4   0x00000020   Data   RO         1575    Region$$Table       anon$$obj.o
    0x080065f4   0x080065f4   0x00000110   Data   RO         1511    locale$$data        c_p.l(lc_ctype_c.o)


    Execution Region RW_IRAM1 (Exec base: 0x20000000, Load base: 0x08006708, Size: 0x00000868, Max: 0x00002000, ABSOLUTE)

    Exec Addr    Load Addr    Size         Type   Attr      Idx    E Section Name        Object

    0x20000000   0x08006708   0x00000008   Data   RW          732    .data..L_MergedGlobals  stm32g0xx_hal.o
    0x20000008   0x08006710   0x00000004   Data   RW         1080    .data.SystemCoreClock  system_stm32g0xx.o
    0x2000000c   0x08006714   0x00000028   Data   RW          108    .data.node_id       main.o
    0x20000034   0x0800673c   0x00000004   PAD
    0x20000038        -       0x00000060   Zero   RW         1353    .bss                c_p.l(libspace.o)
    0x20000098        -       0x00000024   Zero   RW          111    .bss..L_MergedGlobals  main.o
    0x200000bc        -       0x0000004c   Zero   RW          134    .bss.hi2c2          i2c.o
    0x20000108        -       0x00000064   Zero   RW          149    .bss.hspi1          spi.o
    0x2000016c        -       0x00000090   Zero   RW          164    .bss.huart1         usart.o
    0x200001fc        -       0x00000064   Zero   RW           87    .bss.msg            ccs811.o
    0x20000260        -       0x00000001   Zero   RW           52    .bss.packetIndex    lora.o
    0x20000261   0x0800673c   0x00000003   PAD
    0x20000264        -       0x00000004   Zero   RW          731    .bss.uwTick         stm32g0xx_hal.o
    0x20000268        -       0x00000200   Zero   RW            2    HEAP                startup_stm32g030xx.o
    0x20000468        -       0x00000400   Zero   RW            1    STACK               startup_stm32g030xx.o


==============================================================================

Image component sizes


      Code (inc. data)   RO Data    RW Data    ZI Data      Debug   Object Name

       756         24          0          0          0       6744   aht10.o
       556         48         15          0        100       6542   ccs811.o
       180          8          0          0          0       2000   gpio.o
       184         24          0          0         76       5372   i2c.o
       830         12         32          0          1       5258   lora.o
      1332        204         34         40         36       5687   main.o
       160         16          0          0        100       5136   spi.o
        56         26        192          0       1536        628   startup_stm32g030xx.o
       180         20          0          8          4       6656   stm32g0xx_hal.o
       116         20          0          0          0       6560   stm32g0xx_hal_cortex.o
       468         20          0          0          0       4785   stm32g0xx_hal_gpio.o
      1858         48          0          0          0      64479   stm32g0xx_hal_i2c.o
       136          0          0          0          0       5976   stm32g0xx_hal_i2c_ex.o
        44          4          0          0          0       1263   stm32g0xx_hal_msp.o
       128         12          0          0          0       4961   stm32g0xx_hal_pwr_ex.o
      1732         88          0          0          0       9168   stm32g0xx_hal_rcc.o
       380         16          0          0          0       6109   stm32g0xx_hal_rcc_ex.o
      2626         16          0          0          0      27285   stm32g0xx_hal_spi.o
      1354         80         24          0          0      47160   stm32g0xx_hal_uart.o
       302          8         16          0          0      12057   stm32g0xx_hal_uart_ex.o
        16          0          0          0          0        712   stm32g0xx_it.o
         2          0         96          4          0       1962   system_stm32g0xx.o
       196         16          0          0        144       5437   usart.o

    ----------------------------------------------------------------------
     13604        710        444         52       2004     241937   Object Totals
         0          0         32          0          0          0   (incl. Generated)
        12          0          3          0          7          0   (incl. Padding)

    ----------------------------------------------------------------------

      Code (inc. data)   RO Data    RW Data    ZI Data      Debug   Library Member Name

        64         10          0          0          0         84   __0sscanf.o
         8          0          0          0          0         68   __main.o
       312          6         17          0          0         76   __printf_flags_wp.o
        14          0          0          0          0         60   __printf_wp.o
         0          0          0          0          0          0   __rtentry.o
        12          0          0          0          0          0   __rtentry2.o
         6          0          0          0          0          0   __rtentry4.o
        60          8          0          0          0          0   __scatter.o
        26          0          0          0          0          0   __scatter_copy.o
        28          0          0          0          0          0   __scatter_zi.o
        46          0          0          0          0        100   _printf_char.o
        48          6          0          0          0         88   _printf_char_common.o
        10          0          0          0          0          0   _printf_d.o
       108         18          0          0          0         76   _printf_dec.o
        88          4         40          0          0         72   _printf_hex_int.o
       176          0          0          0          0         84   _printf_intcommon.o
        78          0          0          0          0        100   _printf_pad.o
         2          0          0          0          0          0   _printf_percent.o
         4          0          0          0          0          0   _printf_percent_end.o
        10          0          0          0          0          0   _printf_s.o
        82          0          0          0          0         72   _printf_str.o
        10          0          0          0          0          0   _printf_x.o
        22          0          0          0          0         92   _rserrno.o
       896         16          0          0          0         84   _scanf.o
       232          0          0          0          0         84   _scanf_str.o
        68          0          0          0          0         76   _sgetc.o
        10          0          0          0          0         60   _sputc.o
        18          0          0          0          0         68   aeabi_memset.o
      1006          4          0          0          0        184   aeabi_sdivfast.o
        16          0          0          0          0         68   exit.o
         6          0          0          0          0        136   heapauxi.o
         0          0          0          0          0          0   indicate_semi.o
        18          0          0          0          0         68   isspace.o
        44         10        272          0          0         76   lc_ctype_c.o
         2          0          0          0          0          0   libinit.o
        20          0          0          0          0          0   libinit2.o
         2          0          0          0          0          0   libshutdown.o
         2          0          0          0          0          0   libshutdown2.o
         8          4          0          0         96         68   libspace.o
       272          0          0          0          0         88   lludiv.o
        40          4          0          0          0         84   noretval__2sprintf.o
        16          4          0          0          0         76   rt_ctype_table.o
         8          4          0          0          0         68   rt_errno_addr_intlibspace.o
         8          4          0          0          0         68   rt_locale_intlibspace.o
        64          0          0          0          0        108   rt_memclr.o
         2          0          0          0          0          0   rtexit.o
        10          0          0          0          0          0   rtexit2.o
        40          0          0          0          0         60   rtudiv10.o
        48          8          0          0          0         84   scanf_char.o
       176          4          0          0          0         80   strcmpv6m.o
        76          6          0          0          0         72   strcpy.o
        68          6          0          0          0         72   strlen.o
        40          0          0          0          0         72   strstr.o
        12          4          0          0          0         60   sys_exit.o
        62          0          0          0          0         80   sys_stackheap_outer.o
         2          0          0          0          0         68   use_no_semi.o
        46          0          0          0          0         60   cmpret.o
       124          4          0          0          0         72   d2f.o
       856         20          0          0          0        208   daddsub.o
       160          6          0          0          0         76   dcmpin.o
      1096         26        128          0          0        112   ddiv.o
        88          0          0          0          0         92   dflti.o
       584         26          0          0          0         84   dmul.o
        20          6          0          0          0         68   dnan2.o
       104          4          0          0          0        104   drlef.o
        96         12          0          0          0         72   dscalbn.o
       256          8          0          0          0         76   dsqrt.o
        84          4          0          0          0         60   f2d.o
       348          8          0          0          0        160   faddsub.o
        76          0          0          0          0         68   ffixi.o
        94          0          0          0          0         92   fflti.o
       176          4          0          0          0         80   fmul.o
        94          0          0          0          0         68   retnan.o
         0          0          0          0          0          0   usenofp.o
        84         14          0          0          0        340   dunder.o
        44          4          0          0          0         60   fpclassify.o
       172          0          0          0          0         76   poly.o
      2516        206        136          0          0        236   pow.o
         0          0          8          0          0          0   qnan.o
        72          6          0          0          0         76   sqrt.o

    ----------------------------------------------------------------------
     11716        488        608          0         96       5424   Library Totals
        20          0          7          0          0          0   (incl. Padding)

    ----------------------------------------------------------------------

      Code (inc. data)   RO Data    RW Data    ZI Data      Debug   Library Name

      4506        130        329          0         96       3084   c_p.l
      4302        128        128          0          0       1552   fz_ps.l
      2888        230        144          0          0        788   m_ps.l

    ----------------------------------------------------------------------
     11716        488        608          0         96       5424   Library Totals

    ----------------------------------------------------------------------

==============================================================================


      Code (inc. data)   RO Data    RW Data    ZI Data      Debug   

     25320       1198       1052         52       2100     244165   Grand Totals
     25320       1198       1052         52       2100     244165   ELF Image Totals
     25320       1198       1052         52          0          0   ROM Totals

==============================================================================

    Total RO  Size (Code + RO Data)                26372 (  25.75kB)
    Total RW  Size (RW Data + ZI Data)              2152 (   2.10kB)
    Total ROM Size (Code + RO Data + RW Data)      26424 (  25.80kB)

==============================================================================

