Component: Arm Compiler for Embedded 6.18 Tool: armlink [5e4cc100]

==============================================================================

Section Cross References

    startup_stm32g030xx.o(STACK) refers (Special) to heapauxi.o(.text) for __use_two_region_memory
    startup_stm32g030xx.o(HEAP) refers (Special) to heapauxi.o(.text) for __use_two_region_memory
    startup_stm32g030xx.o(RESET) refers (Special) to heapauxi.o(.text) for __use_two_region_memory
    startup_stm32g030xx.o(RESET) refers to startup_stm32g030xx.o(STACK) for __initial_sp
    startup_stm32g030xx.o(RESET) refers to startup_stm32g030xx.o(.text) for Reset_Handler
    startup_stm32g030xx.o(RESET) refers to stm32g0xx_it.o(.text.NMI_Handler) for NMI_Handler
    startup_stm32g030xx.o(RESET) refers to stm32g0xx_it.o(.text.HardFault_Handler) for HardFault_Handler
    startup_stm32g030xx.o(RESET) refers to stm32g0xx_it.o(.text.SVC_Handler) for SVC_Handler
    startup_stm32g030xx.o(RESET) refers to stm32g0xx_it.o(.text.PendSV_Handler) for PendSV_Handler
    startup_stm32g030xx.o(RESET) refers to stm32g0xx_it.o(.text.SysTick_Handler) for SysTick_Handler
    startup_stm32g030xx.o(RESET) refers to stm32g0xx_it.o(.text.EXTI2_3_IRQHandler) for EXTI2_3_IRQHandler
    startup_stm32g030xx.o(.text) refers (Special) to heapauxi.o(.text) for __use_two_region_memory
    startup_stm32g030xx.o(.text) refers to system_stm32g0xx.o(.text.SystemInit) for SystemInit
    startup_stm32g030xx.o(.text) refers to __main.o(!!!main) for __main
    startup_stm32g030xx.o(.text) refers to startup_stm32g030xx.o(HEAP) for Heap_Mem
    startup_stm32g030xx.o(.text) refers to startup_stm32g030xx.o(STACK) for Stack_Mem
    aht10.o(.ARM.exidx.text.reverse) refers to aht10.o(.text.reverse) for [Anonymous Symbol]
    aht10.o(.text.intToStr) refers to aeabi_sdivfast.o(.text_divfast) for __aeabi_idiv
    aht10.o(.text.intToStr) refers to aeabi_sdivfast.o(.text) for __aeabi_idivmod
    aht10.o(.text.intToStr) refers to aeabi_memset.o(.text) for __aeabi_memset
    aht10.o(.ARM.exidx.text.intToStr) refers to aht10.o(.text.intToStr) for [Anonymous Symbol]
    aht10.o(.text.ftoa) refers to ffixi.o(.text) for __aeabi_f2iz
    aht10.o(.text.ftoa) refers to aeabi_sdivfast.o(.text_divfast) for __aeabi_idiv
    aht10.o(.text.ftoa) refers to fflti.o(.text) for __aeabi_i2f
    aht10.o(.text.ftoa) refers to faddsub.o(x$fpl$fsub) for __aeabi_fsub
    aht10.o(.text.ftoa) refers to f2d.o(.text) for __aeabi_f2d
    aht10.o(.text.ftoa) refers to dflti.o(.text) for __aeabi_i2d
    aht10.o(.text.ftoa) refers to pow.o(i.pow) for pow
    aht10.o(.text.ftoa) refers to dmul.o(.text) for __aeabi_dmul
    aht10.o(.text.ftoa) refers to d2f.o(.text) for __aeabi_d2f
    aht10.o(.text.ftoa) refers to aeabi_sdivfast.o(.text) for __aeabi_idivmod
    aht10.o(.text.ftoa) refers to aeabi_memset.o(.text) for __aeabi_memset
    aht10.o(.ARM.exidx.text.ftoa) refers to aht10.o(.text.ftoa) for [Anonymous Symbol]
    aht10.o(.text.write_trigger) refers to stm32g0xx_hal_i2c.o(.text.HAL_I2C_Master_Transmit) for HAL_I2C_Master_Transmit
    aht10.o(.text.write_trigger) refers to stm32g0xx_hal.o(.text.HAL_Delay) for HAL_Delay
    aht10.o(.text.write_trigger) refers to i2c.o(.bss.hi2c2) for hi2c2
    aht10.o(.ARM.exidx.text.write_trigger) refers to aht10.o(.text.write_trigger) for [Anonymous Symbol]
    aht10.o(.text.read_data) refers to stm32g0xx_hal_i2c.o(.text.HAL_I2C_Master_Receive) for HAL_I2C_Master_Receive
    aht10.o(.text.read_data) refers to i2c.o(.bss.hi2c2) for hi2c2
    aht10.o(.ARM.exidx.text.read_data) refers to aht10.o(.text.read_data) for [Anonymous Symbol]
    aht10.o(.text.aht10_read_data) refers to stm32g0xx_hal_i2c.o(.text.HAL_I2C_Master_Transmit) for HAL_I2C_Master_Transmit
    aht10.o(.text.aht10_read_data) refers to stm32g0xx_hal.o(.text.HAL_Delay) for HAL_Delay
    aht10.o(.text.aht10_read_data) refers to stm32g0xx_hal_i2c.o(.text.HAL_I2C_Master_Receive) for HAL_I2C_Master_Receive
    aht10.o(.text.aht10_read_data) refers to fflti.o(.text) for __aeabi_i2f
    aht10.o(.text.aht10_read_data) refers to fmul.o(x$fpl$fmul) for __aeabi_fmul
    aht10.o(.text.aht10_read_data) refers to faddsub.o(x$fpl$fadd) for __aeabi_fadd
    aht10.o(.text.aht10_read_data) refers to aht10.o(.text.ftoa) for ftoa
    aht10.o(.text.aht10_read_data) refers to i2c.o(.bss.hi2c2) for hi2c2
    aht10.o(.ARM.exidx.text.aht10_read_data) refers to aht10.o(.text.aht10_read_data) for [Anonymous Symbol]
    lora.o(.ARM.exidx.text.newLoRa) refers to lora.o(.text.newLoRa) for [Anonymous Symbol]
    lora.o(.text.LoRa_reset) refers to stm32g0xx_hal_gpio.o(.text.HAL_GPIO_WritePin) for HAL_GPIO_WritePin
    lora.o(.text.LoRa_reset) refers to stm32g0xx_hal.o(.text.HAL_Delay) for HAL_Delay
    lora.o(.ARM.exidx.text.LoRa_reset) refers to lora.o(.text.LoRa_reset) for [Anonymous Symbol]
    lora.o(.text.LoRa_gotoMode) refers to lora.o(.text.LoRa_readReg) for LoRa_readReg
[...]
    .ARM.Collect$$libinit$$00000017          0x08000158   Section        0  libinit2.o(.ARM.Collect$$libinit$$00000017)
    .ARM.Collect$$libinit$$00000019          0x08000158   Section        0  libinit2.o(.ARM.Collect$$libinit$$00000019)
    .ARM.Collect$$libinit$$0000001B          0x08000158   Section        0  libinit2.o(.ARM.Collect$$libinit$$0000001B)
    .ARM.Collect$$libinit$$0000001D          0x08000158   Section        0  libinit2.o(.ARM.Collect$$libinit$$0000001D)
    .ARM.Collect$$libinit$$0000001F          0x08000158   Section        0  libinit2.o(.ARM.Collect$$libinit$$0000001F)
    .ARM.Collect$$libinit$$00000021          0x08000158   Section        0  libinit2.o(.ARM.Collect$$libinit$$00000021)
    .ARM.Collect$$libinit$$00000023          0x08000158   Section        0  libinit2.o(.ARM.Collect$$libinit$$00000023)
    .ARM.Collect$$libinit$$00000025          0x08000158   Section        0  libinit2.o(.ARM.Collect$$libinit$$00000025)
    .ARM.Collect$$libinit$$00000027          0x08000158   Section        0  libinit2.o(.ARM.Collect$$libinit$$00000027)
    .ARM.Collect$$libinit$$0000002E          0x08000158   Section        0  libinit2.o(.ARM.Collect$$libinit$$0000002E)
    .ARM.Collect$$libinit$$00000030          0x08000158   Section        0  libinit2.o(.ARM.Collect$$libinit$$00000030)
    .ARM.Collect$$libinit$$00000032          0x08000158   Section        0  libinit2.o(.ARM.Collect$$libinit$$00000032)
    .ARM.Collect$$libinit$$00000034          0x08000158   Section        0  libinit2.o(.ARM.Collect$$libinit$$00000034)
    .ARM.Collect$$libinit$$00000035          0x08000158   Section        2  libinit2.o(.ARM.Collect$$libinit$$00000035)
    .ARM.Collect$$libshutdown$$00000000      0x0800015a   Section        2  libshutdown.o(.ARM.Collect$$libshutdown$$00000000)
    .ARM.Collect$$libshutdown$$00000002      0x0800015c   Section        0  libshutdown2.o(.ARM.Collect$$libshutdown$$00000002)
    .ARM.Collect$$libshutdown$$00000004      0x0800015c   Section        0  libshutdown2.o(.ARM.Collect$$libshutdown$$00000004)
    .ARM.Collect$$libshutdown$$00000007      0x0800015c   Section        0  libshutdown2.o(.ARM.Collect$$libshutdown$$00000007)
    .ARM.Collect$$libshutdown$$0000000A      0x0800015c   Section        0  libshutdown2.o(.ARM.Collect$$libshutdown$$0000000A)
    .ARM.Collect$$libshutdown$$0000000C      0x0800015c   Section        0  libshutdown2.o(.ARM.Collect$$libshutdown$$0000000C)
    .ARM.Collect$$libshutdown$$0000000F      0x0800015c   Section        0  libshutdown2.o(.ARM.Collect$$libshutdown$$0000000F)
    .ARM.Collect$$libshutdown$$00000010      0x0800015c   Section        2  libshutdown2.o(.ARM.Collect$$libshutdown$$00000010)
    .ARM.Collect$$rtentry$$00000000          0x0800015e   Section        0  __rtentry.o(.ARM.Collect$$rtentry$$00000000)
    .ARM.Collect$$rtentry$$00000002          0x0800015e   Section        0  __rtentry2.o(.ARM.Collect$$rtentry$$00000002)
    .ARM.Collect$$rtentry$$00000004          0x0800015e   Section        6  __rtentry4.o(.ARM.Collect$$rtentry$$00000004)
    .ARM.Collect$$rtentry$$00000009          0x08000164   Section        0  __rtentry2.o(.ARM.Collect$$rtentry$$00000009)
    .ARM.Collect$$rtentry$$0000000A          0x08000164   Section        4  __rtentry2.o(.ARM.Collect$$rtentry$$0000000A)
    .ARM.Collect$$rtentry$$0000000C          0x08000168   Section        0  __rtentry2.o(.ARM.Collect$$rtentry$$0000000C)
    .ARM.Collect$$rtentry$$0000000D          0x08000168   Section        8  __rtentry2.o(.ARM.Collect$$rtentry$$0000000D)
    .ARM.Collect$$rtexit$$00000000           0x08000170   Section        2  rtexit.o(.ARM.Collect$$rtexit$$00000000)
    .ARM.Collect$$rtexit$$00000002           0x08000172   Section        0  rtexit2.o(.ARM.Collect$$rtexit$$00000002)
    .ARM.Collect$$rtexit$$00000003           0x08000172   Section        4  rtexit2.o(.ARM.Collect$$rtexit$$00000003)
    .ARM.Collect$$rtexit$$00000004           0x08000176   Section        6  rtexit2.o(.ARM.Collect$$rtexit$$00000004)
    .text                                    0x0800017c   Section       56  startup_stm32g030xx.o(.text)
    .text                                    0x080001b4   Section        0  noretval__2sprintf.o(.text)
    .text                                    0x080001dc   Section        0  __printf.o(.text)
    .text                                    0x08000248   Section        0  _printf_str.o(.text)
    .text                                    0x0800029c   Section        0  _printf_dec.o(.text)
    .text                                    0x08000308   Section        0  aeabi_memset.o(.text)
    .text                                    0x0800031a   Section        0  rt_memclr.o(.text)
    .text                                    0x0800035c   Section      504  aeabi_sdivfast.o(.text)
    .text                                    0x08000554   Section        0  heapauxi.o(.text)
    .text                                    0x0800055c   Section        0  d2f.o(.text)
    .text                                    0x080005d8   Section        0  dflti.o(.text)
    .text                                    0x08000630   Section        0  dmul.o(.text)
    .text                                    0x08000878   Section        0  f2d.o(.text)
    .text                                    0x080008cc   Section        0  ffixi.o(.text)
    .text                                    0x08000918   Section        0  fflti.o(.text)
    .text                                    0x08000976   Section        0  _rserrno.o(.text)
    .text                                    0x0800098c   Section        0  _printf_intcommon.o(.text)
    _printf_input_char                       0x08000a3d   Thumb Code    10  _printf_char_common.o(.text)
    .text                                    0x08000a3c   Section        0  _printf_char_common.o(.text)
    .text                                    0x08000a6c   Section        0  _sputc.o(.text)
    .text                                    0x08000a76   Section        0  _printf_char.o(.text)
    .text                                    0x08000aa4   Section        0  rtudiv10.o(.text)
    _dadd1                                   0x08000acd   Thumb Code   290  daddsub.o(.text)
    .text                                    0x08000acc   Section        0  daddsub.o(.text)
    _dsub1                                   0x08000bef   Thumb Code   470  daddsub.o(.text)
    .text                                    0x08000e24   Section        0  ddiv.o(.text)
    .text                                    0x0800126c   Section        0  dscalbn.o(.text)
    .text                                    0x080012cc   Section        8  rt_errno_addr_intlibspace.o(.text)
    .text                                    0x080012d4   Section        0  dcmpin.o(.text)
    .text                                    0x08001374   Section        0  dsqrt.o(.text)
    .text                                    0x08001474   Section        8  libspace.o(.text)
    .text                                    0x0800147c   Section       62  sys_stackheap_outer.o(.text)
    .text                                    0x080014ba   Section        0  exit.o(.text)
    .text                                    0x080014ca   Section        0  cmpret.o(.text)
    .text                                    0x080014f8   Section        0  dnan2.o(.text)
    .text                                    0x0800150c   Section        0  retnan.o(.text)
    .text                                    0x0800156c   Section        0  sys_exit.o(.text)
    .text                                    0x08001578   Section        2  use_no_semi.o(.text)
    [Anonymous Symbol]                       0x0800157a   Section        0  stm32g0xx_it.o(.text.EXTI2_3_IRQHandler)
    .text                                    0x0800157a   Section        0  indicate_semi.o(.text)
    [Anonymous Symbol]                       0x08001584   Section        0  main.o(.text.Error_Handler)
    [Anonymous Symbol]                       0x0800158c   Section        0  stm32g0xx_hal.o(.text.HAL_Delay)
    __arm_cp.10_0                            0x080015ac   Number         4  stm32g0xx_hal.o(.text.HAL_Delay)
    [Anonymous Symbol]                       0x080015b0   Section        0  stm32g0xx_hal_gpio.o(.text.HAL_GPIO_EXTI_Falling_Callback)
    [Anonymous Symbol]                       0x080015b4   Section        0  stm32g0xx_hal_gpio.o(.text.HAL_GPIO_EXTI_IRQHandler)
    __arm_cp.6_0                             0x080015d8   Number         4  stm32g0xx_hal_gpio.o(.text.HAL_GPIO_EXTI_IRQHandler)
    [Anonymous Symbol]                       0x080015dc   Section        0  stm32g0xx_hal_gpio.o(.text.HAL_GPIO_EXTI_Rising_Callback)
    [Anonymous Symbol]                       0x080015e0   Section        0  stm32g0xx_hal_gpio.o(.text.HAL_GPIO_Init)
    __arm_cp.0_0                             0x08001790   Number         4  stm32g0xx_hal_gpio.o(.text.HAL_GPIO_Init)
    __arm_cp.0_1                             0x08001794   Number         4  stm32g0xx_hal_gpio.o(.text.HAL_GPIO_Init)
    __arm_cp.0_2                             0x08001798   Number         4  stm32g0xx_hal_gpio.o(.text.HAL_GPIO_Init)
    __arm_cp.0_3                             0x0800179c   Number         4  stm32g0xx_hal_gpio.o(.text.HAL_GPIO_Init)
    __arm_cp.0_4                             0x080017a0   Number         4  stm32g0xx_hal_gpio.o(.text.HAL_GPIO_Init)
    [Anonymous Symbol]                       0x080017a4   Section        0  stm32g0xx_hal_gpio.o(.text.HAL_GPIO_ReadPin)
    [Anonymous Symbol]                       0x080017ae   Section        0  stm32g0xx_hal_gpio.o(.text.HAL_GPIO_WritePin)
    [Anonymous Symbol]                       0x080017c0   Section        0  stm32g0xx_hal.o(.text.HAL_GetTick)
    __arm_cp.6_0                             0x080017c8   Number         4  stm32g0xx_hal.o(.text.HAL_GetTick)
    [Anonymous Symbol]                       0x080017cc   Section        0  stm32g0xx_hal_i2c_ex.o(.text.HAL_I2CEx_ConfigAnalogFilter)
    [Anonymous Symbol]                       0x08001810   Section        0  stm32g0xx_hal_i2c_ex.o(.text.HAL_I2CEx_ConfigDigitalFilter)
    [Anonymous Symbol]                       0x08001854   Section        0  stm32g0xx_hal_i2c.o(.text.HAL_I2C_Init)
    __arm_cp.0_0                             0x080018f4   Number         4  stm32g0xx_hal_i2c.o(.text.HAL_I2C_Init)
    __arm_cp.0_1                             0x080018f8   Number         4  stm32g0xx_hal_i2c.o(.text.HAL_I2C_Init)
    [Anonymous Symbol]                       0x080018fc   Section        0  stm32g0xx_hal_i2c.o(.text.HAL_I2C_Master_Receive)
    __arm_cp.8_2                             0x08001ae0   Number         4  stm32g0xx_hal_i2c.o(.text.HAL_I2C_Master_Receive)
    __arm_cp.8_3                             0x08001ae4   Number         4  stm32g0xx_hal_i2c.o(.text.HAL_I2C_Master_Receive)
    [Anonymous Symbol]                       0x08001ae8   Section        0  stm32g0xx_hal_i2c.o(.text.HAL_I2C_Master_Transmit)
    __arm_cp.4_0                             0x08001cd8   Number         4  stm32g0xx_hal_i2c.o(.text.HAL_I2C_Master_Transmit)
    __arm_cp.4_1                             0x08001cdc   Number         4  stm32g0xx_hal_i2c.o(.text.HAL_I2C_Master_Transmit)
    __arm_cp.4_2                             0x08001ce0   Number         4  stm32g0xx_hal_i2c.o(.text.HAL_I2C_Master_Transmit)
    __arm_cp.4_3                             0x08001ce4   Number         4  stm32g0xx_hal_i2c.o(.text.HAL_I2C_Master_Transmit)
    __arm_cp.4_4                             0x08001ce8   Number         4  stm32g0xx_hal_i2c.o(.text.HAL_I2C_Master_Transmit)
    __arm_cp.4_5                             0x08001cec   Number         4  stm32g0xx_hal_i2c.o(.text.HAL_I2C_Master_Transmit)
    __arm_cp.4_6                             0x08001cf0   Number         4  stm32g0xx_hal_i2c.o(.text.HAL_I2C_Master_Transmit)
    [Anonymous Symbol]                       0x08001cf4   Section        0  i2c.o(.text.HAL_I2C_MspInit)
    __arm_cp.1_0                             0x08001d48   Number         4  i2c.o(.text.HAL_I2C_MspInit)
    __arm_cp.1_1                             0x08001d4c   Number         4  i2c.o(.text.HAL_I2C_MspInit)
    __arm_cp.1_2                             0x08001d50   Number         4  i2c.o(.text.HAL_I2C_MspInit)
    [Anonymous Symbol]                       0x08001d54   Section        0  stm32g0xx_hal.o(.text.HAL_IncTick)
    __arm_cp.5_1                             0x08001d64   Number         4  stm32g0xx_hal.o(.text.HAL_IncTick)
    [Anonymous Symbol]                       0x08001d68   Section        0  stm32g0xx_hal.o(.text.HAL_Init)
    __arm_cp.0_0                             0x08001d90   Number         4  stm32g0xx_hal.o(.text.HAL_Init)
    [Anonymous Symbol]                       0x08001d94   Section        0  stm32g0xx_hal.o(.text.HAL_InitTick)
    __arm_cp.1_0                             0x08001dd4   Number         4  stm32g0xx_hal.o(.text.HAL_InitTick)
    [Anonymous Symbol]                       0x08001dd8   Section        0  stm32g0xx_hal_msp.o(.text.HAL_MspInit)
    __arm_cp.0_0                             0x08001e00   Number         4  stm32g0xx_hal_msp.o(.text.HAL_MspInit)
    [Anonymous Symbol]                       0x08001e04   Section        0  stm32g0xx_hal_cortex.o(.text.HAL_NVIC_EnableIRQ)
    __arm_cp.1_0                             0x08001e18   Number         4  stm32g0xx_hal_cortex.o(.text.HAL_NVIC_EnableIRQ)
    [Anonymous Symbol]                       0x08001e1c   Section        0  stm32g0xx_hal_cortex.o(.text.HAL_NVIC_SetPriority)
    __arm_cp.0_0                             0x08001e54   Number         4  stm32g0xx_hal_cortex.o(.text.HAL_NVIC_SetPriority)
    __arm_cp.0_1                             0x08001e58   Number         4  stm32g0xx_hal_cortex.o(.text.HAL_NVIC_SetPriority)
    [Anonymous Symbol]                       0x08001e5c   Section        0  stm32g0xx_hal_pwr_ex.o(.text.HAL_PWREx_ControlVoltageScaling)
    __arm_cp.13_0                            0x08001ed0   Number         4  stm32g0xx_hal_pwr_ex.o(.text.HAL_PWREx_ControlVoltageScaling)
    __arm_cp.13_1                            0x08001ed4   Number         4  stm32g0xx_hal_pwr_ex.o(.text.HAL_PWREx_ControlVoltageScaling)
    __arm_cp.13_2                            0x08001ed8   Number         4  stm32g0xx_hal_pwr_ex.o(.text.HAL_PWREx_ControlVoltageScaling)
    [Anonymous Symbol]                       0x08001edc   Section        0  stm32g0xx_hal_rcc_ex.o(.text.HAL_RCCEx_PeriphCLKConfig)
    __arm_cp.0_0                             0x08002048   Number         4  stm32g0xx_hal_rcc_ex.o(.text.HAL_RCCEx_PeriphCLKConfig)
    __arm_cp.0_1                             0x0800204c   Number         4  stm32g0xx_hal_rcc_ex.o(.text.HAL_RCCEx_PeriphCLKConfig)
    __arm_cp.0_2                             0x08002050   Number         4  stm32g0xx_hal_rcc_ex.o(.text.HAL_RCCEx_PeriphCLKConfig)
    __arm_cp.0_4                             0x08002054   Number         4  stm32g0xx_hal_rcc_ex.o(.text.HAL_RCCEx_PeriphCLKConfig)
    [Anonymous Symbol]                       0x08002058   Section        0  stm32g0xx_hal_rcc.o(.text.HAL_RCC_ClockConfig)
    __arm_cp.2_0                             0x08002240   Number         4  stm32g0xx_hal_rcc.o(.text.HAL_RCC_ClockConfig)
    __arm_cp.2_1                             0x08002244   Number         4  stm32g0xx_hal_rcc.o(.text.HAL_RCC_ClockConfig)
    __arm_cp.2_5                             0x08002248   Number         4  stm32g0xx_hal_rcc.o(.text.HAL_RCC_ClockConfig)
    __arm_cp.2_6                             0x0800224c   Number         4  stm32g0xx_hal_rcc.o(.text.HAL_RCC_ClockConfig)
    __arm_cp.2_7                             0x08002250   Number         4  stm32g0xx_hal_rcc.o(.text.HAL_RCC_ClockConfig)
    [Anonymous Symbol]                       0x08002254   Section        0  stm32g0xx_hal_rcc.o(.text.HAL_RCC_GetPCLK1Freq)
    __arm_cp.6_0                             0x08002270   Number         4  stm32g0xx_hal_rcc.o(.text.HAL_RCC_GetPCLK1Freq)
    __arm_cp.6_2                             0x08002274   Number         4  stm32g0xx_hal_rcc.o(.text.HAL_RCC_GetPCLK1Freq)
    [Anonymous Symbol]                       0x08002278   Section        0  stm32g0xx_hal_rcc.o(.text.HAL_RCC_GetSysClockFreq)
    __arm_cp.3_0                             0x080022f4   Number         4  stm32g0xx_hal_rcc.o(.text.HAL_RCC_GetSysClockFreq)
    __arm_cp.3_1                             0x080022f8   Number         4  stm32g0xx_hal_rcc.o(.text.HAL_RCC_GetSysClockFreq)
    __arm_cp.3_2                             0x080022fc   Number         4  stm32g0xx_hal_rcc.o(.text.HAL_RCC_GetSysClockFreq)
    [Anonymous Symbol]                       0x08002300   Section        0  stm32g0xx_hal_rcc.o(.text.HAL_RCC_OscConfig)
    __arm_cp.1_0                             0x080026fc   Number         4  stm32g0xx_hal_rcc.o(.text.HAL_RCC_OscConfig)
    __arm_cp.1_1                             0x08002700   Number         4  stm32g0xx_hal_rcc.o(.text.HAL_RCC_OscConfig)
    __arm_cp.1_2                             0x08002704   Number         4  stm32g0xx_hal_rcc.o(.text.HAL_RCC_OscConfig)
    __arm_cp.1_3                             0x08002708   Number         4  stm32g0xx_hal_rcc.o(.text.HAL_RCC_OscConfig)
    __arm_cp.1_4                             0x0800270c   Number         4  stm32g0xx_hal_rcc.o(.text.HAL_RCC_OscConfig)
    __arm_cp.1_5                             0x08002710   Number         4  stm32g0xx_hal_rcc.o(.text.HAL_RCC_OscConfig)
    __arm_cp.1_6                             0x08002714   Number         4  stm32g0xx_hal_rcc.o(.text.HAL_RCC_OscConfig)
    __arm_cp.1_7                             0x08002718   Number         4  stm32g0xx_hal_rcc.o(.text.HAL_RCC_OscConfig)
    [Anonymous Symbol]                       0x0800271c   Section        0  stm32g0xx_hal_spi.o(.text.HAL_SPI_GetState)
    [Anonymous Symbol]                       0x08002724   Section        0  stm32g0xx_hal_spi.o(.text.HAL_SPI_Init)
    __arm_cp.0_0                             0x0800281c   Number         4  stm32g0xx_hal_spi.o(.text.HAL_SPI_Init)
    [Anonymous Symbol]                       0x08002820   Section        0  spi.o(.text.HAL_SPI_MspInit)
    __arm_cp.1_0                             0x08002870   Number         4  spi.o(.text.HAL_SPI_MspInit)
    __arm_cp.1_1                             0x08002874   Number         4  spi.o(.text.HAL_SPI_MspInit)
    [Anonymous Symbol]                       0x08002878   Section        0  stm32g0xx_hal_spi.o(.text.HAL_SPI_Receive)
    [Anonymous Symbol]                       0x08002a94   Section        0  stm32g0xx_hal_spi.o(.text.HAL_SPI_Transmit)
    __arm_cp.4_0                             0x08002ca4   Number         4  stm32g0xx_hal_spi.o(.text.HAL_SPI_Transmit)
    [Anonymous Symbol]                       0x08002ca8   Section        0  stm32g0xx_hal_spi.o(.text.HAL_SPI_TransmitReceive)
    __arm_cp.6_0                             0x08002f84   Number         4  stm32g0xx_hal_spi.o(.text.HAL_SPI_TransmitReceive)
    [Anonymous Symbol]                       0x08002f88   Section        0  stm32g0xx_hal_cortex.o(.text.HAL_SYSTICK_Config)
    __arm_cp.4_0                             0x08002fb0   Number         4  stm32g0xx_hal_cortex.o(.text.HAL_SYSTICK_Config)
    __arm_cp.4_1                             0x08002fb4   Number         4  stm32g0xx_hal_cortex.o(.text.HAL_SYSTICK_Config)
    __arm_cp.4_2                             0x08002fb8   Number         4  stm32g0xx_hal_cortex.o(.text.HAL_SYSTICK_Config)
    [Anonymous Symbol]                       0x08002fbc   Section        0  stm32g0xx_hal_uart_ex.o(.text.HAL_UARTEx_DisableFifoMode)
    [Anonymous Symbol]                       0x08002ff4   Section        0  stm32g0xx_hal_uart_ex.o(.text.HAL_UARTEx_SetRxFifoThreshold)
    [Anonymous Symbol]                       0x0800306c   Section        0  stm32g0xx_hal_uart_ex.o(.text.HAL_UARTEx_SetTxFifoThreshold)
    __arm_cp.10_0                            0x080030e4   Number         4  stm32g0xx_hal_uart_ex.o(.text.HAL_UARTEx_SetTxFifoThreshold)
    __arm_cp.10_1                            0x080030e8   Number         4  stm32g0xx_hal_uart_ex.o(.text.HAL_UARTEx_SetTxFifoThreshold)
    [Anonymous Symbol]                       0x080030ec   Section        0  stm32g0xx_hal_uart.o(.text.HAL_UART_Init)
    __arm_cp.0_0                             0x080031b4   Number         4  stm32g0xx_hal_uart.o(.text.HAL_UART_Init)
    [Anonymous Symbol]                       0x080031b8   Section        0  usart.o(.text.HAL_UART_MspInit)
    __arm_cp.1_0                             0x0800320c   Number         4  usart.o(.text.HAL_UART_MspInit)
    __arm_cp.1_1                             0x08003210   Number         4  usart.o(.text.HAL_UART_MspInit)
    [Anonymous Symbol]                       0x08003214   Section        0  stm32g0xx_hal_uart.o(.text.HAL_UART_Transmit)
    __arm_cp.10_0                            0x08003318   Number         4  stm32g0xx_hal_uart.o(.text.HAL_UART_Transmit)
    [Anonymous Symbol]                       0x0800331c   Section        0  stm32g0xx_it.o(.text.HardFault_Handler)
    I2C_IsErrorOccurred                      0x08003321   Thumb Code   348  stm32g0xx_hal_i2c.o(.text.I2C_IsErrorOccurred)
    [Anonymous Symbol]                       0x08003320   Section        0  stm32g0xx_hal_i2c.o(.text.I2C_IsErrorOccurred)
    I2C_WaitOnRXNEFlagUntilTimeout           0x0800347d   Thumb Code   176  stm32g0xx_hal_i2c.o(.text.I2C_WaitOnRXNEFlagUntilTimeout)
    [Anonymous Symbol]                       0x0800347c   Section        0  stm32g0xx_hal_i2c.o(.text.I2C_WaitOnRXNEFlagUntilTimeout)
    __arm_cp.9_0                             0x0800352c   Number         4  stm32g0xx_hal_i2c.o(.text.I2C_WaitOnRXNEFlagUntilTimeout)
    I2C_WaitOnTXISFlagUntilTimeout           0x08003531   Thumb Code   146  stm32g0xx_hal_i2c.o(.text.I2C_WaitOnTXISFlagUntilTimeout)
    [Anonymous Symbol]                       0x08003530   Section        0  stm32g0xx_hal_i2c.o(.text.I2C_WaitOnTXISFlagUntilTimeout)
    [Anonymous Symbol]                       0x080035c4   Section        0  lora.o(.text.LoRa_init)
    __arm_cp.18_0                            0x080038a8   Number         4  lora.o(.text.LoRa_init)
    [Anonymous Symbol]                       0x080038ac   Section        0  lora.o(.text.LoRa_readReg)
    [Anonymous Symbol]                       0x08003902   Section        0  lora.o(.text.LoRa_receive)
    [Anonymous Symbol]                       0x08003a2a   Section        0  lora.o(.text.LoRa_reset)
    [Anonymous Symbol]                       0x08003a52   Section        0  lora.o(.text.LoRa_startReceiving)
    [Anonymous Symbol]                       0x08003a8e   Section        0  lora.o(.text.LoRa_writeReg)
    [Anonymous Symbol]                       0x08003ae4   Section        0  gpio.o(.text.MX_GPIO_Init)
    __arm_cp.0_0                             0x08003ba8   Number         4  gpio.o(.text.MX_GPIO_Init)
    __arm_cp.0_1                             0x08003bac   Number         4  gpio.o(.text.MX_GPIO_Init)
    [Anonymous Symbol]                       0x08003bb0   Section        0  i2c.o(.text.MX_I2C2_Init)
    __arm_cp.0_0                             0x08003bfc   Number         4  i2c.o(.text.MX_I2C2_Init)
    __arm_cp.0_1                             0x08003c00   Number         4  i2c.o(.text.MX_I2C2_Init)
    __arm_cp.0_2                             0x08003c04   Number         4  i2c.o(.text.MX_I2C2_Init)
    [Anonymous Symbol]                       0x08003c08   Section        0  spi.o(.text.MX_SPI1_Init)
    __arm_cp.0_0                             0x08003c48   Number         4  spi.o(.text.MX_SPI1_Init)
    __arm_cp.0_1                             0x08003c4c   Number         4  spi.o(.text.MX_SPI1_Init)
    [Anonymous Symbol]                       0x08003c50   Section        0  usart.o(.text.MX_USART1_UART_Init)
    __arm_cp.0_0                             0x08003cb0   Number         4  usart.o(.text.MX_USART1_UART_Init)
    __arm_cp.0_1                             0x08003cb4   Number         4  usart.o(.text.MX_USART1_UART_Init)
    [Anonymous Symbol]                       0x08003cb8   Section        0  stm32g0xx_it.o(.text.NMI_Handler)
    [Anonymous Symbol]                       0x08003cba   Section        0  stm32g0xx_it.o(.text.PendSV_Handler)
    SPI_WaitFifoStateUntilTimeout            0x08003cbd   Thumb Code   352  stm32g0xx_hal_spi.o(.text.SPI_WaitFifoStateUntilTimeout)
    [Anonymous Symbol]                       0x08003cbc   Section        0  stm32g0xx_hal_spi.o(.text.SPI_WaitFifoStateUntilTimeout)
    SPI_WaitFlagStateUntilTimeout            0x08003e1d   Thumb Code   204  stm32g0xx_hal_spi.o(.text.SPI_WaitFlagStateUntilTimeout)
    [Anonymous Symbol]                       0x08003e1c   Section        0  stm32g0xx_hal_spi.o(.text.SPI_WaitFlagStateUntilTimeout)
    __arm_cp.32_0                            0x08003ee8   Number         4  stm32g0xx_hal_spi.o(.text.SPI_WaitFlagStateUntilTimeout)
    [Anonymous Symbol]                       0x08003eec   Section        0  stm32g0xx_it.o(.text.SVC_Handler)
    [Anonymous Symbol]                       0x08003eee   Section        0  stm32g0xx_it.o(.text.SysTick_Handler)
    [Anonymous Symbol]                       0x08003ef6   Section        0  main.o(.text.SystemClock_Config)
    [Anonymous Symbol]                       0x08003f86   Section        0  system_stm32g0xx.o(.text.SystemInit)
    [Anonymous Symbol]                       0x08003f88   Section        0  stm32g0xx_hal_uart.o(.text.UART_AdvFeatureConfig)
    [Anonymous Symbol]                       0x0800405c   Section        0  stm32g0xx_hal_uart.o(.text.UART_SetConfig)
    __arm_cp.2_0                             0x08004194   Number         4  stm32g0xx_hal_uart.o(.text.UART_SetConfig)
    __arm_cp.2_1                             0x08004198   Number         4  stm32g0xx_hal_uart.o(.text.UART_SetConfig)
    __arm_cp.2_2                             0x0800419c   Number         4  stm32g0xx_hal_uart.o(.text.UART_SetConfig)
    __arm_cp.2_3                             0x080041a0   Number         4  stm32g0xx_hal_uart.o(.text.UART_SetConfig)
    __arm_cp.2_4                             0x080041a4   Number         4  stm32g0xx_hal_uart.o(.text.UART_SetConfig)
    __arm_cp.2_6                             0x080041b8   Number         4  stm32g0xx_hal_uart.o(.text.UART_SetConfig)
    __arm_cp.2_7                             0x080041bc   Number         4  stm32g0xx_hal_uart.o(.text.UART_SetConfig)
    __arm_cp.2_8                             0x080041c0   Number         4  stm32g0xx_hal_uart.o(.text.UART_SetConfig)
    __arm_cp.2_9                             0x080041c4   Number         4  stm32g0xx_hal_uart.o(.text.UART_SetConfig)
    [Anonymous Symbol]                       0x080041c8   Section        0  stm32g0xx_hal_uart.o(.text.UART_WaitOnFlagUntilTimeout)
    [Anonymous Symbol]                       0x08004300   Section        0  aht10.o(.text.aht10_read_data)
    __arm_cp.5_0                             0x080043a8   Number         4  aht10.o(.text.aht10_read_data)
    __arm_cp.5_1                             0x080043ac   Number         4  aht10.o(.text.aht10_read_data)
    __arm_cp.5_2                             0x080043b0   Number         4  aht10.o(.text.aht10_read_data)
    __arm_cp.5_3                             0x080043b4   Number         4  aht10.o(.text.aht10_read_data)
    __arm_cp.5_4                             0x080043b8   Number         4  aht10.o(.text.aht10_read_data)
    [Anonymous Symbol]                       0x080043bc   Section        0  aht10.o(.text.ftoa)
    __arm_cp.2_0                             0x080045f0   Number         4  aht10.o(.text.ftoa)
    __arm_cp.2_1                             0x080045f4   Number         4  aht10.o(.text.ftoa)
    [Anonymous Symbol]                       0x080045f8   Section        0  main.o(.text.main)
    __arm_cp.1_0                             0x08004730   Number         4  main.o(.text.main)
    __arm_cp.1_2                             0x08004740   Number         4  main.o(.text.main)
    __arm_cp.1_3                             0x08004744   Number         4  main.o(.text.main)
    [Anonymous Symbol]                       0x0800478c   Section        0  lora.o(.text.newLoRa)
    __arm_cp.0_0                             0x080047a4   Number         4  lora.o(.text.newLoRa)
    __arm_cp.0_1                             0x080047a8   Number         4  lora.o(.text.newLoRa)
    .text_divfast                            0x080047ac   Section      502  aeabi_sdivfast.o(.text_divfast)
    i.__ARM_fpclassify                       0x080049a4   Section        0  fpclassify.o(i.__ARM_fpclassify)
    i.__kernel_poly                          0x080049d0   Section        0  poly.o(i.__kernel_poly)
    i.__mathlib_dbl_divzero                  0x08004a7c   Section        0  dunder.o(i.__mathlib_dbl_divzero)
    i.__mathlib_dbl_infnan2                  0x08004a90   Section        0  dunder.o(i.__mathlib_dbl_infnan2)
    i.__mathlib_dbl_invalid                  0x08004a98   Section        0  dunder.o(i.__mathlib_dbl_invalid)
    i.__mathlib_dbl_overflow                 0x08004aa8   Section        0  dunder.o(i.__mathlib_dbl_overflow)
    i.__mathlib_dbl_underflow                0x08004abc   Section        0  dunder.o(i.__mathlib_dbl_underflow)
    i.pow                                    0x08004ad0   Section        0  pow.o(i.pow)
    i.sqrt                                   0x080054a4   Section        0  sqrt.o(i.sqrt)
    x$fpl$drleqf                             0x080054ec   Section      104  drlef.o(x$fpl$drleqf)
    x$fpl$fadd                               0x08005554   Section      140  faddsub.o(x$fpl$fadd)
    _fadd1                                   0x08005561   Thumb Code     0  faddsub.o(x$fpl$fadd)
    x$fpl$fmul                               0x080055e0   Section      176  fmul.o(x$fpl$fmul)
    x$fpl$fsub                               0x08005690   Section      208  faddsub.o(x$fpl$fsub)
    _fsub1                                   0x0800569d   Thumb Code     0  faddsub.o(x$fpl$fsub)
    bp                                       0x08005760   Data          16  pow.o(.constdata)
    .constdata                               0x08005760   Section      136  pow.o(.constdata)
    x$fpl$usenofp                            0x08005760   Section        0  usenofp.o(x$fpl$usenofp)
    dp_h                                     0x08005770   Data          16  pow.o(.constdata)
    dp_l                                     0x08005780   Data          16  pow.o(.constdata)
    L                                        0x08005790   Data          48  pow.o(.constdata)
    P                                        0x080057c0   Data          40  pow.o(.constdata)
    ddiv_reciptbl                            0x080057e8   Data         128  ddiv.o(.constdata)
    .constdata                               0x080057e8   Section      128  ddiv.o(.constdata)
    .constdata                               0x08005868   Section        8  qnan.o(.constdata)
    UARTEx_SetNbDataToProcess.numerator      0x080058e8   Data           8  stm32g0xx_hal_uart_ex.o(.rodata.cst8)
    [Anonymous Symbol]                       0x080058e8   Section        0  stm32g0xx_hal_uart_ex.o(.rodata.cst8)
    UARTEx_SetNbDataToProcess.denominator    0x080058f0   Data           8  stm32g0xx_hal_uart_ex.o(.rodata.cst8)
    [Anonymous Symbol]                       0x20000000   Section        0  stm32g0xx_hal.o(.data..L_MergedGlobals)
    .bss                                     0x20000010   Section       96  libspace.o(.bss)
    Heap_Mem                                 0x200001b8   Data         512  startup_stm32g030xx.o(HEAP)
    HEAP                                     0x200001b8   Section      512  startup_stm32g030xx.o(HEAP)
    Stack_Mem                                0x200003b8   Data        1024  startup_stm32g030xx.o(STACK)
    STACK                                    0x200003b8   Section     1024  startup_stm32g030xx.o(STACK)
    __initial_sp                             0x200007b8   Data           0  startup_stm32g030xx.o(STACK)

    Global Symbols

    Symbol Name                              Value     Ov Type        Size  Object(Section)

    BuildAttributes$$THM_ISAv3M$S$PE$A:L22$X:L11$S22$IEEE1$IW$~IW$USESV6$~STKCKD$USESV7$~SHL$OTIME$ROPI$IEEEX$EBA8$UX$STANDARDLIB$REQ8$PRES8$EABIv2 0x00000000   Number         0  anon$$obj.o ABSOLUTE
    __ARM_exceptions_init                     - Undefined Weak Reference
    __alloca_initialize                       - Undefined Weak Reference
    __arm_preinit_                            - Undefined Weak Reference
    __arm_relocate_pie_                       - Undefined Weak Reference
    __cpp_initialize__aeabi_                  - Undefined Weak Reference
    __cxa_finalize                            - Undefined Weak Reference
    __rt_locale                               - Undefined Weak Reference
    __sigvec_lookup                           - Undefined Weak Reference
    _atexit_init                              - Undefined Weak Reference
    _call_atexit_fns                          - Undefined Weak Reference
    _clock_init                               - Undefined Weak Reference
    _fp_trap_init                             - Undefined Weak Reference
    _fp_trap_shutdown                         - Undefined Weak Reference
    _get_lc_collate                           - Undefined Weak Reference
    _get_lc_ctype                             - Undefined Weak Reference
    _get_lc_monetary                          - Undefined Weak Reference
    _get_lc_numeric                           - Undefined Weak Reference
    _get_lc_time                              - Undefined Weak Reference
    _getenv_init                              - Undefined Weak Reference
    _handle_redirection                       - Undefined Weak Reference
    _init_alloc                               - Undefined Weak Reference
    _init_user_alloc                          - Undefined Weak Reference
    _initio                                   - Undefined Weak Reference
    _printf_mbtowc                            - Undefined Weak Reference
    _printf_post_padding                      - Undefined Weak Reference
    _printf_pre_padding                       - Undefined Weak Reference
    _printf_truncate_signed                   - Undefined Weak Reference
    _printf_truncate_unsigned                 - Undefined Weak Reference
    _rand_init                                - Undefined Weak Reference
    _signal_finish                            - Undefined Weak Reference
    _signal_init                              - Undefined Weak Reference
    _terminate_alloc                          - Undefined Weak Reference
    _terminate_user_alloc                     - Undefined Weak Reference
    _terminateio                              - Undefined Weak Reference
    __Vectors_Size                           0x000000c0   Number         0  startup_stm32g030xx.o ABSOLUTE
    __Vectors                                0x08000000   Data           4  startup_stm32g030xx.o(RESET)
    __Vectors_End                            0x080000c0   Data           0  startup_stm32g030xx.o(RESET)
    __main                                   0x080000c1   Thumb Code     8  __main.o(!!!main)
    __scatterload                            0x080000c9   Thumb Code     0  __scatter.o(!!!scatter)
    __scatterload_rt2                        0x080000c9   Thumb Code    52  __scatter.o(!!!scatter)
    __scatterload_rt2_thumb_only             0x080000c9   Thumb Code     0  __scatter.o(!!!scatter)
    __scatterload_null                       0x080000d9   Thumb Code     0  __scatter.o(!!!scatter)
    __scatterload_copy                       0x08000105   Thumb Code    26  __scatter_copy.o(!!handler_copy)
    __scatterload_zeroinit                   0x08000121   Thumb Code    28  __scatter_zi.o(!!handler_zi)
    _printf_percent                          0x0800013d   Thumb Code     0  _printf_percent.o(.ARM.Collect$$_printf_percent$$00000000)
    _printf_d                                0x0800013f   Thumb Code     0  _printf_d.o(.ARM.Collect$$_printf_percent$$00000009)
    _printf_s                                0x08000149   Thumb Code     0  _printf_s.o(.ARM.Collect$$_printf_percent$$00000014)
    _printf_percent_end                      0x08000153   Thumb Code     0  _printf_percent_end.o(.ARM.Collect$$_printf_percent$$00000017)
    __rt_lib_init                            0x08000157   Thumb Code     0  libinit.o(.ARM.Collect$$libinit$$00000000)
    __rt_lib_init_alloca_1                   0x08000159   Thumb Code     0  libinit2.o(.ARM.Collect$$libinit$$00000030)
    __rt_lib_init_argv_1                     0x08000159   Thumb Code     0  libinit2.o(.ARM.Collect$$libinit$$0000002E)
    __rt_lib_init_atexit_1                   0x08000159   Thumb Code     0  libinit2.o(.ARM.Collect$$libinit$$0000001D)
    __rt_lib_init_clock_1                    0x08000159   Thumb Code     0  libinit2.o(.ARM.Collect$$libinit$$00000023)
    __rt_lib_init_cpp_1                      0x08000159   Thumb Code     0  libinit2.o(.ARM.Collect$$libinit$$00000034)
    __rt_lib_init_exceptions_1               0x08000159   Thumb Code     0  libinit2.o(.ARM.Collect$$libinit$$00000032)
    __rt_lib_init_fp_1                       0x08000159   Thumb Code     0  libinit2.o(.ARM.Collect$$libinit$$00000002)
    __rt_lib_init_fp_trap_1                  0x08000159   Thumb Code     0  libinit2.o(.ARM.Collect$$libinit$$00000021)
    __rt_lib_init_getenv_1                   0x08000159   Thumb Code     0  libinit2.o(.ARM.Collect$$libinit$$00000025)
    __rt_lib_init_heap_1                     0x08000159   Thumb Code     0  libinit2.o(.ARM.Collect$$libinit$$0000000C)
    __rt_lib_init_lc_collate_1               0x08000159   Thumb Code     0  libinit2.o(.ARM.Collect$$libinit$$00000013)
    __rt_lib_init_lc_ctype_1                 0x08000159   Thumb Code     0  libinit2.o(.ARM.Collect$$libinit$$00000015)
    __rt_lib_init_lc_monetary_1              0x08000159   Thumb Code     0  libinit2.o(.ARM.Collect$$libinit$$00000017)
    __rt_lib_init_lc_numeric_1               0x08000159   Thumb Code     0  libinit2.o(.ARM.Collect$$libinit$$00000019)
    __rt_lib_init_lc_time_1                  0x08000159   Thumb Code     0  libinit2.o(.ARM.Collect$$libinit$$0000001B)
    __rt_lib_init_preinit_1                  0x08000159   Thumb Code     0  libinit2.o(.ARM.Collect$$libinit$$00000006)
    __rt_lib_init_rand_1                     0x08000159   Thumb Code     0  libinit2.o(.ARM.Collect$$libinit$$00000010)
    __rt_lib_init_relocate_pie_1             0x08000159   Thumb Code     0  libinit2.o(.ARM.Collect$$libinit$$00000004)
    __rt_lib_init_return                     0x08000159   Thumb Code     0  libinit2.o(.ARM.Collect$$libinit$$00000035)
    __rt_lib_init_signal_1                   0x08000159   Thumb Code     0  libinit2.o(.ARM.Collect$$libinit$$0000001F)
    __rt_lib_init_stdio_1                    0x08000159   Thumb Code     0  libinit2.o(.ARM.Collect$$libinit$$00000027)
    __rt_lib_init_user_alloc_1               0x08000159   Thumb Code     0  libinit2.o(.ARM.Collect$$libinit$$0000000E)
    __rt_lib_shutdown                        0x0800015b   Thumb Code     0  libshutdown.o(.ARM.Collect$$libshutdown$$00000000)
    __rt_lib_shutdown_cpp_1                  0x0800015d   Thumb Code     0  libshutdown2.o(.ARM.Collect$$libshutdown$$00000002)
    __rt_lib_shutdown_fp_trap_1              0x0800015d   Thumb Code     0  libshutdown2.o(.ARM.Collect$$libshutdown$$00000007)
    __rt_lib_shutdown_heap_1                 0x0800015d   Thumb Code     0  libshutdown2.o(.ARM.Collect$$libshutdown$$0000000F)
    __rt_lib_shutdown_return                 0x0800015d   Thumb Code     0  libshutdown2.o(.ARM.Collect$$libshutdown$$00000010)
    __rt_lib_shutdown_signal_1               0x0800015d   Thumb Code     0  libshutdown2.o(.ARM.Collect$$libshutdown$$0000000A)
    __rt_lib_shutdown_stdio_1                0x0800015d   Thumb Code     0  libshutdown2.o(.ARM.Collect$$libshutdown$$00000004)
    __rt_lib_shutdown_user_alloc_1           0x0800015d   Thumb Code     0  libshutdown2.o(.ARM.Collect$$libshutdown$$0000000C)
    __rt_entry                               0x0800015f   Thumb Code     0  __rtentry.o(.ARM.Collect$$rtentry$$00000000)
    __rt_entry_presh_1                       0x0800015f   Thumb Code     0  __rtentry2.o(.ARM.Collect$$rtentry$$00000002)
    __rt_entry_sh                            0x0800015f   Thumb Code     0  __rtentry4.o(.ARM.Collect$$rtentry$$00000004)
    __rt_entry_li                            0x08000165   Thumb Code     0  __rtentry2.o(.ARM.Collect$$rtentry$$0000000A)
    __rt_entry_postsh_1                      0x08000165   Thumb Code     0  __rtentry2.o(.ARM.Collect$$rtentry$$00000009)
    __rt_entry_main                          0x08000169   Thumb Code     0  __rtentry2.o(.ARM.Collect$$rtentry$$0000000D)
    __rt_entry_postli_1                      0x08000169   Thumb Code     0  __rtentry2.o(.ARM.Collect$$rtentry$$0000000C)
    __rt_exit                                0x08000171   Thumb Code     0  rtexit.o(.ARM.Collect$$rtexit$$00000000)
    __rt_exit_ls                             0x08000173   Thumb Code     0  rtexit2.o(.ARM.Collect$$rtexit$$00000003)
    __rt_exit_prels_1                        0x08000173   Thumb Code     0  rtexit2.o(.ARM.Collect$$rtexit$$00000002)
    __rt_exit_exit                           0x08000177   Thumb Code     0  rtexit2.o(.ARM.Collect$$rtexit$$00000004)
    Reset_Handler                            0x0800017d   Thumb Code     8  startup_stm32g030xx.o(.text)
    ADC1_IRQHandler                          0x0800018f   Thumb Code     0  startup_stm32g030xx.o(.text)
    DMA1_Ch4_5_DMAMUX1_OVR_IRQHandler        0x0800018f   Thumb Code     0  startup_stm32g030xx.o(.text)
    DMA1_Channel1_IRQHandler                 0x0800018f   Thumb Code     0  startup_stm32g030xx.o(.text)
    DMA1_Channel2_3_IRQHandler               0x0800018f   Thumb Code     0  startup_stm32g030xx.o(.text)
    EXTI0_1_IRQHandler                       0x0800018f   Thumb Code     0  startup_stm32g030xx.o(.text)
    EXTI4_15_IRQHandler                      0x0800018f   Thumb Code     0  startup_stm32g030xx.o(.text)
    FLASH_IRQHandler                         0x0800018f   Thumb Code     0  startup_stm32g030xx.o(.text)
    I2C1_IRQHandler                          0x0800018f   Thumb Code     0  startup_stm32g030xx.o(.text)
    I2C2_IRQHandler                          0x0800018f   Thumb Code     0  startup_stm32g030xx.o(.text)
    RCC_IRQHandler                           0x0800018f   Thumb Code     0  startup_stm32g030xx.o(.text)
    RTC_TAMP_IRQHandler                      0x0800018f   Thumb Code     0  startup_stm32g030xx.o(.text)
    SPI1_IRQHandler                          0x0800018f   Thumb Code     0  startup_stm32g030xx.o(.text)
    SPI2_IRQHandler                          0x0800018f   Thumb Code     0  startup_stm32g030xx.o(.text)
    TIM14_IRQHandler                         0x0800018f   Thumb Code     0  startup_stm32g030xx.o(.text)
    TIM16_IRQHandler                         0x0800018f   Thumb Code     0  startup_stm32g030xx.o(.text)
    TIM17_IRQHandler                         0x0800018f   Thumb Code     0  startup_stm32g030xx.o(.text)
    TIM1_BRK_UP_TRG_COM_IRQHandler           0x0800018f   Thumb Code     0  startup_stm32g030xx.o(.text)
    TIM1_CC_IRQHandler                       0x0800018f   Thumb Code     0  startup_stm32g030xx.o(.text)
    TIM3_IRQHandler                          0x0800018f   Thumb Code     0  startup_stm32g030xx.o(.text)
    USART1_IRQHandler                        0x0800018f   Thumb Code     0  startup_stm32g030xx.o(.text)
    USART2_IRQHandler                        0x0800018f   Thumb Code     0  startup_stm32g030xx.o(.text)
    WWDG_IRQHandler                          0x0800018f   Thumb Code     0  startup_stm32g030xx.o(.text)
    __user_initial_stackheap                 0x08000191   Thumb Code     0  startup_stm32g030xx.o(.text)
    __2sprintf                               0x080001b5   Thumb Code    36  noretval__2sprintf.o(.text)
    __printf                                 0x080001dd   Thumb Code   108  __printf.o(.text)
    _printf_str                              0x08000249   Thumb Code    82  _printf_str.o(.text)
    _printf_int_dec                          0x0800029d   Thumb Code    90  _printf_dec.o(.text)
    __aeabi_memset                           0x08000309   Thumb Code    18  aeabi_memset.o(.text)
    _memset_w                                0x0800031b   Thumb Code    26  rt_memclr.o(.text)
    _memset                                  0x08000335   Thumb Code    30  rt_memclr.o(.text)
    __aeabi_memclr                           0x08000353   Thumb Code     4  rt_memclr.o(.text)
    __rt_memclr                              0x08000353   Thumb Code     0  rt_memclr.o(.text)
    __aeabi_memclr4                          0x08000357   Thumb Code     0  rt_memclr.o(.text)
    __aeabi_memclr8                          0x08000357   Thumb Code     0  rt_memclr.o(.text)
    __rt_memclr_w                            0x08000357   Thumb Code     4  rt_memclr.o(.text)
    __aeabi_uidivmod                         0x0800035d   Thumb Code    28  aeabi_sdivfast.o(.text)
    __aeabi_idivmod                          0x08000379   Thumb Code   472  aeabi_sdivfast.o(.text)
    __use_two_region_memory                  0x08000555   Thumb Code     2  heapauxi.o(.text)
    __rt_heap_escrow$2region                 0x08000557   Thumb Code     2  heapauxi.o(.text)
    __rt_heap_expand$2region                 0x08000559   Thumb Code     2  heapauxi.o(.text)
    __aeabi_d2f                              0x0800055d   Thumb Code     0  d2f.o(.text)
    _d2f                                     0x0800055d   Thumb Code   120  d2f.o(.text)
    __aeabi_i2d_normalise                    0x080005d9   Thumb Code    66  dflti.o(.text)
    __aeabi_i2d                              0x0800061b   Thumb Code    16  dflti.o(.text)
    _dflt                                    0x0800061b   Thumb Code     0  dflti.o(.text)
    __aeabi_ui2d                             0x0800062b   Thumb Code     6  dflti.o(.text)
    _dfltu                                   0x0800062b   Thumb Code     0  dflti.o(.text)
    __aeabi_dmul                             0x08000631   Thumb Code     0  dmul.o(.text)
    _dmul                                    0x08000631   Thumb Code   558  dmul.o(.text)
    __aeabi_f2d                              0x08000879   Thumb Code     0  f2d.o(.text)
    _f2d                                     0x08000879   Thumb Code    80  f2d.o(.text)
    __aeabi_f2iz                             0x080008cd   Thumb Code     0  ffixi.o(.text)
    _ffix                                    0x080008cd   Thumb Code    76  ffixi.o(.text)
    __aeabi_i2f_normalise                    0x08000919   Thumb Code    72  fflti.o(.text)
    __aeabi_i2f                              0x08000961   Thumb Code    16  fflti.o(.text)
    _fflt                                    0x08000961   Thumb Code     0  fflti.o(.text)
    __aeabi_ui2f                             0x08000971   Thumb Code     6  fflti.o(.text)
    _ffltu                                   0x08000971   Thumb Code     0  fflti.o(.text)
    __read_errno                             0x08000977   Thumb Code    10  _rserrno.o(.text)
    __set_errno                              0x08000981   Thumb Code    12  _rserrno.o(.text)
    _printf_int_common                       0x0800098d   Thumb Code   176  _printf_intcommon.o(.text)
    _printf_char_common                      0x08000a47   Thumb Code    32  _printf_char_common.o(.text)
    _sputc                                   0x08000a6d   Thumb Code    10  _sputc.o(.text)
    _printf_cs_common                        0x08000a77   Thumb Code    22  _printf_char.o(.text)
    _printf_char                             0x08000a8d   Thumb Code    16  _printf_char.o(.text)
    _printf_string                           0x08000a9d   Thumb Code     8  _printf_char.o(.text)
    __rt_udiv10                              0x08000aa5   Thumb Code    40  rtudiv10.o(.text)
    __aeabi_dadd                             0x08000dc5   Thumb Code     0  daddsub.o(.text)
    _dadd                                    0x08000dc5   Thumb Code    26  daddsub.o(.text)
    __aeabi_dsub                             0x08000ddf   Thumb Code     0  daddsub.o(.text)
    _dsub                                    0x08000ddf   Thumb Code    22  daddsub.o(.text)
    __aeabi_drsub                            0x08000df5   Thumb Code     0  daddsub.o(.text)
    _drsb                                    0x08000df5   Thumb Code    28  daddsub.o(.text)
    __aeabi_ddiv                             0x08000e25   Thumb Code     0  ddiv.o(.text)
    _ddiv                                    0x08000e25   Thumb Code  1072  ddiv.o(.text)
    _drdiv                                   0x08001255   Thumb Code    20  ddiv.o(.text)
    __ARM_scalbn                             0x0800126d   Thumb Code    84  dscalbn.o(.text)
    __aeabi_errno_addr                       0x080012cd   Thumb Code     8  rt_errno_addr_intlibspace.o(.text)
    __errno$intlibspace                      0x080012cd   Thumb Code     0  rt_errno_addr_intlibspace.o(.text)
    __rt_errno_addr$intlibspace              0x080012cd   Thumb Code     0  rt_errno_addr_intlibspace.o(.text)
    __fpl_dcmp_InfNaN                        0x080012d5   Thumb Code   154  dcmpin.o(.text)
    _dsqrt                                   0x08001375   Thumb Code   248  dsqrt.o(.text)
    __user_libspace                          0x08001475   Thumb Code     8  libspace.o(.text)
    __user_perproc_libspace                  0x08001475   Thumb Code     0  libspace.o(.text)
    __user_perthread_libspace                0x08001475   Thumb Code     0  libspace.o(.text)
    __user_setup_stackheap                   0x0800147d   Thumb Code    62  sys_stackheap_outer.o(.text)
    exit                                     0x080014bb   Thumb Code    16  exit.o(.text)
    __fpl_cmpreturn                          0x080014cb   Thumb Code    46  cmpret.o(.text)
    __fpl_dcheck_NaN2                        0x080014f9   Thumb Code    14  dnan2.o(.text)
    __fpl_return_NaN                         0x0800150d   Thumb Code    94  retnan.o(.text)
    _sys_exit                                0x0800156d   Thumb Code     8  sys_exit.o(.text)
    __I$use$semihosting                      0x08001579   Thumb Code     0  use_no_semi.o(.text)
    __use_no_semihosting_swi                 0x08001579   Thumb Code     2  use_no_semi.o(.text)
    EXTI2_3_IRQHandler                       0x0800157b   Thumb Code    10  stm32g0xx_it.o(.text.EXTI2_3_IRQHandler)
    __semihosting_library_function           0x0800157b   Thumb Code     0  indicate_semi.o(.text)
    Error_Handler                            0x08001585   Thumb Code     8  main.o(.text.Error_Handler)
    HAL_Delay                                0x0800158d   Thumb Code    32  stm32g0xx_hal.o(.text.HAL_Delay)
    HAL_GPIO_EXTI_Falling_Callback           0x080015b1   Thumb Code     2  stm32g0xx_hal_gpio.o(.text.HAL_GPIO_EXTI_Falling_Callback)
    HAL_GPIO_EXTI_IRQHandler                 0x080015b5   Thumb Code    36  stm32g0xx_hal_gpio.o(.text.HAL_GPIO_EXTI_IRQHandler)
    HAL_GPIO_EXTI_Rising_Callback            0x080015dd   Thumb Code     2  stm32g0xx_hal_gpio.o(.text.HAL_GPIO_EXTI_Rising_Callback)
    HAL_GPIO_Init                            0x080015e1   Thumb Code   432  stm32g0xx_hal_gpio.o(.text.HAL_GPIO_Init)
    HAL_GPIO_ReadPin                         0x080017a5   Thumb Code    10  stm32g0xx_hal_gpio.o(.text.HAL_GPIO_ReadPin)
    HAL_GPIO_WritePin                        0x080017af   Thumb Code    16  stm32g0xx_hal_gpio.o(.text.HAL_GPIO_WritePin)
    HAL_GetTick                              0x080017c1   Thumb Code     8  stm32g0xx_hal.o(.text.HAL_GetTick)
    HAL_I2CEx_ConfigAnalogFilter             0x080017cd   Thumb Code    68  stm32g0xx_hal_i2c_ex.o(.text.HAL_I2CEx_ConfigAnalogFilter)
    HAL_I2CEx_ConfigDigitalFilter            0x08001811   Thumb Code    68  stm32g0xx_hal_i2c_ex.o(.text.HAL_I2CEx_ConfigDigitalFilter)
    HAL_I2C_Init                             0x08001855   Thumb Code   160  stm32g0xx_hal_i2c.o(.text.HAL_I2C_Init)
    HAL_I2C_Master_Receive                   0x080018fd   Thumb Code   484  stm32g0xx_hal_i2c.o(.text.HAL_I2C_Master_Receive)
    HAL_I2C_Master_Transmit                  0x08001ae9   Thumb Code   496  stm32g0xx_hal_i2c.o(.text.HAL_I2C_Master_Transmit)
    HAL_I2C_MspInit                          0x08001cf5   Thumb Code    84  i2c.o(.text.HAL_I2C_MspInit)
    HAL_IncTick                              0x08001d55   Thumb Code    16  stm32g0xx_hal.o(.text.HAL_IncTick)
    HAL_Init                                 0x08001d69   Thumb Code    40  stm32g0xx_hal.o(.text.HAL_Init)
    HAL_InitTick                             0x08001d95   Thumb Code    64  stm32g0xx_hal.o(.text.HAL_InitTick)
    HAL_MspInit                              0x08001dd9   Thumb Code    40  stm32g0xx_hal_msp.o(.text.HAL_MspInit)
    HAL_NVIC_EnableIRQ                       0x08001e05   Thumb Code    20  stm32g0xx_hal_cortex.o(.text.HAL_NVIC_EnableIRQ)
    HAL_NVIC_SetPriority                     0x08001e1d   Thumb Code    56  stm32g0xx_hal_cortex.o(.text.HAL_NVIC_SetPriority)
    HAL_PWREx_ControlVoltageScaling          0x08001e5d   Thumb Code   116  stm32g0xx_hal_pwr_ex.o(.text.HAL_PWREx_ControlVoltageScaling)
    HAL_RCCEx_PeriphCLKConfig                0x08001edd   Thumb Code   364  stm32g0xx_hal_rcc_ex.o(.text.HAL_RCCEx_PeriphCLKConfig)
    HAL_RCC_ClockConfig                      0x08002059   Thumb Code   488  stm32g0xx_hal_rcc.o(.text.HAL_RCC_ClockConfig)
    HAL_RCC_GetPCLK1Freq                     0x08002255   Thumb Code    28  stm32g0xx_hal_rcc.o(.text.HAL_RCC_GetPCLK1Freq)
    HAL_RCC_GetSysClockFreq                  0x08002279   Thumb Code   124  stm32g0xx_hal_rcc.o(.text.HAL_RCC_GetSysClockFreq)
    HAL_RCC_OscConfig                        0x08002301   Thumb Code  1020  stm32g0xx_hal_rcc.o(.text.HAL_RCC_OscConfig)
    HAL_SPI_GetState                         0x0800271d   Thumb Code     6  stm32g0xx_hal_spi.o(.text.HAL_SPI_GetState)
    HAL_SPI_Init                             0x08002725   Thumb Code   248  stm32g0xx_hal_spi.o(.text.HAL_SPI_Init)
    HAL_SPI_MspInit                          0x08002821   Thumb Code    80  spi.o(.text.HAL_SPI_MspInit)
    HAL_SPI_Receive                          0x08002879   Thumb Code   540  stm32g0xx_hal_spi.o(.text.HAL_SPI_Receive)
    HAL_SPI_Transmit                         0x08002a95   Thumb Code   528  stm32g0xx_hal_spi.o(.text.HAL_SPI_Transmit)
    HAL_SPI_TransmitReceive                  0x08002ca9   Thumb Code   732  stm32g0xx_hal_spi.o(.text.HAL_SPI_TransmitReceive)
    HAL_SYSTICK_Config                       0x08002f89   Thumb Code    40  stm32g0xx_hal_cortex.o(.text.HAL_SYSTICK_Config)
    HAL_UARTEx_DisableFifoMode               0x08002fbd   Thumb Code    54  stm32g0xx_hal_uart_ex.o(.text.HAL_UARTEx_DisableFifoMode)
    HAL_UARTEx_SetRxFifoThreshold            0x08002ff5   Thumb Code   120  stm32g0xx_hal_uart_ex.o(.text.HAL_UARTEx_SetRxFifoThreshold)
    HAL_UARTEx_SetTxFifoThreshold            0x0800306d   Thumb Code   120  stm32g0xx_hal_uart_ex.o(.text.HAL_UARTEx_SetTxFifoThreshold)
    HAL_UART_Init                            0x080030ed   Thumb Code   200  stm32g0xx_hal_uart.o(.text.HAL_UART_Init)
    HAL_UART_MspInit                         0x080031b9   Thumb Code    84  usart.o(.text.HAL_UART_MspInit)
    HAL_UART_Transmit                        0x08003215   Thumb Code   260  stm32g0xx_hal_uart.o(.text.HAL_UART_Transmit)
    HardFault_Handler                        0x0800331d   Thumb Code     2  stm32g0xx_it.o(.text.HardFault_Handler)
    LoRa_init                                0x080035c5   Thumb Code   740  lora.o(.text.LoRa_init)
    LoRa_readReg                             0x080038ad   Thumb Code    86  lora.o(.text.LoRa_readReg)
    LoRa_receive                             0x08003903   Thumb Code   296  lora.o(.text.LoRa_receive)
    LoRa_reset                               0x08003a2b   Thumb Code    40  lora.o(.text.LoRa_reset)
    LoRa_startReceiving                      0x08003a53   Thumb Code    60  lora.o(.text.LoRa_startReceiving)
    LoRa_writeReg                            0x08003a8f   Thumb Code    86  lora.o(.text.LoRa_writeReg)
    MX_GPIO_Init                             0x08003ae5   Thumb Code   196  gpio.o(.text.MX_GPIO_Init)
    MX_I2C2_Init                             0x08003bb1   Thumb Code    76  i2c.o(.text.MX_I2C2_Init)
    MX_SPI1_Init                             0x08003c09   Thumb Code    64  spi.o(.text.MX_SPI1_Init)
    MX_USART1_UART_Init                      0x08003c51   Thumb Code    96  usart.o(.text.MX_USART1_UART_Init)
    NMI_Handler                              0x08003cb9   Thumb Code     2  stm32g0xx_it.o(.text.NMI_Handler)
    PendSV_Handler                           0x08003cbb   Thumb Code     2  stm32g0xx_it.o(.text.PendSV_Handler)
    SVC_Handler                              0x08003eed   Thumb Code     2  stm32g0xx_it.o(.text.SVC_Handler)
    SysTick_Handler                          0x08003eef   Thumb Code     8  stm32g0xx_it.o(.text.SysTick_Handler)
    SystemClock_Config                       0x08003ef7   Thumb Code   144  main.o(.text.SystemClock_Config)
    SystemInit                               0x08003f87   Thumb Code     2  system_stm32g0xx.o(.text.SystemInit)
    UART_AdvFeatureConfig                    0x08003f89   Thumb Code   210  stm32g0xx_hal_uart.o(.text.UART_AdvFeatureConfig)
    UART_SetConfig                           0x0800405d   Thumb Code   312  stm32g0xx_hal_uart.o(.text.UART_SetConfig)
    UART_WaitOnFlagUntilTimeout              0x080041c9   Thumb Code   312  stm32g0xx_hal_uart.o(.text.UART_WaitOnFlagUntilTimeout)
    aht10_read_data                          0x08004301   Thumb Code   168  aht10.o(.text.aht10_read_data)
    ftoa                                     0x080043bd   Thumb Code   564  aht10.o(.text.ftoa)
    main                                     0x080045f9   Thumb Code   312  main.o(.text.main)
    newLoRa                                  0x0800478d   Thumb Code    24  lora.o(.text.newLoRa)
    __aeabi_uidiv                            0x080047ad   Thumb Code    68  aeabi_sdivfast.o(.text_divfast)
    __aeabi_idiv                             0x080047f1   Thumb Code   434  aeabi_sdivfast.o(.text_divfast)
    __ARM_fpclassify                         0x080049a5   Thumb Code    40  fpclassify.o(i.__ARM_fpclassify)
    __kernel_poly                            0x080049d1   Thumb Code   172  poly.o(i.__kernel_poly)
    __mathlib_dbl_divzero                    0x08004a7d   Thumb Code    16  dunder.o(i.__mathlib_dbl_divzero)
    __mathlib_dbl_infnan2                    0x08004a91   Thumb Code     8  dunder.o(i.__mathlib_dbl_infnan2)
    __mathlib_dbl_invalid                    0x08004a99   Thumb Code    16  dunder.o(i.__mathlib_dbl_invalid)
    __mathlib_dbl_overflow                   0x08004aa9   Thumb Code    16  dunder.o(i.__mathlib_dbl_overflow)
    __mathlib_dbl_underflow                  0x08004abd   Thumb Code    14  dunder.o(i.__mathlib_dbl_underflow)
    pow                                      0x08004ad1   Thumb Code  2506  pow.o(i.pow)
    sqrt                                     0x080054a5   Thumb Code    66  sqrt.o(i.sqrt)
    __aeabi_cdrcmple                         0x080054ed   Thumb Code     0  drlef.o(x$fpl$drleqf)
    _drcmple                                 0x080054ed   Thumb Code   100  drlef.o(x$fpl$drleqf)
    __aeabi_fadd                             0x08005555   Thumb Code     0  faddsub.o(x$fpl$fadd)
    _fadd                                    0x08005555   Thumb Code   134  faddsub.o(x$fpl$fadd)
    __aeabi_fmul                             0x080055e1   Thumb Code     0  fmul.o(x$fpl$fmul)
    _fmul                                    0x080055e1   Thumb Code   172  fmul.o(x$fpl$fmul)
    __aeabi_fsub                             0x08005691   Thumb Code     0  faddsub.o(x$fpl$fsub)
    _fsub                                    0x08005691   Thumb Code   204  faddsub.o(x$fpl$fsub)
    __I$use$fp                               0x08005760   Number         0  usenofp.o(x$fpl$usenofp)
    __mathlib_zero                           0x08005868   Data           8  qnan.o(.constdata)
    AHBPrescTable                            0x08005870   Data          64  system_stm32g0xx.o(.rodata.AHBPrescTable)
    APBPrescTable                            0x080058b0   Data          32  system_stm32g0xx.o(.rodata.APBPrescTable)
    UARTPrescTable                           0x080058d0   Data          24  stm32g0xx_hal_uart.o(.rodata.UARTPrescTable)
    Region$$Table$$Base                      0x080058f8   Number         0  anon$$obj.o(Region$$Table)
    Region$$Table$$Limit                     0x08005918   Number         0  anon$$obj.o(Region$$Table)
    uwTickFreq                               0x20000000   Data           1  stm32g0xx_hal.o(.data..L_MergedGlobals)
    uwTickPrio                               0x20000004   Data           4  stm32g0xx_hal.o(.data..L_MergedGlobals)
    SystemCoreClock                          0x20000008   Data           4  system_stm32g0xx.o(.data.SystemCoreClock)
    __libspace_start                         0x20000010   Data          96  libspace.o(.bss)
    __temporary_stack_top$libspace           0x20000070   Data           0  libspace.o(.bss)
    hi2c2                                    0x20000070   Data          76  i2c.o(.bss.hi2c2)
    hspi1                                    0x200000bc   Data         100  spi.o(.bss.hspi1)
    huart1                                   0x20000120   Data         144  usart.o(.bss.huart1)
    uwTick                                   0x200001b0   Data           4  stm32g0xx_hal.o(.bss.uwTick)



==============================================================================

Memory Map of the image

  Image Entry point : 0x080000c1

  Load Region LR_IROM1 (Base: 0x08000000, Size: 0x00005928, Max: 0x00010000, ABSOLUTE)

    Execution Region ER_IROM1 (Exec base: 0x08000000, Load base: 0x08000000, Size: 0x00005918, Max: 0x00010000, ABSOLUTE)

    Exec Addr    Load Addr    Size         Type   Attr      Idx    E Section Name        Object

    0x08000000   0x08000000   0x000000c0   Data   RO            3    RESET               startup_stm32g030xx.o
    0x080000c0   0x080000c0   0x00000008   Code   RO         1117  * !!!main             c_p.l(__main.o)
    0x080000c8   0x080000c8   0x0000003c   Code   RO         1382    !!!scatter          c_p.l(__scatter.o)
    0x08000104   0x08000104   0x0000001a   Code   RO         1384    !!handler_copy      c_p.l(__scatter_copy.o)
    0x0800011e   0x0800011e   0x00000002   PAD
    0x08000120   0x08000120   0x0000001c   Code   RO         1386    !!handler_zi        c_p.l(__scatter_zi.o)
    0x0800013c   0x0800013c   0x00000002   Code   RO         1102    .ARM.Collect$$_printf_percent$$00000000  c_p.l(_printf_percent.o)
    0x0800013e   0x0800013e   0x0000000a   Code   RO         1101    .ARM.Collect$$_printf_percent$$00000009  c_p.l(_printf_d.o)
    0x08000148   0x08000148   0x0000000a   Code   RO         1100    .ARM.Collect$$_printf_percent$$00000014  c_p.l(_printf_s.o)
    0x08000152   0x08000152   0x00000004   Code   RO         1159    .ARM.Collect$$_printf_percent$$00000017  c_p.l(_printf_percent_end.o)
    0x08000156   0x08000156   0x00000002   Code   RO         1240    .ARM.Collect$$libinit$$00000000  c_p.l(libinit.o)
    0x08000158   0x08000158   0x00000000   Code   RO         1255    .ARM.Collect$$libinit$$00000002  c_p.l(libinit2.o)
    0x08000158   0x08000158   0x00000000   Code   RO         1257    .ARM.Collect$$libinit$$00000004  c_p.l(libinit2.o)
    0x08000158   0x08000158   0x00000000   Code   RO         1259    .ARM.Collect$$libinit$$00000006  c_p.l(libinit2.o)
    0x08000158   0x08000158   0x00000000   Code   RO         1262    .ARM.Collect$$libinit$$0000000C  c_p.l(libinit2.o)
    0x08000158   0x08000158   0x00000000   Code   RO         1264    .ARM.Collect$$libinit$$0000000E  c_p.l(libinit2.o)
    0x08000158   0x08000158   0x00000000   Code   RO         1266    .ARM.Collect$$libinit$$00000010  c_p.l(libinit2.o)
    0x08000158   0x08000158   0x00000000   Code   RO         1269    .ARM.Collect$$libinit$$00000013  c_p.l(libinit2.o)
    0x08000158   0x08000158   0x00000000   Code   RO         1271    .ARM.Collect$$libinit$$00000015  c_p.l(libinit2.o)
    0x08000158   0x08000158   0x00000000   Code   RO         1273    .ARM.Collect$$libinit$$00000017  c_p.l(libinit2.o)
    0x08000158   0x08000158   0x00000000   Code   RO         1275    .ARM.Collect$$libinit$$00000019  c_p.l(libinit2.o)
    0x08000158   0x08000158   0x00000000   Code   RO         1277    .ARM.Collect$$libinit$$0000001B  c_p.l(libinit2.o)
    0x08000158   0x08000158   0x00000000   Code   RO         1279    .ARM.Collect$$libinit$$0000001D  c_p.l(libinit2.o)
    0x08000158   0x08000158   0x00000000   Code   RO         1281    .ARM.Collect$$libinit$$0000001F  c_p.l(libinit2.o)
    0x08000158   0x08000158   0x00000000   Code   RO         1283    .ARM.Collect$$libinit$$00000021  c_p.l(libinit2.o)
    0x08000158   0x08000158   0x00000000   Code   RO         1285    .ARM.Collect$$libinit$$00000023  c_p.l(libinit2.o)
    0x08000158   0x08000158   0x00000000   Code   RO         1287    .ARM.Collect$$libinit$$00000025  c_p.l(libinit2.o)
    0x08000158   0x08000158   0x00000000   Code   RO         1289    .ARM.Collect$$libinit$$00000027  c_p.l(libinit2.o)
    0x08000158   0x08000158   0x00000000   Code   RO         1293    .ARM.Collect$$libinit$$0000002E  c_p.l(libinit2.o)
    0x08000158   0x08000158   0x00000000   Code   RO         1295    .ARM.Collect$$libinit$$00000030  c_p.l(libinit2.o)
    0x08000158   0x08000158   0x00000000   Code   RO         1297    .ARM.Collect$$libinit$$00000032  c_p.l(libinit2.o)
    0x08000158   0x08000158   0x00000000   Code   RO         1299    .ARM.Collect$$libinit$$00000034  c_p.l(libinit2.o)
    0x08000158   0x08000158   0x00000002   Code   RO         1300    .ARM.Collect$$libinit$$00000035  c_p.l(libinit2.o)
    0x0800015a   0x0800015a   0x00000002   Code   RO         1337    .ARM.Collect$$libshutdown$$00000000  c_p.l(libshutdown.o)
    0x0800015c   0x0800015c   0x00000000   Code   RO         1365    .ARM.Collect$$libshutdown$$00000002  c_p.l(libshutdown2.o)
    0x0800015c   0x0800015c   0x00000000   Code   RO         1367    .ARM.Collect$$libshutdown$$00000004  c_p.l(libshutdown2.o)
    0x0800015c   0x0800015c   0x00000000   Code   RO         1370    .ARM.Collect$$libshutdown$$00000007  c_p.l(libshutdown2.o)
    0x0800015c   0x0800015c   0x00000000   Code   RO         1373    .ARM.Collect$$libshutdown$$0000000A  c_p.l(libshutdown2.o)
    0x0800015c   0x0800015c   0x00000000   Code   RO         1375    .ARM.Collect$$libshutdown$$0000000C  c_p.l(libshutdown2.o)
    0x0800015c   0x0800015c   0x00000000   Code   RO         1378    .ARM.Collect$$libshutdown$$0000000F  c_p.l(libshutdown2.o)
    0x0800015c   0x0800015c   0x00000002   Code   RO         1379    .ARM.Collect$$libshutdown$$00000010  c_p.l(libshutdown2.o)
    0x0800015e   0x0800015e   0x00000000   Code   RO         1144    .ARM.Collect$$rtentry$$00000000  c_p.l(__rtentry.o)
    0x0800015e   0x0800015e   0x00000000   Code   RO         1196    .ARM.Collect$$rtentry$$00000002  c_p.l(__rtentry2.o)
    0x0800015e   0x0800015e   0x00000006   Code   RO         1208    .ARM.Collect$$rtentry$$00000004  c_p.l(__rtentry4.o)
    0x08000164   0x08000164   0x00000000   Code   RO         1198    .ARM.Collect$$rtentry$$00000009  c_p.l(__rtentry2.o)
    0x08000164   0x08000164   0x00000004   Code   RO         1199    .ARM.Collect$$rtentry$$0000000A  c_p.l(__rtentry2.o)
    0x08000168   0x08000168   0x00000000   Code   RO         1201    .ARM.Collect$$rtentry$$0000000C  c_p.l(__rtentry2.o)
    0x08000168   0x08000168   0x00000008   Code   RO         1202    .ARM.Collect$$rtentry$$0000000D  c_p.l(__rtentry2.o)
    0x08000170   0x08000170   0x00000002   Code   RO         1246    .ARM.Collect$$rtexit$$00000000  c_p.l(rtexit.o)
    0x08000172   0x08000172   0x00000000   Code   RO         1308    .ARM.Collect$$rtexit$$00000002  c_p.l(rtexit2.o)
    0x08000172   0x08000172   0x00000004   Code   RO         1309    .ARM.Collect$$rtexit$$00000003  c_p.l(rtexit2.o)
    0x08000176   0x08000176   0x00000006   Code   RO         1310    .ARM.Collect$$rtexit$$00000004  c_p.l(rtexit2.o)
    0x0800017c   0x0800017c   0x00000038   Code   RO            4    .text               startup_stm32g030xx.o
    0x080001b4   0x080001b4   0x00000028   Code   RO         1072    .text               c_p.l(noretval__2sprintf.o)
    0x080001dc   0x080001dc   0x0000006c   Code   RO         1074    .text               c_p.l(__printf.o)
    0x08000248   0x08000248   0x00000052   Code   RO         1076    .text               c_p.l(_printf_str.o)
    0x0800029a   0x0800029a   0x00000002   PAD
    0x0800029c   0x0800029c   0x0000006c   Code   RO         1078    .text               c_p.l(_printf_dec.o)
    0x08000308   0x08000308   0x00000012   Code   RO         1103    .text               c_p.l(aeabi_memset.o)
    0x0800031a   0x0800031a   0x00000040   Code   RO         1105    .text               c_p.l(rt_memclr.o)
    0x0800035a   0x0800035a   0x00000002   PAD
    0x0800035c   0x0800035c   0x000001f8   Code   RO         1107    .text               c_p.l(aeabi_sdivfast.o)
    0x08000554   0x08000554   0x00000006   Code   RO         1115    .text               c_p.l(heapauxi.o)
    0x0800055a   0x0800055a   0x00000002   PAD
    0x0800055c   0x0800055c   0x0000007c   Code   RO         1119    .text               fz_ps.l(d2f.o)
    0x080005d8   0x080005d8   0x00000058   Code   RO         1121    .text               fz_ps.l(dflti.o)
    0x08000630   0x08000630   0x00000248   Code   RO         1123    .text               fz_ps.l(dmul.o)
    0x08000878   0x08000878   0x00000054   Code   RO         1125    .text               fz_ps.l(f2d.o)
    0x080008cc   0x080008cc   0x0000004c   Code   RO         1133    .text               fz_ps.l(ffixi.o)
    0x08000918   0x08000918   0x0000005e   Code   RO         1135    .text               fz_ps.l(fflti.o)
    0x08000976   0x08000976   0x00000016   Code   RO         1149    .text               c_p.l(_rserrno.o)
    0x0800098c   0x0800098c   0x000000b0   Code   RO         1151    .text               c_p.l(_printf_intcommon.o)
    0x08000a3c   0x08000a3c   0x00000030   Code   RO         1153    .text               c_p.l(_printf_char_common.o)
    0x08000a6c   0x08000a6c   0x0000000a   Code   RO         1155    .text               c_p.l(_sputc.o)
    0x08000a76   0x08000a76   0x0000002e   Code   RO         1157    .text               c_p.l(_printf_char.o)
    0x08000aa4   0x08000aa4   0x00000028   Code   RO         1160    .text               c_p.l(rtudiv10.o)
    0x08000acc   0x08000acc   0x00000358   Code   RO         1162    .text               fz_ps.l(daddsub.o)
    0x08000e24   0x08000e24   0x00000448   Code   RO         1164    .text               fz_ps.l(ddiv.o)
    0x0800126c   0x0800126c   0x00000060   Code   RO         1169    .text               fz_ps.l(dscalbn.o)
    0x080012cc   0x080012cc   0x00000008   Code   RO         1215    .text               c_p.l(rt_errno_addr_intlibspace.o)
    0x080012d4   0x080012d4   0x000000a0   Code   RO         1219    .text               fz_ps.l(dcmpin.o)
    0x08001374   0x08001374   0x00000100   Code   RO         1221    .text               fz_ps.l(dsqrt.o)
    0x08001474   0x08001474   0x00000008   Code   RO         1223    .text               c_p.l(libspace.o)
    0x0800147c   0x0800147c   0x0000003e   Code   RO         1226    .text               c_p.l(sys_stackheap_outer.o)
    0x080014ba   0x080014ba   0x00000010   Code   RO         1229    .text               c_p.l(exit.o)
    0x080014ca   0x080014ca   0x0000002e   Code   RO         1241    .text               fz_ps.l(cmpret.o)
    0x080014f8   0x080014f8   0x00000014   Code   RO         1243    .text               fz_ps.l(dnan2.o)
    0x0800150c   0x0800150c   0x0000005e   Code   RO         1301    .text               fz_ps.l(retnan.o)
    0x0800156a   0x0800156a   0x00000002   PAD
    0x0800156c   0x0800156c   0x0000000c   Code   RO         1303    .text               c_p.l(sys_exit.o)
    0x08001578   0x08001578   0x00000002   Code   RO         1326    .text               c_p.l(use_no_semi.o)
    0x0800157a   0x0800157a   0x00000000   Code   RO         1328    .text               c_p.l(indicate_semi.o)
    0x0800157a   0x0800157a   0x0000000a   Code   RO          159    .text.EXTI2_3_IRQHandler  stm32g0xx_it.o
    0x08001584   0x08001584   0x00000008   Code   RO           83    .text.Error_Handler  main.o
    0x0800158c   0x0800158c   0x00000024   Code   RO          671    .text.HAL_Delay     stm32g0xx_hal.o
    0x080015b0   0x080015b0   0x00000002   Code   RO          480    .text.HAL_GPIO_EXTI_Falling_Callback  stm32g0xx_hal_gpio.o
    0x080015b2   0x080015b2   0x00000002   PAD
    0x080015b4   0x080015b4   0x00000028   Code   RO          476    .text.HAL_GPIO_EXTI_IRQHandler  stm32g0xx_hal_gpio.o
    0x080015dc   0x080015dc   0x00000002   Code   RO          478    .text.HAL_GPIO_EXTI_Rising_Callback  stm32g0xx_hal_gpio.o
    0x080015de   0x080015de   0x00000002   PAD
    0x080015e0   0x080015e0   0x000001c4   Code   RO          464    .text.HAL_GPIO_Init  stm32g0xx_hal_gpio.o
    0x080017a4   0x080017a4   0x0000000a   Code   RO          468    .text.HAL_GPIO_ReadPin  stm32g0xx_hal_gpio.o
    0x080017ae   0x080017ae   0x00000010   Code   RO          470    .text.HAL_GPIO_WritePin  stm32g0xx_hal_gpio.o
    0x080017be   0x080017be   0x00000002   PAD
    0x080017c0   0x080017c0   0x0000000c   Code   RO          663    .text.HAL_GetTick   stm32g0xx_hal.o
    0x080017cc   0x080017cc   0x00000044   Code   RO          328    .text.HAL_I2CEx_ConfigAnalogFilter  stm32g0xx_hal_i2c_ex.o
    0x08001810   0x08001810   0x00000044   Code   RO          330    .text.HAL_I2CEx_ConfigDigitalFilter  stm32g0xx_hal_i2c_ex.o
    0x08001854   0x08001854   0x000000a8   Code   RO          176    .text.HAL_I2C_Init  stm32g0xx_hal_i2c.o
    0x080018fc   0x080018fc   0x000001ec   Code   RO          192    .text.HAL_I2C_Master_Receive  stm32g0xx_hal_i2c.o
    0x08001ae8   0x08001ae8   0x0000020c   Code   RO          184    .text.HAL_I2C_Master_Transmit  stm32g0xx_hal_i2c.o
    0x08001cf4   0x08001cf4   0x00000060   Code   RO          106    .text.HAL_I2C_MspInit  i2c.o
    0x08001d54   0x08001d54   0x00000014   Code   RO          661    .text.HAL_IncTick   stm32g0xx_hal.o
    0x08001d68   0x08001d68   0x0000002c   Code   RO          651    .text.HAL_Init      stm32g0xx_hal.o
    0x08001d94   0x08001d94   0x00000044   Code   RO          653    .text.HAL_InitTick  stm32g0xx_hal.o
    0x08001dd8   0x08001dd8   0x0000002c   Code   RO          168    .text.HAL_MspInit   stm32g0xx_hal_msp.o
    0x08001e04   0x08001e04   0x00000018   Code   RO          615    .text.HAL_NVIC_EnableIRQ  stm32g0xx_hal_cortex.o
    0x08001e1c   0x08001e1c   0x00000040   Code   RO          613    .text.HAL_NVIC_SetPriority  stm32g0xx_hal_cortex.o
    0x08001e5c   0x08001e5c   0x00000080   Code   RO          599    .text.HAL_PWREx_ControlVoltageScaling  stm32g0xx_hal_pwr_ex.o
    0x08001edc   0x08001edc   0x0000017c   Code   RO          388    .text.HAL_RCCEx_PeriphCLKConfig  stm32g0xx_hal_rcc_ex.o
    0x08002058   0x08002058   0x000001fc   Code   RO          352    .text.HAL_RCC_ClockConfig  stm32g0xx_hal_rcc.o
    0x08002254   0x08002254   0x00000024   Code   RO          360    .text.HAL_RCC_GetPCLK1Freq  stm32g0xx_hal_rcc.o
    0x08002278   0x08002278   0x00000088   Code   RO          354    .text.HAL_RCC_GetSysClockFreq  stm32g0xx_hal_rcc.o
    0x08002300   0x08002300   0x0000041c   Code   RO          350    .text.HAL_RCC_OscConfig  stm32g0xx_hal_rcc.o
    0x0800271c   0x0800271c   0x00000006   Code   RO          843    .text.HAL_SPI_GetState  stm32g0xx_hal_spi.o
    0x08002722   0x08002722   0x00000002   PAD
    0x08002724   0x08002724   0x000000fc   Code   RO          745    .text.HAL_SPI_Init  stm32g0xx_hal_spi.o
    0x08002820   0x08002820   0x00000058   Code   RO          121    .text.HAL_SPI_MspInit  spi.o
    0x08002878   0x08002878   0x0000021c   Code   RO          755    .text.HAL_SPI_Receive  stm32g0xx_hal_spi.o
    0x08002a94   0x08002a94   0x00000214   Code   RO          753    .text.HAL_SPI_Transmit  stm32g0xx_hal_spi.o
    0x08002ca8   0x08002ca8   0x000002e0   Code   RO          757    .text.HAL_SPI_TransmitReceive  stm32g0xx_hal_spi.o
    0x08002f88   0x08002f88   0x00000034   Code   RO          621    .text.HAL_SYSTICK_Config  stm32g0xx_hal_cortex.o
    0x08002fbc   0x08002fbc   0x00000036   Code   RO         1033    .text.HAL_UARTEx_DisableFifoMode  stm32g0xx_hal_uart_ex.o
    0x08002ff2   0x08002ff2   0x00000002   PAD
    0x08002ff4   0x08002ff4   0x00000078   Code   RO         1037    .text.HAL_UARTEx_SetRxFifoThreshold  stm32g0xx_hal_uart_ex.o
    0x0800306c   0x0800306c   0x00000080   Code   RO         1035    .text.HAL_UARTEx_SetTxFifoThreshold  stm32g0xx_hal_uart_ex.o
    0x080030ec   0x080030ec   0x000000cc   Code   RO          872    .text.HAL_UART_Init  stm32g0xx_hal_uart.o
    0x080031b8   0x080031b8   0x0000005c   Code   RO          136    .text.HAL_UART_MspInit  usart.o
    0x08003214   0x08003214   0x00000108   Code   RO          892    .text.HAL_UART_Transmit  stm32g0xx_hal_uart.o
    0x0800331c   0x0800331c   0x00000002   Code   RO          151    .text.HardFault_Handler  stm32g0xx_it.o
    0x0800331e   0x0800331e   0x00000002   PAD
    0x08003320   0x08003320   0x0000015c   Code   RO          318    .text.I2C_IsErrorOccurred  stm32g0xx_hal_i2c.o
    0x0800347c   0x0800347c   0x000000b4   Code   RO          194    .text.I2C_WaitOnRXNEFlagUntilTimeout  stm32g0xx_hal_i2c.o
    0x08003530   0x08003530   0x00000092   Code   RO          188    .text.I2C_WaitOnTXISFlagUntilTimeout  stm32g0xx_hal_i2c.o
    0x080035c2   0x080035c2   0x00000002   PAD
    0x080035c4   0x080035c4   0x000002e8   Code   RO           67    .text.LoRa_init     lora.o
    0x080038ac   0x080038ac   0x00000056   Code   RO           41    .text.LoRa_readReg  lora.o
    0x08003902   0x08003902   0x00000128   Code   RO           63    .text.LoRa_receive  lora.o
    0x08003a2a   0x08003a2a   0x00000028   Code   RO           33    .text.LoRa_reset    lora.o
    0x08003a52   0x08003a52   0x0000003c   Code   RO           61    .text.LoRa_startReceiving  lora.o
    0x08003a8e   0x08003a8e   0x00000056   Code   RO           43    .text.LoRa_writeReg  lora.o
    0x08003ae4   0x08003ae4   0x000000cc   Code   RO           96    .text.MX_GPIO_Init  gpio.o
    0x08003bb0   0x08003bb0   0x00000058   Code   RO          104    .text.MX_I2C2_Init  i2c.o
    0x08003c08   0x08003c08   0x00000048   Code   RO          119    .text.MX_SPI1_Init  spi.o
    0x08003c50   0x08003c50   0x00000068   Code   RO          134    .text.MX_USART1_UART_Init  usart.o
    0x08003cb8   0x08003cb8   0x00000002   Code   RO          149    .text.NMI_Handler   stm32g0xx_it.o
    0x08003cba   0x08003cba   0x00000002   Code   RO          155    .text.PendSV_Handler  stm32g0xx_it.o
    0x08003cbc   0x08003cbc   0x00000160   Code   RO          807    .text.SPI_WaitFifoStateUntilTimeout  stm32g0xx_hal_spi.o
    0x08003e1c   0x08003e1c   0x000000d0   Code   RO          809    .text.SPI_WaitFlagStateUntilTimeout  stm32g0xx_hal_spi.o
    0x08003eec   0x08003eec   0x00000002   Code   RO          153    .text.SVC_Handler   stm32g0xx_it.o
    0x08003eee   0x08003eee   0x00000008   Code   RO          157    .text.SysTick_Handler  stm32g0xx_it.o
    0x08003ef6   0x08003ef6   0x00000090   Code   RO           81    .text.SystemClock_Config  main.o
    0x08003f86   0x08003f86   0x00000002   Code   RO         1054    .text.SystemInit    system_stm32g0xx.o
    0x08003f88   0x08003f88   0x000000d2   Code   RO          878    .text.UART_AdvFeatureConfig  stm32g0xx_hal_uart.o
    0x0800405a   0x0800405a   0x00000002   PAD
    0x0800405c   0x0800405c   0x0000016c   Code   RO          876    .text.UART_SetConfig  stm32g0xx_hal_uart.o
    0x080041c8   0x080041c8   0x00000138   Code   RO          894    .text.UART_WaitOnFlagUntilTimeout  stm32g0xx_hal_uart.o
    0x08004300   0x08004300   0x000000bc   Code   RO           21    .text.aht10_read_data  aht10.o
    0x080043bc   0x080043bc   0x0000023c   Code   RO           15    .text.ftoa          aht10.o
    0x080045f8   0x080045f8   0x00000194   Code   RO           79    .text.main          main.o
    0x0800478c   0x0800478c   0x00000020   Code   RO           31    .text.newLoRa       lora.o
    0x080047ac   0x080047ac   0x000001f6   Code   RO         1108    .text_divfast       c_p.l(aeabi_sdivfast.o)
    0x080049a2   0x080049a2   0x00000002   PAD
    0x080049a4   0x080049a4   0x0000002c   Code   RO         1186    i.__ARM_fpclassify  m_ps.l(fpclassify.o)
    0x080049d0   0x080049d0   0x000000ac   Code   RO         1188    i.__kernel_poly     m_ps.l(poly.o)
    0x08004a7c   0x08004a7c   0x00000014   Code   RO         1172    i.__mathlib_dbl_divzero  m_ps.l(dunder.o)
    0x08004a90   0x08004a90   0x00000008   Code   RO         1174    i.__mathlib_dbl_infnan2  m_ps.l(dunder.o)
    0x08004a98   0x08004a98   0x00000010   Code   RO         1175    i.__mathlib_dbl_invalid  m_ps.l(dunder.o)
    0x08004aa8   0x08004aa8   0x00000014   Code   RO         1176    i.__mathlib_dbl_overflow  m_ps.l(dunder.o)
    0x08004abc   0x08004abc   0x00000014   Code   RO         1178    i.__mathlib_dbl_underflow  m_ps.l(dunder.o)
    0x08004ad0   0x08004ad0   0x000009d4   Code   RO         1140    i.pow               m_ps.l(pow.o)
    0x080054a4   0x080054a4   0x00000048   Code   RO         1192    i.sqrt              m_ps.l(sqrt.o)
    0x080054ec   0x080054ec   0x00000068   Code   RO         1167    x$fpl$drleqf        fz_ps.l(drlef.o)
    0x08005554   0x08005554   0x0000008c   Code   RO         1127    x$fpl$fadd          fz_ps.l(faddsub.o)
    0x080055e0   0x080055e0   0x000000b0   Code   RO         1137    x$fpl$fmul          fz_ps.l(fmul.o)
    0x08005690   0x08005690   0x000000d0   Code   RO         1129    x$fpl$fsub          fz_ps.l(faddsub.o)
    0x08005760   0x08005760   0x00000000   Code   RO         1171    x$fpl$usenofp       fz_ps.l(usenofp.o)
    0x08005760   0x08005760   0x00000088   Data   RO         1141    .constdata          m_ps.l(pow.o)
    0x080057e8   0x080057e8   0x00000080   Data   RO         1165    .constdata          fz_ps.l(ddiv.o)
    0x08005868   0x08005868   0x00000008   Data   RO         1190    .constdata          m_ps.l(qnan.o)
    0x08005870   0x08005870   0x00000040   Data   RO         1059    .rodata.AHBPrescTable  system_stm32g0xx.o
    0x080058b0   0x080058b0   0x00000020   Data   RO         1060    .rodata.APBPrescTable  system_stm32g0xx.o
    0x080058d0   0x080058d0   0x00000018   Data   RO         1006    .rodata.UARTPrescTable  stm32g0xx_hal_uart.o
    0x080058e8   0x080058e8   0x00000010   Data   RO         1045    .rodata.cst8        stm32g0xx_hal_uart_ex.o
    0x080058f8   0x080058f8   0x00000020   Data   RO         1381    Region$$Table       anon$$obj.o


    Execution Region RW_IRAM1 (Exec base: 0x20000000, Load base: 0x08005918, Size: 0x000007b8, Max: 0x00002000, ABSOLUTE)

    Exec Addr    Load Addr    Size         Type   Attr      Idx    E Section Name        Object

    0x20000000   0x08005918   0x00000008   Data   RW          710    .data..L_MergedGlobals  stm32g0xx_hal.o
    0x20000008   0x08005920   0x00000004   Data   RW         1058    .data.SystemCoreClock  system_stm32g0xx.o
    0x2000000c   0x08005924   0x00000004   PAD
    0x20000010        -       0x00000060   Zero   RW         1224    .bss                c_p.l(libspace.o)
    0x20000070        -       0x0000004c   Zero   RW          110    .bss.hi2c2          i2c.o
    0x200000bc        -       0x00000064   Zero   RW          125    .bss.hspi1          spi.o
    0x20000120        -       0x00000090   Zero   RW          140    .bss.huart1         usart.o
    0x200001b0        -       0x00000004   Zero   RW          709    .bss.uwTick         stm32g0xx_hal.o
    0x200001b4   0x08005924   0x00000004   PAD
    0x200001b8        -       0x00000200   Zero   RW            2    HEAP                startup_stm32g030xx.o
    0x200003b8        -       0x00000400   Zero   RW            1    STACK               startup_stm32g030xx.o


==============================================================================

Image component sizes


      Code (inc. data)   RO Data    RW Data    ZI Data      Debug   Object Name

       760         28          0          0          0       6745   aht10.o
       204          8          0          0          0       2594   gpio.o
       184         24          0          0         76       5372   i2c.o
      1344         12          0          0          0      23795   lora.o
       556         92          0          0          0       6699   main.o
       160         16          0          0        100       5136   spi.o
        56         26        192          0       1536        628   startup_stm32g030xx.o
       180         20          0          8          4       6656   stm32g0xx_hal.o
       140         24          0          0          0       6560   stm32g0xx_hal_cortex.o
       522         24          0          0          0       4785   stm32g0xx_hal_gpio.o
      1858         48          0          0          0      64479   stm32g0xx_hal_i2c.o
       136          0          0          0          0       5976   stm32g0xx_hal_i2c_ex.o
        44          4          0          0          0       1263   stm32g0xx_hal_msp.o
       128         12          0          0          0       4961   stm32g0xx_hal_pwr_ex.o
      1732         88          0          0          0       9168   stm32g0xx_hal_rcc.o
       380         16          0          0          0       6109   stm32g0xx_hal_rcc_ex.o
      2626         16          0          0          0      27285   stm32g0xx_hal_spi.o
      1354         80         24          0          0      47160   stm32g0xx_hal_uart.o
       302          8         16          0          0      12057   stm32g0xx_hal_uart_ex.o
        26          0          0          0          0        932   stm32g0xx_it.o
         2          0         96          4          0       1962   system_stm32g0xx.o
       196         16          0          0        144       5437   usart.o

    ----------------------------------------------------------------------
     12906        562        360         12       1868     255759   Object Totals
         0          0         32          0          0          0   (incl. Generated)
        16          0          0          0          8          0   (incl. Padding)

    ----------------------------------------------------------------------

      Code (inc. data)   RO Data    RW Data    ZI Data      Debug   Library Member Name

         8          0          0          0          0         68   __main.o
       108          0          0          0          0         76   __printf.o
         0          0          0          0          0          0   __rtentry.o
        12          0          0          0          0          0   __rtentry2.o
         6          0          0          0          0          0   __rtentry4.o
        60          8          0          0          0          0   __scatter.o
        26          0          0          0          0          0   __scatter_copy.o
        28          0          0          0          0          0   __scatter_zi.o
        46          0          0          0          0        100   _printf_char.o
        48          6          0          0          0         88   _printf_char_common.o
        10          0          0          0          0          0   _printf_d.o
       108         18          0          0          0         76   _printf_dec.o
       176          0          0          0          0         84   _printf_intcommon.o
         2          0          0          0          0          0   _printf_percent.o
         4          0          0          0          0          0   _printf_percent_end.o
        10          0          0          0          0          0   _printf_s.o
        82          0          0          0          0         72   _printf_str.o
        22          0          0          0          0         92   _rserrno.o
        10          0          0          0          0         60   _sputc.o
        18          0          0          0          0         68   aeabi_memset.o
      1006          4          0          0          0        184   aeabi_sdivfast.o
        16          0          0          0          0         68   exit.o
         6          0          0          0          0        136   heapauxi.o
         0          0          0          0          0          0   indicate_semi.o
         2          0          0          0          0          0   libinit.o
         2          0          0          0          0          0   libinit2.o
         2          0          0          0          0          0   libshutdown.o
         2          0          0          0          0          0   libshutdown2.o
         8          4          0          0         96         68   libspace.o
        40          4          0          0          0         84   noretval__2sprintf.o
         8          4          0          0          0         68   rt_errno_addr_intlibspace.o
        64          0          0          0          0        108   rt_memclr.o
         2          0          0          0          0          0   rtexit.o
        10          0          0          0          0          0   rtexit2.o
        40          0          0          0          0         60   rtudiv10.o
        12          4          0          0          0         60   sys_exit.o
        62          0          0          0          0         80   sys_stackheap_outer.o
         2          0          0          0          0         68   use_no_semi.o
        46          0          0          0          0         60   cmpret.o
       124          4          0          0          0         72   d2f.o
       856         20          0          0          0        208   daddsub.o
       160          6          0          0          0         76   dcmpin.o
      1096         26        128          0          0        112   ddiv.o
        88          0          0          0          0         92   dflti.o
       584         26          0          0          0         84   dmul.o
        20          6          0          0          0         68   dnan2.o
       104          4          0          0          0        104   drlef.o
        96         12          0          0          0         72   dscalbn.o
       256          8          0          0          0         76   dsqrt.o
        84          4          0          0          0         60   f2d.o
       348          8          0          0          0        160   faddsub.o
        76          0          0          0          0         68   ffixi.o
        94          0          0          0          0         92   fflti.o
       176          4          0          0          0         80   fmul.o
        94          0          0          0          0         68   retnan.o
         0          0          0          0          0          0   usenofp.o
        84         14          0          0          0        340   dunder.o
        44          4          0          0          0         60   fpclassify.o
       172          0          0          0          0         76   poly.o
      2516        206        136          0          0        236   pow.o
         0          0          8          0          0          0   qnan.o
        72          6          0          0          0         76   sqrt.o

    ----------------------------------------------------------------------
      9270        410        272          0         96       4108   Library Totals
        12          0          0          0          0          0   (incl. Padding)

    ----------------------------------------------------------------------

      Code (inc. data)   RO Data    RW Data    ZI Data      Debug   Library Name

      2068         52          0          0         96       1768   c_p.l
      4302        128        128          0          0       1552   fz_ps.l
      2888        230        144          0          0        788   m_ps.l

    ----------------------------------------------------------------------
      9270        410        272          0         96       4108   Library Totals

    ----------------------------------------------------------------------

==============================================================================


      Code (inc. data)   RO Data    RW Data    ZI Data      Debug   

     22176        972        632         12       1964     257471   Grand Totals
     22176        972        632         12       1964     257471   ELF Image Totals
     22176        972        632         12          0          0   ROM Totals

==============================================================================

    Total RO  Size (Code + RO Data)                22808 (  22.27kB)
    Total RW  Size (RW Data + ZI Data)              1976 (   1.93kB)
    Total ROM Size (Code + RO Data + RW Data)      22820 (  22.29kB)

==============================================================================

