<html>
<body>
<pre>
<h1>µVision Build Log</h1>
<h2>Tool Versions:</h2>
IDE-Version: µVision V5.37.0.0
Copyright (C) 2022 ARM Ltd and ARM Germany GmbH. All rights reserved.
License Information: d d, d, LIC=14HV2-99WQB-MMJ9I-TX7J7-7JGCN-XF6AU
 
Tool Versions:
Toolchain:       MDK-ARM Plus  Version: 5.37.0.0
Toolchain Path:  C:\Keil_v5\ARM\ARMCLANG\Bin
C Compiler:      ArmClang.exe V6.18
Assembler:       Armasm.exe V6.18
Linker/Locator:  ArmLink.exe V6.18
Library Manager: ArmAr.exe V6.18
Hex Converter:   FromElf.exe V6.18
CPU DLL:         SARMCM3.DLL V5.37.0.0
Dialog DLL:      DARMCM1.DLL V1.19.6.0
Target DLL:      STLink\ST-LINKIII-KEIL_SWO.dll V3.0.9.0
Dialog DLL:      TARMCM1.DLL V1.14.6.0
 
<h2>Project:</h2>
D:\KHKT-Burning-Alarm-2022\Firmware\Slave_Firmmm\MDK-ARM\Slave_Firmmm.uvprojx
Project File Date:  10/26/2022

<h2>Output:</h2>
*** Using Compiler 'V6.18', folder: 'C:\Keil_v5\ARM\ARMCLANG\Bin'
Rebuild target 'Slave_Firmmm'
assembling startup_stm32g030xx.s...
compiling i2c.c...
compiling spi.c...
../Core/Src/main.c(76): warning: implicitly declaring library function 'strlen' with type 'unsigned int (const char *)' [-Wimplicit-function-declaration]
  HAL_UART_Transmit(&huart1, (uint8_t*)data, (uint16_t)strlen(data), 1000);
                                                       ^
../Core/Src/main.c(76): note: include the header <string.h> or explicitly provide a declaration for 'strlen'
../Core/Src/main.c(184): warning: implicitly declaring library function 'strstr' with type 'char *(const char *, const char *)' [-Wimplicit-function-declaration]
        if(strstr(mess.nodeID, node_id[NODE_ID]) != NULL && strstr(mess.type, "request") != NULL)
           ^
../Core/Src/main.c(184): note: include the header <string.h> or explicitly provide a declaration for 'strstr'
2 warnings generated.
compiling main.c...
compiling gpio.c...
compiling lora.c...
compiling aht10.c...
compiling stm32g0xx_it.c...
compiling usart.c...
compiling stm32g0xx_hal_msp.c...
compiling stm32g0xx_hal_i2c_ex.c...
compiling stm32g0xx_ll_rcc.c...
compiling stm32g0xx_hal_rcc_ex.c...
compiling stm32g0xx_hal_rcc.c...
compiling stm32g0xx_hal_flash_ex.c...
compiling stm32g0xx_hal_gpio.c...
compiling stm32g0xx_hal_flash.c...
compiling stm32g0xx_ll_dma.c...
compiling stm32g0xx_hal_dma_ex.c...
compiling stm32g0xx_hal_dma.c...
compiling stm32g0xx_hal_pwr.c...
compiling stm32g0xx_hal_pwr_ex.c...
compiling stm32g0xx_hal_cortex.c...
compiling stm32g0xx_hal.c...
compiling stm32g0xx_hal_exti.c...
compiling stm32g0xx_hal_spi_ex.c...
compiling stm32g0xx_hal_tim.c...
compiling stm32g0xx_hal_tim_ex.c...
compiling stm32g0xx_hal_i2c.c...
compiling system_stm32g0xx.c...
compiling stm32g0xx_hal_uart_ex.c...
compiling stm32g0xx_hal_spi.c...
compiling stm32g0xx_hal_uart.c...
linking...
Program Size: Code=23784 RO-data=964 RW-data=52 ZI-data=2004  
FromELF: creating hex file...
"Slave_Firmmm\Slave_Firmmm.axf" - 0 Error(s), 2 Warning(s).

<h2>Software Packages used:</h2>

Package Vendor: ARM
                http://www.keil.com/pack/ARM.CMSIS.5.9.0.pack
                ARM.CMSIS.5.9.0
                CMSIS (Common Microcontroller Software Interface Standard)
   * Component: CORE Version: 5.6.0

Package Vendor: Keil
                http://www.keil.com/pack/Keil.STM32G0xx_DFP.1.4.0.pack
                Keil.STM32G0xx_DFP.1.4.0
                STMicroelectronics STM32G0 Series Device Support

<h2>Collection of Component include folders:</h2>
  ./RTE/_Slave_Firmmm
  C:/Users/dung/AppData/Local/Arm/Packs/ARM/CMSIS/5.9.0/CMSIS/Core/Include
  C:/Users/dung/AppData/Local/Arm/Packs/Keil/STM32G0xx_DFP/1.4.0/Drivers/CMSIS/Device/ST/STM32G0xx/Include

<h2>Collection of Component Files used:</h2>

   * Component: ARM::CMSIS:CORE:5.6.0
Build Time Elapsed:  00:00:03
</pre>
</body>
</html>
