18:43:17 **** Incremental Build of configuration Debug for project Slave_Firm ****
make -j8 all 
arm-none-eabi-gcc -mcpu=cortex-m0plus -g3 -DDEBUG -c -x assembler-with-cpp -MMD -MP -MF"Core/Startup/startup_stm32g030c8tx.d" -MT"Core/Startup/startup_stm32g030c8tx.o" --specs=nano.specs -mfloat-abi=soft -mthumb -o "Core/Startup/startup_stm32g030c8tx.o" "../Core/Startup/startup_stm32g030c8tx.S"
arm-none-eabi-gcc -o "Slave_Firm.elf" @"objects.list"   -mcpu=cortex-m0plus -T"D:\KHKT-Burning-Alarm-2022\Firmware\Slave_Firm\STM32G030C8TX_FLASH.ld" --specs=nosys.specs -Wl,-Map="Slave_Firm.map" -Wl,--gc-sections -static --specs=nano.specs -mfloat-abi=soft -mthumb -Wl,--start-group -lc -lm -Wl,--end-group
Finished building target: Slave_Firm.elf
 
arm-none-eabi-size   Slave_Firm.elf 
arm-none-eabi-objdump -h -S  Slave_Firm.elf  > "Slave_Firm.list"
   text	   data	    bss	    dec	    hex	filename
  10848	     20	   1900	  12768	   31e0	Slave_Firm.elf
Finished building: default.size.stdout
 
Finished building: Slave_Firm.list
 
18:43:21 **** Incremental Build of configuration Debug for project Slave_Firm ****
make -j8 all 
arm-none-eabi-size   Slave_Firm.elf 
   text	   data	    bss	    dec	    hex	filename
  10848	     20	   1900	  12768	   31e0	Slave_Firm.elf
Finished building: default.size.stdout
 
18:43:37 **** Incremental Build of configuration Debug for project Slave_Firm ****
make -j8 all 
arm-none-eabi-size   Slave_Firm.elf 
   text	   data	    bss	    dec	    hex	filename
  10848	     20	   1900	  12768	   31e0	Slave_Firm.elf
Finished building: default.size.stdout
 
18:45:07 **** Incremental Build of configuration Debug for project Slave_Firm ****
make -j8 all 
arm-none-eabi-size   Slave_Firm.elf 
   text	   data	    bss	    dec	    hex	filename
  10848	     20	   1900	  12768	   31e0	Slave_Firm.elf
Finished building: default.size.stdout
 
18:54:05 **** Incremental Build of configuration Debug for project Slave_Firm ****
make -j8 all 
arm-none-eabi-gcc -mcpu=cortex-m0plus -g3 -DDEBUG -c -x assembler-with-cpp -MMD -MP -MF"Core/Startup/startup_stm32g030c8tx.d" -MT"Core/Startup/startup_stm32g030c8tx.o" --specs=nano.specs -mfloat-abi=soft -mthumb -o "Core/Startup/startup_stm32g030c8tx.o" "../Core/Startup/startup_stm32g030c8tx.S"
arm-none-eabi-gcc -o "Slave_Firm.elf" @"objects.list"   -mcpu=cortex-m0plus -T"D:\KHKT-Burning-Alarm-2022\Firmware\Slave_Firm\STM32G030C8TX_FLASH.ld" --specs=nosys.specs -Wl,-Map="Slave_Firm.map" -Wl,--gc-sections -static --specs=nano.specs -mfloat-abi=soft -mthumb -Wl,--start-group -lc -lm -Wl,--end-group
Finished building target: Slave_Firm.elf
 
arm-none-eabi-size   Slave_Firm.elf 
arm-none-eabi-objdump -h -S  Slave_Firm.elf  > "Slave_Firm.list"
   text	   data	    bss	    dec	    hex	filename
  10848	     20	   1900	  12768	   31e0	Slave_Firm.elf
Finished building: default.size.stdout
 
Finished building: Slave_Firm.list
 
18:54:20 **** Incremental Build of configuration Debug for project Slave_Firm ****
make -j8 all 
arm-none-eabi-size   Slave_Firm.elf 
   text	   data	    bss	    dec	    hex	filename
  10848	     20	   1900	  12768	   31e0	Slave_Firm.elf
Finished building: default.size.stdout
 
18:55:23 **** Incremental Build of configuration Debug for project Slave_Firm ****
make -j8 all 
arm-none-eabi-gcc -mcpu=cortex-m0plus -g3 -DDEBUG -c -x assembler-with-cpp -MMD -MP -MF"Core/Startup/startup_stm32g030c8tx.d" -MT"Core/Startup/startup_stm32g030c8tx.o" --specs=nano.specs -mfloat-abi=soft -mthumb -o "Core/Startup/startup_stm32g030c8tx.o" "../Core/Startup/startup_stm32g030c8tx.S"
arm-none-eabi-gcc -o "Slave_Firm.elf" @"objects.list"   -mcpu=cortex-m0plus -T"D:\KHKT-Burning-Alarm-2022\Firmware\Slave_Firm\STM32G030C8TX_FLASH.ld" --specs=nosys.specs -Wl,-Map="Slave_Firm.map" -Wl,--gc-sections -static --specs=nano.specs -mfloat-abi=soft -mthumb -Wl,--start-group -lc -lm -Wl,--end-group
Finished building target: Slave_Firm.elf
 
arm-none-eabi-size   Slave_Firm.elf 
arm-none-eabi-objdump -h -S  Slave_Firm.elf  > "Slave_Firm.list"
   text	   data	    bss	    dec	    hex	filename
  10848	     20	   1900	  12768	   31e0	Slave_Firm.elf
Finished building: default.size.stdout
 
Finished building: Slave_Firm.list
 
18:58:30 **** Incremental Build of configuration Debug for project Slave_Firm ****
make -j8 all 
arm-none-eabi-size   Slave_Firm.elf 
   text	   data	    bss	    dec	    hex	filename
  10848	     20	   1900	  12768	   31e0	Slave_Firm.elf
Finished building: default.size.stdout
 
18:58:45 **** Incremental Build of configuration Debug for project Slave_Firm ****
make -j8 all 
arm-none-eabi-size   Slave_Firm.elf 
   text	   data	    bss	    dec	    hex	filename
  10848	     20	   1900	  12768	   31e0	Slave_Firm.elf
Finished building: default.size.stdout
 
